
===========================================================================
 report_power
============================================================================
======================= nom_ss_100C_1v60 Corner ===================================

Group                    Internal    Switching      Leakage        Total
                            Power        Power        Power        Power (Watts)
------------------------------------------------------------------------
Sequential           8.680539e-04 7.665148e-04 2.175639e-06 1.636744e-03  20.4%
Combinational        5.510988e-04 7.535588e-04 4.058022e-06 1.308716e-03  16.3%
Clock                3.563638e-03 1.497204e-03 8.585263e-06 5.069428e-03  63.3%
Macro                0.000000e+00 0.000000e+00 0.000000e+00 0.000000e+00   0.0%
Pad                  0.000000e+00 0.000000e+00 0.000000e+00 0.000000e+00   0.0%
------------------------------------------------------------------------
Total                4.982789e-03 3.017280e-03 1.481895e-05 8.014889e-03 100.0%
                            62.2%        37.6%         0.2%

