
===========================================================================
 report_power
============================================================================
======================= nom_tt_025C_1v80 Corner ===================================

Group                    Internal    Switching      Leakage        Total
                            Power        Power        Power        Power (Watts)
------------------------------------------------------------------------
Sequential           1.400069e-03 4.945351e-04 1.602978e-09 1.894606e-03  27.9%
Combinational        1.704201e-03 1.328201e-03 2.597433e-09 3.032405e-03  44.6%
Clock                1.367195e-03 5.025623e-04 1.511276e-09 1.869759e-03  27.5%
Macro                0.000000e+00 0.000000e+00 0.000000e+00 0.000000e+00   0.0%
Pad                  0.000000e+00 0.000000e+00 0.000000e+00 0.000000e+00   0.0%
------------------------------------------------------------------------
Total                4.471464e-03 2.325299e-03 5.711688e-09 6.796768e-03 100.0%
                            65.8%        34.2%         0.0%
Writing metric power__internal__total: 0.004471463616937399
Writing metric power__switching__total: 0.002325299195945263
Writing metric power__leakage__total: 5.711687567355739e-9
Writing metric power__total: 0.0067967684008181095

