
===========================================================================
report_checks -unconstrained
===========================================================================
======================= min_ss_100C_1v60 Corner ===================================

Startpoint: in16 (input port clocked by clk)
Endpoint: merge781 (recovery check against falling-edge clock clk)
Path Group: asynchronous
Path Type: max

Fanout         Cap        Slew       Delay        Time   Description
---------------------------------------------------------------------------------------------
                                  0.000000    0.000000   clock clk (rise edge)
                                  0.000000    0.000000   clock network delay (propagated)
                                  1.600000    1.600000 v input external delay
     2    0.004017    0.023202    0.013040    1.613039 v in16 (in)
                                                         in16 (net)
                      0.023202    0.000000    1.613039 v input9/A (sky130_fd_sc_hd__clkbuf_2)
     5    0.039382    0.274817    0.339301    1.952340 v input9/X (sky130_fd_sc_hd__clkbuf_2)
                                                         net767 (net)
                      0.274822    0.001557    1.953898 v fanout175/A (sky130_fd_sc_hd__buf_6)
    21    0.119294    0.187306    0.437143    2.391040 v fanout175/X (sky130_fd_sc_hd__buf_6)
                                                         net933 (net)
                      0.187703    0.007113    2.398154 v c135/B (sky130_fd_sc_hd__nor2_4)
    15    0.081203    0.805659    0.699160    3.097313 ^ c135/Y (sky130_fd_sc_hd__nor2_4)
                                                         net64 (net)
                      0.805664    0.001831    3.099144 ^ c136/B (sky130_fd_sc_hd__nand2_4)
     3    0.009618    0.133289    0.274357    3.373501 v c136/Y (sky130_fd_sc_hd__nand2_4)
                                                         net65 (net)
                      0.133289    0.000075    3.373576 v c149/A (sky130_fd_sc_hd__nor4_1)
     2    0.004538    0.496113    0.579102    3.952679 ^ c149/Y (sky130_fd_sc_hd__nor4_1)
                                                         net78 (net)
                      0.496113    0.000020    3.952699 ^ max_cap170/A (sky130_fd_sc_hd__clkbuf_1)
     3    0.014022    0.274982    0.436851    4.389550 ^ max_cap170/X (sky130_fd_sc_hd__clkbuf_1)
                                                         net928 (net)
                      0.274982    0.000161    4.389711 ^ c150/B (sky130_fd_sc_hd__and3_4)
     5    0.034481    0.210294    0.591404    4.981115 ^ c150/X (sky130_fd_sc_hd__and3_4)
                                                         net79 (net)
                      0.210294    0.000161    4.981277 ^ c157/A1 (sky130_fd_sc_hd__mux4_2)
     6    0.035776    0.336818    0.770187    5.751464 ^ c157/X (sky130_fd_sc_hd__mux4_2)
                                                         net85 (net)
                      0.336818    0.000522    5.751986 ^ c165/S0 (sky130_fd_sc_hd__mux4_2)
     4    0.013802    0.212759    1.292821    7.044806 v c165/X (sky130_fd_sc_hd__mux4_2)
                                                         net93 (net)
                      0.212759    0.000236    7.045043 v c168/A2 (sky130_fd_sc_hd__o2111a_1)
     2    0.005722    0.098081    0.491343    7.536385 v c168/X (sky130_fd_sc_hd__o2111a_1)
                                                         net96 (net)
                      0.098081    0.000070    7.536455 v c169/A_N (sky130_fd_sc_hd__nand4b_4)
     2    0.004928    0.184981    0.316501    7.852956 v c169/Y (sky130_fd_sc_hd__nand4b_4)
                                                         net97 (net)
                      0.184981    0.000034    7.852990 v c170/A0 (sky130_fd_sc_hd__mux4_2)
     5    0.021905    0.251114    1.230061    9.083051 v c170/X (sky130_fd_sc_hd__mux4_2)
                                                         net98 (net)
                      0.251114    0.000354    9.083405 v c171/A2 (sky130_fd_sc_hd__mux4_2)
     6    0.018499    0.238724    1.241307   10.324713 v c171/X (sky130_fd_sc_hd__mux4_2)
                                                         net99 (net)
                      0.238724    0.000250   10.324964 v c173/A2 (sky130_fd_sc_hd__mux4_2)
     4    0.015369    0.224624    1.209549   11.534513 v c173/X (sky130_fd_sc_hd__mux4_2)
                                                         net101 (net)
                      0.224624    0.000282   11.534794 v c175/A2 (sky130_fd_sc_hd__mux4_2)
     2    0.013397    0.210767    1.185933   12.720727 v c175/X (sky130_fd_sc_hd__mux4_2)
                                                         net102 (net)
                      0.210767    0.000272   12.720999 v c181/A1 (sky130_fd_sc_hd__a2111oi_4)
     4    0.016762    0.618445    0.739584   13.460583 ^ c181/Y (sky130_fd_sc_hd__a2111oi_4)
                                                         net108 (net)
                      0.618445    0.000352   13.460934 ^ max_cap148/A (sky130_fd_sc_hd__buf_6)
     2    0.018396    0.085583    0.391299   13.852233 ^ max_cap148/X (sky130_fd_sc_hd__buf_6)
                                                         net906 (net)
                      0.085583    0.000162   13.852394 ^ c186/A2 (sky130_fd_sc_hd__o2111a_4)
     3    0.017957    0.142722    0.490801   14.343196 ^ c186/X (sky130_fd_sc_hd__o2111a_4)
                                                         net112 (net)
                      0.142722    0.000122   14.343317 ^ rebuffer6/A (sky130_fd_sc_hd__buf_6)
     5    0.023480    0.092798    0.231309   14.574626 ^ rebuffer6/X (sky130_fd_sc_hd__buf_6)
                                                         net426 (net)
                      0.092798    0.000105   14.574731 ^ c187/A (sky130_fd_sc_hd__and2_4)
     2    0.005704    0.072359    0.281941   14.856672 ^ c187/X (sky130_fd_sc_hd__and2_4)
                                                         net113 (net)
                      0.072359    0.000063   14.856735 ^ c308/B (sky130_fd_sc_hd__or4b_4)
     3    0.006712    0.066923    0.219799   15.076534 ^ c308/X (sky130_fd_sc_hd__or4b_4)
                                                         net220 (net)
                      0.066923    0.000032   15.076566 ^ c311/D_N (sky130_fd_sc_hd__or4b_4)
     2    0.008143    0.168610    0.941728   16.018295 v c311/X (sky130_fd_sc_hd__or4b_4)
                                                         net223 (net)
                      0.168610    0.000057   16.018351 v c321/S0 (sky130_fd_sc_hd__mux4_4)
     1    0.012843    0.247546    1.382308   17.400660 v c321/X (sky130_fd_sc_hd__mux4_4)
                                                         net232 (net)
                      0.247546    0.000473   17.401133 v clkbuf_0_net232/A (sky130_fd_sc_hd__clkbuf_16)
     2    0.018786    0.056433    0.342583   17.743715 v clkbuf_0_net232/X (sky130_fd_sc_hd__clkbuf_16)
                                                         clknet_0_net232 (net)
                      0.056433    0.000286   17.744001 v clkbuf_1_1__f_net232/A (sky130_fd_sc_hd__clkbuf_16)
     9    0.034364    0.070716    0.267896   18.011896 v clkbuf_1_1__f_net232/X (sky130_fd_sc_hd__clkbuf_16)
                                                         clknet_1_1__leaf_net232 (net)
                      0.070716    0.000311   18.012207 v c573/A_N (sky130_fd_sc_hd__and4bb_4)
     3    0.028926    0.223713    0.788585   18.800793 ^ c573/X (sky130_fd_sc_hd__and4bb_4)
                                                         net824 (net)
                      0.223734    0.002252   18.803045 ^ clkbuf_0_net824/A (sky130_fd_sc_hd__clkbuf_16)
     2    0.019748    0.067109    0.291829   19.094873 ^ clkbuf_0_net824/X (sky130_fd_sc_hd__clkbuf_16)
                                                         clknet_0_net824 (net)
                      0.067109    0.000279   19.095152 ^ clkbuf_1_0__f_net824/A (sky130_fd_sc_hd__clkbuf_16)
    15    0.062983    0.124590    0.273245   19.368397 ^ clkbuf_1_0__f_net824/X (sky130_fd_sc_hd__clkbuf_16)
                                                         clknet_1_0__leaf_net824 (net)
                      0.124717    0.003476   19.371874 ^ merge781/RESET_B (sky130_fd_sc_hd__sdfbbn_1)
                                             19.371874   data arrival time

                                  4.000000    4.000000   clock clk (fall edge)
                                  0.000000    4.000000   clock source latency
     2    0.040720    0.177039    0.125710    4.125710 v clk (in)
                                                         clk (net)
                      0.177059    0.000000    4.125710 v clkbuf_0_clk/A (sky130_fd_sc_hd__clkbuf_16)
    33    0.183851    0.203048    0.447181    4.572890 v clkbuf_0_clk/X (sky130_fd_sc_hd__clkbuf_16)
                                                         clknet_0_clk (net)
                      0.203186    0.004868    4.577758 v clkbuf_4_1_0_clk/A (sky130_fd_sc_hd__clkbuf_8)
    19    0.051372    0.116224    0.369967    4.947725 v clkbuf_4_1_0_clk/X (sky130_fd_sc_hd__clkbuf_8)
                                                         clknet_4_1_0_clk (net)
                      0.116224    0.000415    4.948140 v merge781/CLK_N (sky130_fd_sc_hd__sdfbbn_1)
                                 -0.250000    4.698140   clock uncertainty
                                  0.000000    4.698140   clock reconvergence pessimism
                                 -0.101669    4.596471   library recovery time
                                              4.596471   data required time
---------------------------------------------------------------------------------------------
                                              4.596471   data required time
                                            -19.371874   data arrival time
---------------------------------------------------------------------------------------------
                                            -14.775403   slack (VIOLATED)


Startpoint: in16 (input port clocked by clk)
Endpoint: s831 (positive level-sensitive latch clocked by clk)
Path Group: clk
Path Type: max

Fanout         Cap        Slew       Delay        Time   Description
---------------------------------------------------------------------------------------------
                                  0.000000    0.000000   clock clk (rise edge)
                                  0.000000    0.000000   clock network delay (propagated)
                                  1.600000    1.600000 v input external delay
     2    0.004017    0.023202    0.013040    1.613039 v in16 (in)
                                                         in16 (net)
                      0.023202    0.000000    1.613039 v input9/A (sky130_fd_sc_hd__clkbuf_2)
     5    0.039382    0.274817    0.339301    1.952340 v input9/X (sky130_fd_sc_hd__clkbuf_2)
                                                         net767 (net)
                      0.274822    0.001557    1.953898 v fanout175/A (sky130_fd_sc_hd__buf_6)
    21    0.119294    0.187306    0.437143    2.391040 v fanout175/X (sky130_fd_sc_hd__buf_6)
                                                         net933 (net)
                      0.187703    0.007113    2.398154 v c135/B (sky130_fd_sc_hd__nor2_4)
    15    0.081203    0.805659    0.699160    3.097313 ^ c135/Y (sky130_fd_sc_hd__nor2_4)
                                                         net64 (net)
                      0.805664    0.001831    3.099144 ^ c136/B (sky130_fd_sc_hd__nand2_4)
     3    0.009618    0.133289    0.274357    3.373501 v c136/Y (sky130_fd_sc_hd__nand2_4)
                                                         net65 (net)
                      0.133289    0.000075    3.373576 v c149/A (sky130_fd_sc_hd__nor4_1)
     2    0.004538    0.496113    0.579102    3.952679 ^ c149/Y (sky130_fd_sc_hd__nor4_1)
                                                         net78 (net)
                      0.496113    0.000020    3.952699 ^ max_cap170/A (sky130_fd_sc_hd__clkbuf_1)
     3    0.014022    0.274982    0.436851    4.389550 ^ max_cap170/X (sky130_fd_sc_hd__clkbuf_1)
                                                         net928 (net)
                      0.274982    0.000161    4.389711 ^ c150/B (sky130_fd_sc_hd__and3_4)
     5    0.034481    0.210294    0.591404    4.981115 ^ c150/X (sky130_fd_sc_hd__and3_4)
                                                         net79 (net)
                      0.210294    0.000161    4.981277 ^ c157/A1 (sky130_fd_sc_hd__mux4_2)
     6    0.035776    0.336818    0.770187    5.751464 ^ c157/X (sky130_fd_sc_hd__mux4_2)
                                                         net85 (net)
                      0.336818    0.000522    5.751986 ^ c165/S0 (sky130_fd_sc_hd__mux4_2)
     4    0.013802    0.212759    1.292821    7.044806 v c165/X (sky130_fd_sc_hd__mux4_2)
                                                         net93 (net)
                      0.212759    0.000236    7.045043 v c168/A2 (sky130_fd_sc_hd__o2111a_1)
     2    0.005722    0.098081    0.491343    7.536385 v c168/X (sky130_fd_sc_hd__o2111a_1)
                                                         net96 (net)
                      0.098081    0.000070    7.536455 v c169/A_N (sky130_fd_sc_hd__nand4b_4)
     2    0.004928    0.184981    0.316501    7.852956 v c169/Y (sky130_fd_sc_hd__nand4b_4)
                                                         net97 (net)
                      0.184981    0.000034    7.852990 v c170/A0 (sky130_fd_sc_hd__mux4_2)
     5    0.021905    0.251114    1.230061    9.083051 v c170/X (sky130_fd_sc_hd__mux4_2)
                                                         net98 (net)
                      0.251114    0.000354    9.083405 v c171/A2 (sky130_fd_sc_hd__mux4_2)
     6    0.018499    0.238724    1.241307   10.324713 v c171/X (sky130_fd_sc_hd__mux4_2)
                                                         net99 (net)
                      0.238724    0.000250   10.324964 v c173/A2 (sky130_fd_sc_hd__mux4_2)
     4    0.015369    0.224624    1.209549   11.534513 v c173/X (sky130_fd_sc_hd__mux4_2)
                                                         net101 (net)
                      0.224624    0.000282   11.534794 v c175/A2 (sky130_fd_sc_hd__mux4_2)
     2    0.013397    0.210767    1.185933   12.720727 v c175/X (sky130_fd_sc_hd__mux4_2)
                                                         net102 (net)
                      0.210767    0.000272   12.720999 v c181/A1 (sky130_fd_sc_hd__a2111oi_4)
     4    0.016762    0.618445    0.739584   13.460583 ^ c181/Y (sky130_fd_sc_hd__a2111oi_4)
                                                         net108 (net)
                      0.618445    0.000352   13.460934 ^ max_cap148/A (sky130_fd_sc_hd__buf_6)
     2    0.018396    0.085583    0.391299   13.852233 ^ max_cap148/X (sky130_fd_sc_hd__buf_6)
                                                         net906 (net)
                      0.085583    0.000162   13.852394 ^ c186/A2 (sky130_fd_sc_hd__o2111a_4)
     3    0.017957    0.142722    0.490801   14.343196 ^ c186/X (sky130_fd_sc_hd__o2111a_4)
                                                         net112 (net)
                      0.142722    0.000122   14.343317 ^ rebuffer6/A (sky130_fd_sc_hd__buf_6)
     5    0.023480    0.092798    0.231309   14.574626 ^ rebuffer6/X (sky130_fd_sc_hd__buf_6)
                                                         net426 (net)
                      0.092798    0.000193   14.574820 ^ c188/C1 (sky130_fd_sc_hd__o2111ai_4)
     2    0.013225    0.248215    0.291164   14.865984 v c188/Y (sky130_fd_sc_hd__o2111ai_4)
                                                         net114 (net)
                      0.248215    0.000164   14.866148 v c203/C (sky130_fd_sc_hd__and3_4)
    19    0.075319    0.199356    0.558991   15.425138 v c203/X (sky130_fd_sc_hd__and3_4)
                                                         net128 (net)
                      0.199356    0.000870   15.426009 v c223/C (sky130_fd_sc_hd__nor3_2)
     5    0.027010    0.770654    0.656415   16.082424 ^ c223/Y (sky130_fd_sc_hd__nor3_2)
                                                         net146 (net)
                      0.770656    0.001080   16.083506 ^ c224/B (sky130_fd_sc_hd__nand2b_2)
     9    0.031841    0.313383    0.493854   16.577358 v c224/Y (sky130_fd_sc_hd__nand2b_2)
                                                         net147 (net)
                      0.313385    0.001478   16.578836 v c392/S0 (sky130_fd_sc_hd__mux4_4)
     1    0.013688    0.251030    1.455140   18.033978 v c392/X (sky130_fd_sc_hd__mux4_4)
                                                         net827 (net)
                      0.251030    0.000444   18.034420 v clkbuf_0_net827/A (sky130_fd_sc_hd__clkbuf_16)
     2    0.017107    0.055199    0.342270   18.376692 v clkbuf_0_net827/X (sky130_fd_sc_hd__clkbuf_16)
                                                         clknet_0_net827 (net)
                      0.055199    0.000210   18.376900 v clkbuf_1_1__f_net827/A (sky130_fd_sc_hd__clkbuf_16)
     2    0.011457    0.049774    0.240036   18.616936 v clkbuf_1_1__f_net827/X (sky130_fd_sc_hd__clkbuf_16)
                                                         clknet_1_1__leaf_net827 (net)
                      0.049774    0.000133   18.617069 v c394/A1 (sky130_fd_sc_hd__mux4_4)
     1    0.002044    0.202060    1.285521   19.902590 v c394/X (sky130_fd_sc_hd__mux4_4)
                                                         net289 (net)
                      0.202060    0.000020   19.902611 v s831/D (sky130_fd_sc_hd__lpflow_inputisolatch_1)
                                             19.902611   data arrival time

                                  0.000000    0.000000   clock clk (rise edge)
                                  0.000000    0.000000   clock source latency
     2    0.041658    0.301440    0.209853    0.209853 ^ clk (in)
                                                         clk (net)
                      0.301453    0.000000    0.209853 ^ clkbuf_0_clk/A (sky130_fd_sc_hd__clkbuf_16)
    33    0.191631    0.302828    0.515382    0.725236 ^ clkbuf_0_clk/X (sky130_fd_sc_hd__clkbuf_16)
                                                         clknet_0_clk (net)
                      0.302869    0.003673    0.728909 ^ clkbuf_4_11_0_clk/A (sky130_fd_sc_hd__clkbuf_8)
    12    0.041922    0.135661    0.385265    1.114175 ^ clkbuf_4_11_0_clk/X (sky130_fd_sc_hd__clkbuf_8)
                                                         clknet_4_11_0_clk (net)
                      0.135662    0.000712    1.114887 ^ s831/SLEEP_B (sky130_fd_sc_hd__lpflow_inputisolatch_1)
                                 -0.250000    0.864887   clock uncertainty
                                  0.000000    0.864887   clock reconvergence pessimism
                                  3.109140    3.974026   time borrowed from endpoint
                                              3.974026   data required time
---------------------------------------------------------------------------------------------
                                              3.974026   data required time
                                            -19.902611   data arrival time
---------------------------------------------------------------------------------------------
                                            -15.928583   slack (VIOLATED)

Time Borrowing Information
------------------------------------------------
clk nominal pulse width                 4.000000
clock latency difference               -0.183172
library setup time                     -0.707689
------------------------------------------------
max time borrow                         3.109140
------------------------------------------------
actual time borrow                      3.109140
open edge uncertainty                  -0.250000
------------------------------------------------
time given to startpoint                2.859140
------------------------------------------------




===========================================================================
report_checks --slack_max -0.01
============================================================================
======================= min_ss_100C_1v60 Corner ===================================

Startpoint: in16 (input port clocked by clk)
Endpoint: merge781 (recovery check against falling-edge clock clk)
Path Group: asynchronous
Path Type: max

Fanout         Cap        Slew       Delay        Time   Description
---------------------------------------------------------------------------------------------
                                  0.000000    0.000000   clock clk (rise edge)
                                  0.000000    0.000000   clock network delay (propagated)
                                  1.600000    1.600000 v input external delay
     2    0.004017    0.023202    0.013040    1.613039 v in16 (in)
                                                         in16 (net)
                      0.023202    0.000000    1.613039 v input9/A (sky130_fd_sc_hd__clkbuf_2)
     5    0.039382    0.274817    0.339301    1.952340 v input9/X (sky130_fd_sc_hd__clkbuf_2)
                                                         net767 (net)
                      0.274822    0.001557    1.953898 v fanout175/A (sky130_fd_sc_hd__buf_6)
    21    0.119294    0.187306    0.437143    2.391040 v fanout175/X (sky130_fd_sc_hd__buf_6)
                                                         net933 (net)
                      0.187703    0.007113    2.398154 v c135/B (sky130_fd_sc_hd__nor2_4)
    15    0.081203    0.805659    0.699160    3.097313 ^ c135/Y (sky130_fd_sc_hd__nor2_4)
                                                         net64 (net)
                      0.805664    0.001831    3.099144 ^ c136/B (sky130_fd_sc_hd__nand2_4)
     3    0.009618    0.133289    0.274357    3.373501 v c136/Y (sky130_fd_sc_hd__nand2_4)
                                                         net65 (net)
                      0.133289    0.000075    3.373576 v c149/A (sky130_fd_sc_hd__nor4_1)
     2    0.004538    0.496113    0.579102    3.952679 ^ c149/Y (sky130_fd_sc_hd__nor4_1)
                                                         net78 (net)
                      0.496113    0.000020    3.952699 ^ max_cap170/A (sky130_fd_sc_hd__clkbuf_1)
     3    0.014022    0.274982    0.436851    4.389550 ^ max_cap170/X (sky130_fd_sc_hd__clkbuf_1)
                                                         net928 (net)
                      0.274982    0.000161    4.389711 ^ c150/B (sky130_fd_sc_hd__and3_4)
     5    0.034481    0.210294    0.591404    4.981115 ^ c150/X (sky130_fd_sc_hd__and3_4)
                                                         net79 (net)
                      0.210294    0.000161    4.981277 ^ c157/A1 (sky130_fd_sc_hd__mux4_2)
     6    0.035776    0.336818    0.770187    5.751464 ^ c157/X (sky130_fd_sc_hd__mux4_2)
                                                         net85 (net)
                      0.336818    0.000522    5.751986 ^ c165/S0 (sky130_fd_sc_hd__mux4_2)
     4    0.013802    0.212759    1.292821    7.044806 v c165/X (sky130_fd_sc_hd__mux4_2)
                                                         net93 (net)
                      0.212759    0.000236    7.045043 v c168/A2 (sky130_fd_sc_hd__o2111a_1)
     2    0.005722    0.098081    0.491343    7.536385 v c168/X (sky130_fd_sc_hd__o2111a_1)
                                                         net96 (net)
                      0.098081    0.000070    7.536455 v c169/A_N (sky130_fd_sc_hd__nand4b_4)
     2    0.004928    0.184981    0.316501    7.852956 v c169/Y (sky130_fd_sc_hd__nand4b_4)
                                                         net97 (net)
                      0.184981    0.000034    7.852990 v c170/A0 (sky130_fd_sc_hd__mux4_2)
     5    0.021905    0.251114    1.230061    9.083051 v c170/X (sky130_fd_sc_hd__mux4_2)
                                                         net98 (net)
                      0.251114    0.000354    9.083405 v c171/A2 (sky130_fd_sc_hd__mux4_2)
     6    0.018499    0.238724    1.241307   10.324713 v c171/X (sky130_fd_sc_hd__mux4_2)
                                                         net99 (net)
                      0.238724    0.000250   10.324964 v c173/A2 (sky130_fd_sc_hd__mux4_2)
     4    0.015369    0.224624    1.209549   11.534513 v c173/X (sky130_fd_sc_hd__mux4_2)
                                                         net101 (net)
                      0.224624    0.000282   11.534794 v c175/A2 (sky130_fd_sc_hd__mux4_2)
     2    0.013397    0.210767    1.185933   12.720727 v c175/X (sky130_fd_sc_hd__mux4_2)
                                                         net102 (net)
                      0.210767    0.000272   12.720999 v c181/A1 (sky130_fd_sc_hd__a2111oi_4)
     4    0.016762    0.618445    0.739584   13.460583 ^ c181/Y (sky130_fd_sc_hd__a2111oi_4)
                                                         net108 (net)
                      0.618445    0.000352   13.460934 ^ max_cap148/A (sky130_fd_sc_hd__buf_6)
     2    0.018396    0.085583    0.391299   13.852233 ^ max_cap148/X (sky130_fd_sc_hd__buf_6)
                                                         net906 (net)
                      0.085583    0.000162   13.852394 ^ c186/A2 (sky130_fd_sc_hd__o2111a_4)
     3    0.017957    0.142722    0.490801   14.343196 ^ c186/X (sky130_fd_sc_hd__o2111a_4)
                                                         net112 (net)
                      0.142722    0.000122   14.343317 ^ rebuffer6/A (sky130_fd_sc_hd__buf_6)
     5    0.023480    0.092798    0.231309   14.574626 ^ rebuffer6/X (sky130_fd_sc_hd__buf_6)
                                                         net426 (net)
                      0.092798    0.000105   14.574731 ^ c187/A (sky130_fd_sc_hd__and2_4)
     2    0.005704    0.072359    0.281941   14.856672 ^ c187/X (sky130_fd_sc_hd__and2_4)
                                                         net113 (net)
                      0.072359    0.000063   14.856735 ^ c308/B (sky130_fd_sc_hd__or4b_4)
     3    0.006712    0.066923    0.219799   15.076534 ^ c308/X (sky130_fd_sc_hd__or4b_4)
                                                         net220 (net)
                      0.066923    0.000032   15.076566 ^ c311/D_N (sky130_fd_sc_hd__or4b_4)
     2    0.008143    0.168610    0.941728   16.018295 v c311/X (sky130_fd_sc_hd__or4b_4)
                                                         net223 (net)
                      0.168610    0.000057   16.018351 v c321/S0 (sky130_fd_sc_hd__mux4_4)
     1    0.012843    0.247546    1.382308   17.400660 v c321/X (sky130_fd_sc_hd__mux4_4)
                                                         net232 (net)
                      0.247546    0.000473   17.401133 v clkbuf_0_net232/A (sky130_fd_sc_hd__clkbuf_16)
     2    0.018786    0.056433    0.342583   17.743715 v clkbuf_0_net232/X (sky130_fd_sc_hd__clkbuf_16)
                                                         clknet_0_net232 (net)
                      0.056433    0.000286   17.744001 v clkbuf_1_1__f_net232/A (sky130_fd_sc_hd__clkbuf_16)
     9    0.034364    0.070716    0.267896   18.011896 v clkbuf_1_1__f_net232/X (sky130_fd_sc_hd__clkbuf_16)
                                                         clknet_1_1__leaf_net232 (net)
                      0.070716    0.000311   18.012207 v c573/A_N (sky130_fd_sc_hd__and4bb_4)
     3    0.028926    0.223713    0.788585   18.800793 ^ c573/X (sky130_fd_sc_hd__and4bb_4)
                                                         net824 (net)
                      0.223734    0.002252   18.803045 ^ clkbuf_0_net824/A (sky130_fd_sc_hd__clkbuf_16)
     2    0.019748    0.067109    0.291829   19.094873 ^ clkbuf_0_net824/X (sky130_fd_sc_hd__clkbuf_16)
                                                         clknet_0_net824 (net)
                      0.067109    0.000279   19.095152 ^ clkbuf_1_0__f_net824/A (sky130_fd_sc_hd__clkbuf_16)
    15    0.062983    0.124590    0.273245   19.368397 ^ clkbuf_1_0__f_net824/X (sky130_fd_sc_hd__clkbuf_16)
                                                         clknet_1_0__leaf_net824 (net)
                      0.124717    0.003476   19.371874 ^ merge781/RESET_B (sky130_fd_sc_hd__sdfbbn_1)
                                             19.371874   data arrival time

                                  4.000000    4.000000   clock clk (fall edge)
                                  0.000000    4.000000   clock source latency
     2    0.040720    0.177039    0.125710    4.125710 v clk (in)
                                                         clk (net)
                      0.177059    0.000000    4.125710 v clkbuf_0_clk/A (sky130_fd_sc_hd__clkbuf_16)
    33    0.183851    0.203048    0.447181    4.572890 v clkbuf_0_clk/X (sky130_fd_sc_hd__clkbuf_16)
                                                         clknet_0_clk (net)
                      0.203186    0.004868    4.577758 v clkbuf_4_1_0_clk/A (sky130_fd_sc_hd__clkbuf_8)
    19    0.051372    0.116224    0.369967    4.947725 v clkbuf_4_1_0_clk/X (sky130_fd_sc_hd__clkbuf_8)
                                                         clknet_4_1_0_clk (net)
                      0.116224    0.000415    4.948140 v merge781/CLK_N (sky130_fd_sc_hd__sdfbbn_1)
                                 -0.250000    4.698140   clock uncertainty
                                  0.000000    4.698140   clock reconvergence pessimism
                                 -0.101669    4.596471   library recovery time
                                              4.596471   data required time
---------------------------------------------------------------------------------------------
                                              4.596471   data required time
                                            -19.371874   data arrival time
---------------------------------------------------------------------------------------------
                                            -14.775403   slack (VIOLATED)


Startpoint: in16 (input port clocked by clk)
Endpoint: s831 (positive level-sensitive latch clocked by clk)
Path Group: clk
Path Type: max

Fanout         Cap        Slew       Delay        Time   Description
---------------------------------------------------------------------------------------------
                                  0.000000    0.000000   clock clk (rise edge)
                                  0.000000    0.000000   clock network delay (propagated)
                                  1.600000    1.600000 v input external delay
     2    0.004017    0.023202    0.013040    1.613039 v in16 (in)
                                                         in16 (net)
                      0.023202    0.000000    1.613039 v input9/A (sky130_fd_sc_hd__clkbuf_2)
     5    0.039382    0.274817    0.339301    1.952340 v input9/X (sky130_fd_sc_hd__clkbuf_2)
                                                         net767 (net)
                      0.274822    0.001557    1.953898 v fanout175/A (sky130_fd_sc_hd__buf_6)
    21    0.119294    0.187306    0.437143    2.391040 v fanout175/X (sky130_fd_sc_hd__buf_6)
                                                         net933 (net)
                      0.187703    0.007113    2.398154 v c135/B (sky130_fd_sc_hd__nor2_4)
    15    0.081203    0.805659    0.699160    3.097313 ^ c135/Y (sky130_fd_sc_hd__nor2_4)
                                                         net64 (net)
                      0.805664    0.001831    3.099144 ^ c136/B (sky130_fd_sc_hd__nand2_4)
     3    0.009618    0.133289    0.274357    3.373501 v c136/Y (sky130_fd_sc_hd__nand2_4)
                                                         net65 (net)
                      0.133289    0.000075    3.373576 v c149/A (sky130_fd_sc_hd__nor4_1)
     2    0.004538    0.496113    0.579102    3.952679 ^ c149/Y (sky130_fd_sc_hd__nor4_1)
                                                         net78 (net)
                      0.496113    0.000020    3.952699 ^ max_cap170/A (sky130_fd_sc_hd__clkbuf_1)
     3    0.014022    0.274982    0.436851    4.389550 ^ max_cap170/X (sky130_fd_sc_hd__clkbuf_1)
                                                         net928 (net)
                      0.274982    0.000161    4.389711 ^ c150/B (sky130_fd_sc_hd__and3_4)
     5    0.034481    0.210294    0.591404    4.981115 ^ c150/X (sky130_fd_sc_hd__and3_4)
                                                         net79 (net)
                      0.210294    0.000161    4.981277 ^ c157/A1 (sky130_fd_sc_hd__mux4_2)
     6    0.035776    0.336818    0.770187    5.751464 ^ c157/X (sky130_fd_sc_hd__mux4_2)
                                                         net85 (net)
                      0.336818    0.000522    5.751986 ^ c165/S0 (sky130_fd_sc_hd__mux4_2)
     4    0.013802    0.212759    1.292821    7.044806 v c165/X (sky130_fd_sc_hd__mux4_2)
                                                         net93 (net)
                      0.212759    0.000236    7.045043 v c168/A2 (sky130_fd_sc_hd__o2111a_1)
     2    0.005722    0.098081    0.491343    7.536385 v c168/X (sky130_fd_sc_hd__o2111a_1)
                                                         net96 (net)
                      0.098081    0.000070    7.536455 v c169/A_N (sky130_fd_sc_hd__nand4b_4)
     2    0.004928    0.184981    0.316501    7.852956 v c169/Y (sky130_fd_sc_hd__nand4b_4)
                                                         net97 (net)
                      0.184981    0.000034    7.852990 v c170/A0 (sky130_fd_sc_hd__mux4_2)
     5    0.021905    0.251114    1.230061    9.083051 v c170/X (sky130_fd_sc_hd__mux4_2)
                                                         net98 (net)
                      0.251114    0.000354    9.083405 v c171/A2 (sky130_fd_sc_hd__mux4_2)
     6    0.018499    0.238724    1.241307   10.324713 v c171/X (sky130_fd_sc_hd__mux4_2)
                                                         net99 (net)
                      0.238724    0.000250   10.324964 v c173/A2 (sky130_fd_sc_hd__mux4_2)
     4    0.015369    0.224624    1.209549   11.534513 v c173/X (sky130_fd_sc_hd__mux4_2)
                                                         net101 (net)
                      0.224624    0.000282   11.534794 v c175/A2 (sky130_fd_sc_hd__mux4_2)
     2    0.013397    0.210767    1.185933   12.720727 v c175/X (sky130_fd_sc_hd__mux4_2)
                                                         net102 (net)
                      0.210767    0.000272   12.720999 v c181/A1 (sky130_fd_sc_hd__a2111oi_4)
     4    0.016762    0.618445    0.739584   13.460583 ^ c181/Y (sky130_fd_sc_hd__a2111oi_4)
                                                         net108 (net)
                      0.618445    0.000352   13.460934 ^ max_cap148/A (sky130_fd_sc_hd__buf_6)
     2    0.018396    0.085583    0.391299   13.852233 ^ max_cap148/X (sky130_fd_sc_hd__buf_6)
                                                         net906 (net)
                      0.085583    0.000162   13.852394 ^ c186/A2 (sky130_fd_sc_hd__o2111a_4)
     3    0.017957    0.142722    0.490801   14.343196 ^ c186/X (sky130_fd_sc_hd__o2111a_4)
                                                         net112 (net)
                      0.142722    0.000122   14.343317 ^ rebuffer6/A (sky130_fd_sc_hd__buf_6)
     5    0.023480    0.092798    0.231309   14.574626 ^ rebuffer6/X (sky130_fd_sc_hd__buf_6)
                                                         net426 (net)
                      0.092798    0.000193   14.574820 ^ c188/C1 (sky130_fd_sc_hd__o2111ai_4)
     2    0.013225    0.248215    0.291164   14.865984 v c188/Y (sky130_fd_sc_hd__o2111ai_4)
                                                         net114 (net)
                      0.248215    0.000164   14.866148 v c203/C (sky130_fd_sc_hd__and3_4)
    19    0.075319    0.199356    0.558991   15.425138 v c203/X (sky130_fd_sc_hd__and3_4)
                                                         net128 (net)
                      0.199356    0.000870   15.426009 v c223/C (sky130_fd_sc_hd__nor3_2)
     5    0.027010    0.770654    0.656415   16.082424 ^ c223/Y (sky130_fd_sc_hd__nor3_2)
                                                         net146 (net)
                      0.770656    0.001080   16.083506 ^ c224/B (sky130_fd_sc_hd__nand2b_2)
     9    0.031841    0.313383    0.493854   16.577358 v c224/Y (sky130_fd_sc_hd__nand2b_2)
                                                         net147 (net)
                      0.313385    0.001478   16.578836 v c392/S0 (sky130_fd_sc_hd__mux4_4)
     1    0.013688    0.251030    1.455140   18.033978 v c392/X (sky130_fd_sc_hd__mux4_4)
                                                         net827 (net)
                      0.251030    0.000444   18.034420 v clkbuf_0_net827/A (sky130_fd_sc_hd__clkbuf_16)
     2    0.017107    0.055199    0.342270   18.376692 v clkbuf_0_net827/X (sky130_fd_sc_hd__clkbuf_16)
                                                         clknet_0_net827 (net)
                      0.055199    0.000210   18.376900 v clkbuf_1_1__f_net827/A (sky130_fd_sc_hd__clkbuf_16)
     2    0.011457    0.049774    0.240036   18.616936 v clkbuf_1_1__f_net827/X (sky130_fd_sc_hd__clkbuf_16)
                                                         clknet_1_1__leaf_net827 (net)
                      0.049774    0.000133   18.617069 v c394/A1 (sky130_fd_sc_hd__mux4_4)
     1    0.002044    0.202060    1.285521   19.902590 v c394/X (sky130_fd_sc_hd__mux4_4)
                                                         net289 (net)
                      0.202060    0.000020   19.902611 v s831/D (sky130_fd_sc_hd__lpflow_inputisolatch_1)
                                             19.902611   data arrival time

                                  0.000000    0.000000   clock clk (rise edge)
                                  0.000000    0.000000   clock source latency
     2    0.041658    0.301440    0.209853    0.209853 ^ clk (in)
                                                         clk (net)
                      0.301453    0.000000    0.209853 ^ clkbuf_0_clk/A (sky130_fd_sc_hd__clkbuf_16)
    33    0.191631    0.302828    0.515382    0.725236 ^ clkbuf_0_clk/X (sky130_fd_sc_hd__clkbuf_16)
                                                         clknet_0_clk (net)
                      0.302869    0.003673    0.728909 ^ clkbuf_4_11_0_clk/A (sky130_fd_sc_hd__clkbuf_8)
    12    0.041922    0.135661    0.385265    1.114175 ^ clkbuf_4_11_0_clk/X (sky130_fd_sc_hd__clkbuf_8)
                                                         clknet_4_11_0_clk (net)
                      0.135662    0.000712    1.114887 ^ s831/SLEEP_B (sky130_fd_sc_hd__lpflow_inputisolatch_1)
                                 -0.250000    0.864887   clock uncertainty
                                  0.000000    0.864887   clock reconvergence pessimism
                                  3.109140    3.974026   time borrowed from endpoint
                                              3.974026   data required time
---------------------------------------------------------------------------------------------
                                              3.974026   data required time
                                            -19.902611   data arrival time
---------------------------------------------------------------------------------------------
                                            -15.928583   slack (VIOLATED)

Time Borrowing Information
------------------------------------------------
clk nominal pulse width                 4.000000
clock latency difference               -0.183172
library setup time                     -0.707689
------------------------------------------------
max time borrow                         3.109140
------------------------------------------------
actual time borrow                      3.109140
open edge uncertainty                  -0.250000
------------------------------------------------
time given to startpoint                2.859140
------------------------------------------------




===========================================================================
 report_check_types -max_slew -max_cap -max_fanout -violators
============================================================================
======================= min_ss_100C_1v60 Corner ===================================

max slew

Pin                                        Limit        Slew       Slack
------------------------------------------------------------------------
c621/Y                                  0.750000    1.958906   -1.208906 (VIOLATED)
clkbuf_0_net492/A                       0.750000    1.958906   -1.208906 (VIOLATED)
c742/Y                                  0.750000    1.372679   -0.622679 (VIOLATED)
clkbuf_0_net596/A                       0.750000    1.372679   -0.622679 (VIOLATED)
c713/Y                                  0.750000    0.984111   -0.234111 (VIOLATED)
clkbuf_0_net562/A                       0.750000    0.984111   -0.234111 (VIOLATED)
ANTENNA_c752_A1/DIODE                   0.750000    0.978805   -0.228805 (VIOLATED)
c752/A1                                 0.750000    0.978805   -0.228805 (VIOLATED)
c748/S0                                 0.750000    0.978804   -0.228804 (VIOLATED)
ANTENNA_c748_S0/DIODE                   0.750000    0.978802   -0.228802 (VIOLATED)
c726/S0                                 0.750000    0.978800   -0.228800 (VIOLATED)
ANTENNA_c726_S0/DIODE                   0.750000    0.978799   -0.228799 (VIOLATED)
ANTENNA_c479_SCE/DIODE                  0.750000    0.978773   -0.228773 (VIOLATED)
c479/SCE                                0.750000    0.978772   -0.228772 (VIOLATED)
ANTENNA_c174_X/DIODE                    0.750000    0.978768   -0.228768 (VIOLATED)
ANTENNA_c213_B1/DIODE                   0.750000    0.978768   -0.228768 (VIOLATED)
ANTENNA_c247_B/DIODE                    0.750000    0.978768   -0.228768 (VIOLATED)
ANTENNA_c319_S0/DIODE                   0.750000    0.978768   -0.228768 (VIOLATED)
ANTENNA_c698_B_N/DIODE                  0.750000    0.978768   -0.228768 (VIOLATED)
ANTENNA_output71_A/DIODE                0.750000    0.978768   -0.228768 (VIOLATED)
c174/X                                  0.750000    0.978768   -0.228768 (VIOLATED)
c213/B1                                 0.750000    0.978768   -0.228768 (VIOLATED)
c247/B                                  0.750000    0.978768   -0.228768 (VIOLATED)
c319/S0                                 0.750000    0.978768   -0.228768 (VIOLATED)
c698/B_N                                0.750000    0.978768   -0.228768 (VIOLATED)
output71/A                              0.750000    0.978768   -0.228768 (VIOLATED)
c760/A1                                 0.750000    0.913803   -0.163803 (VIOLATED)
ANTENNA_c760_A1/DIODE                   0.750000    0.913803   -0.163803 (VIOLATED)
c617/A3                                 0.750000    0.913787   -0.163787 (VIOLATED)
ANTENNA_c617_A3/DIODE                   0.750000    0.913786   -0.163786 (VIOLATED)
ANTENNA_rebuffer28_A/DIODE              0.750000    0.913782   -0.163782 (VIOLATED)
rebuffer28/A                            0.750000    0.913782   -0.163782 (VIOLATED)
ANTENNA_rebuffer27_A/DIODE              0.750000    0.913777   -0.163777 (VIOLATED)
rebuffer27/A                            0.750000    0.913777   -0.163777 (VIOLATED)
ANTENNA_c454_B_N/DIODE                  0.750000    0.913771   -0.163771 (VIOLATED)
c454/B_N                                0.750000    0.913768   -0.163768 (VIOLATED)
rebuffer25/A                            0.750000    0.913762   -0.163762 (VIOLATED)
ANTENNA_rebuffer25_A/DIODE              0.750000    0.913761   -0.163761 (VIOLATED)
c482/S0                                 0.750000    0.913743   -0.163743 (VIOLATED)
ANTENNA_c482_S0/DIODE                   0.750000    0.913741   -0.163741 (VIOLATED)
ANTENNA_rebuffer24_X/DIODE              0.750000    0.913682   -0.163682 (VIOLATED)
rebuffer24/X                            0.750000    0.913682   -0.163682 (VIOLATED)
ANTENNA_output119_A/DIODE               0.750000    0.904880   -0.154880 (VIOLATED)
output119/A                             0.750000    0.904880   -0.154880 (VIOLATED)
c623/S1                                 0.750000    0.904877   -0.154877 (VIOLATED)
ANTENNA_c623_S1/DIODE                   0.750000    0.904877   -0.154877 (VIOLATED)
ANTENNA_c504_S0/DIODE                   0.750000    0.904875   -0.154875 (VIOLATED)
c504/S0                                 0.750000    0.904875   -0.154875 (VIOLATED)
c368/SCE                                0.750000    0.904873   -0.154873 (VIOLATED)
ANTENNA_c368_SCE/DIODE                  0.750000    0.904870   -0.154870 (VIOLATED)
ANTENNA_c332_C/DIODE                    0.750000    0.904860   -0.154860 (VIOLATED)
ANTENNA_c339_C/DIODE                    0.750000    0.904860   -0.154860 (VIOLATED)
ANTENNA_s826_Q/DIODE                    0.750000    0.904860   -0.154860 (VIOLATED)
c332/C                                  0.750000    0.904860   -0.154860 (VIOLATED)
c339/C                                  0.750000    0.904860   -0.154860 (VIOLATED)
s826/Q                                  0.750000    0.904860   -0.154860 (VIOLATED)
ANTENNA_c750_A3/DIODE                   0.750000    0.888769   -0.138769 (VIOLATED)
c750/A3                                 0.750000    0.888769   -0.138769 (VIOLATED)
ANTENNA_c731_B1/DIODE                   0.750000    0.888767   -0.138767 (VIOLATED)
c731/B1                                 0.750000    0.888767   -0.138767 (VIOLATED)
ANTENNA_c705_C/DIODE                    0.750000    0.888764   -0.138764 (VIOLATED)
ANTENNA_c729_A2/DIODE                   0.750000    0.888764   -0.138764 (VIOLATED)
c705/C                                  0.750000    0.888764   -0.138764 (VIOLATED)
c729/A2                                 0.750000    0.888764   -0.138764 (VIOLATED)
c714/SCE                                0.750000    0.888763   -0.138763 (VIOLATED)
ANTENNA_c714_SCE/DIODE                  0.750000    0.888763   -0.138763 (VIOLATED)
ANTENNA_c452_Q_N/DIODE                  0.750000    0.888762   -0.138762 (VIOLATED)
ANTENNA_c579_D1/DIODE                   0.750000    0.888762   -0.138762 (VIOLATED)
c452/Q_N                                0.750000    0.888762   -0.138762 (VIOLATED)
c579/D1                                 0.750000    0.888762   -0.138762 (VIOLATED)
ANTENNA_c635_A3/DIODE                   0.750000    0.867673   -0.117673 (VIOLATED)
c635/A3                                 0.750000    0.867673   -0.117673 (VIOLATED)
c619/A0                                 0.750000    0.867672   -0.117672 (VIOLATED)
ANTENNA_c619_A0/DIODE                   0.750000    0.867671   -0.117671 (VIOLATED)
ANTENNA_c491_SET_B/DIODE                0.750000    0.867670   -0.117670 (VIOLATED)
c491/SET_B                              0.750000    0.867670   -0.117670 (VIOLATED)
c485/B1                                 0.750000    0.867668   -0.117668 (VIOLATED)
ANTENNA_c485_B1/DIODE                   0.750000    0.867668   -0.117668 (VIOLATED)
ANTENNA_c347_Y/DIODE                    0.750000    0.867667   -0.117667 (VIOLATED)
c347/Y                                  0.750000    0.867667   -0.117667 (VIOLATED)
ANTENNA_c246_A/DIODE                    0.750000    0.860617   -0.110617 (VIOLATED)
c246/A                                  0.750000    0.860617   -0.110617 (VIOLATED)
c253/SCD                                0.750000    0.860617   -0.110617 (VIOLATED)
ANTENNA_c253_SCD/DIODE                  0.750000    0.860616   -0.110616 (VIOLATED)
c242/C                                  0.750000    0.860616   -0.110616 (VIOLATED)
ANTENNA_c242_C/DIODE                    0.750000    0.860615   -0.110615 (VIOLATED)
c247/C                                  0.750000    0.860613   -0.110613 (VIOLATED)
ANTENNA_c247_C/DIODE                    0.750000    0.860612   -0.110612 (VIOLATED)
c227/B                                  0.750000    0.860605   -0.110605 (VIOLATED)
ANTENNA_c227_B/DIODE                    0.750000    0.860605   -0.110605 (VIOLATED)
c231/B                                  0.750000    0.860601   -0.110601 (VIOLATED)
ANTENNA_c231_B/DIODE                    0.750000    0.860600   -0.110600 (VIOLATED)
c226/B                                  0.750000    0.860598   -0.110598 (VIOLATED)
ANTENNA_c226_B/DIODE                    0.750000    0.860598   -0.110598 (VIOLATED)
ANTENNA_c225_Y/DIODE                    0.750000    0.860594   -0.110594 (VIOLATED)
c225/Y                                  0.750000    0.860594   -0.110594 (VIOLATED)
ANTENNA_c587_Y/DIODE                    0.750000    0.844326   -0.094326 (VIOLATED)
ANTENNA_clkbuf_0_net843_A/DIODE         0.750000    0.844326   -0.094326 (VIOLATED)
c587/Y                                  0.750000    0.844326   -0.094326 (VIOLATED)
clkbuf_0_net843/A                       0.750000    0.844326   -0.094326 (VIOLATED)
ANTENNA_c760_A0/DIODE                   0.750000    0.817415   -0.067415 (VIOLATED)
c760/A0                                 0.750000    0.817415   -0.067416 (VIOLATED)
c750/A0                                 0.750000    0.817415   -0.067415 (VIOLATED)
ANTENNA_c750_A0/DIODE                   0.750000    0.817413   -0.067413 (VIOLATED)
c748/A3                                 0.750000    0.817410   -0.067410 (VIOLATED)
c749/A3                                 0.750000    0.817409   -0.067409 (VIOLATED)
ANTENNA_c748_A3/DIODE                   0.750000    0.817409   -0.067409 (VIOLATED)
ANTENNA_c749_A3/DIODE                   0.750000    0.817408   -0.067408 (VIOLATED)
ANTENNA_c685_Y/DIODE                    0.750000    0.817390   -0.067390 (VIOLATED)
ANTENNA_c693_A2/DIODE                   0.750000    0.817390   -0.067390 (VIOLATED)
c685/Y                                  0.750000    0.817390   -0.067390 (VIOLATED)
c693/A2                                 0.750000    0.817390   -0.067390 (VIOLATED)
c100/Y                                  0.750000    0.808510   -0.058510 (VIOLATED)
c103/C1                                 0.750000    0.808510   -0.058510 (VIOLATED)
c234/A1                                 0.750000    0.808510   -0.058510 (VIOLATED)
max_cap155/A                            0.750000    0.808510   -0.058510 (VIOLATED)
c452/D                                  0.750000    0.805679   -0.055679 (VIOLATED)
ANTENNA_c452_D/DIODE                    0.750000    0.805679   -0.055679 (VIOLATED)
merge781/SET_B                          0.750000    0.805678   -0.055678 (VIOLATED)
ANTENNA_merge781_SET_B/DIODE            0.750000    0.805677   -0.055677 (VIOLATED)
ANTENNA_c542_S1/DIODE                   0.750000    0.805668   -0.055668 (VIOLATED)
c542/S1                                 0.750000    0.805668   -0.055668 (VIOLATED)
ANTENNA_c136_B/DIODE                    0.750000    0.805664   -0.055664 (VIOLATED)
c136/B                                  0.750000    0.805664   -0.055664 (VIOLATED)
c141/B_N                                0.750000    0.805663   -0.055663 (VIOLATED)
ANTENNA_c141_B_N/DIODE                  0.750000    0.805662   -0.055662 (VIOLATED)
c269/D1                                 0.750000    0.805661   -0.055661 (VIOLATED)
ANTENNA_c269_D1/DIODE                   0.750000    0.805661   -0.055661 (VIOLATED)
ANTENNA_c135_Y/DIODE                    0.750000    0.805659   -0.055659 (VIOLATED)
ANTENNA_c530_B/DIODE                    0.750000    0.805659   -0.055659 (VIOLATED)
c135/Y                                  0.750000    0.805659   -0.055659 (VIOLATED)
c530/B                                  0.750000    0.805659   -0.055659 (VIOLATED)
c592/Y                                  0.750000    0.802964   -0.052964 (VIOLATED)
clkbuf_0_net461/A                       0.750000    0.802964   -0.052964 (VIOLATED)
c313/Y                                  0.750000    0.793033   -0.043033 (VIOLATED)
max_cap2/A                              0.750000    0.793033   -0.043033 (VIOLATED)
wire130/A                               0.750000    0.793033   -0.043033 (VIOLATED)
c762/A0                                 0.750000    0.780289   -0.030289 (VIOLATED)
ANTENNA_c762_A0/DIODE                   0.750000    0.780289   -0.030289 (VIOLATED)
c740/SCD                                0.750000    0.780273   -0.030274 (VIOLATED)
ANTENNA_c740_SCD/DIODE                  0.750000    0.780270   -0.030270 (VIOLATED)
c716/SCE                                0.750000    0.780264   -0.030264 (VIOLATED)
ANTENNA_c716_SCE/DIODE                  0.750000    0.780263   -0.030263 (VIOLATED)
ANTENNA_c572_B_N/DIODE                  0.750000    0.780228   -0.030228 (VIOLATED)
c572/B_N                                0.750000    0.780224   -0.030224 (VIOLATED)
c464/B                                  0.750000    0.780217   -0.030217 (VIOLATED)
ANTENNA_c464_B/DIODE                    0.750000    0.780217   -0.030217 (VIOLATED)
c460/A3                                 0.750000    0.780191   -0.030191 (VIOLATED)
ANTENNA_c460_A3/DIODE                   0.750000    0.780189   -0.030189 (VIOLATED)
ANTENNA_c361_RESET_B/DIODE              0.750000    0.780189   -0.030189 (VIOLATED)
c361/RESET_B                            0.750000    0.780189   -0.030189 (VIOLATED)
ANTENNA_c196_A2/DIODE                   0.750000    0.780151   -0.030151 (VIOLATED)
ANTENNA_c62_X/DIODE                     0.750000    0.780151   -0.030151 (VIOLATED)
c196/A2                                 0.750000    0.780151   -0.030151 (VIOLATED)
c62/X                                   0.750000    0.780151   -0.030151 (VIOLATED)
c354/A                                  0.750000    0.770657   -0.020657 (VIOLATED)
ANTENNA_c354_A/DIODE                    0.750000    0.770657   -0.020657 (VIOLATED)
c224/B                                  0.750000    0.770656   -0.020656 (VIOLATED)
ANTENNA_c224_B/DIODE                    0.750000    0.770656   -0.020656 (VIOLATED)
ANTENNA_c223_Y/DIODE                    0.750000    0.770654   -0.020654 (VIOLATED)
c223/Y                                  0.750000    0.770654   -0.020654 (VIOLATED)

max fanout

Pin                                   Limit Fanout  Slack
---------------------------------------------------------
clkbuf_0_clk/X                           10     33    -23 (VIOLATED)
clkbuf_4_10_0_clk/X                      10     27    -17 (VIOLATED)
clkbuf_4_6_0_clk/X                       10     25    -15 (VIOLATED)
clkbuf_4_9_0_clk/X                       10     23    -13 (VIOLATED)
input57/X                                10     22    -12 (VIOLATED)
c105/X                                   10     21    -11 (VIOLATED)
c183/X                                   10     21    -11 (VIOLATED)
c206/Y                                   10     21    -11 (VIOLATED)
c282/X                                   10     21    -11 (VIOLATED)
c530/Y                                   10     21    -11 (VIOLATED)
c574/X                                   10     21    -11 (VIOLATED)
c79/X                                    10     21    -11 (VIOLATED)
fanout132/X                              10     21    -11 (VIOLATED)
fanout138/X                              10     21    -11 (VIOLATED)
fanout146/X                              10     21    -11 (VIOLATED)
fanout157/X                              10     21    -11 (VIOLATED)
fanout160/X                              10     21    -11 (VIOLATED)
fanout162/X                              10     21    -11 (VIOLATED)
fanout166/X                              10     21    -11 (VIOLATED)
fanout169/X                              10     21    -11 (VIOLATED)
fanout171/X                              10     21    -11 (VIOLATED)
fanout172/X                              10     21    -11 (VIOLATED)
fanout173/X                              10     21    -11 (VIOLATED)
fanout174/X                              10     21    -11 (VIOLATED)
fanout175/X                              10     21    -11 (VIOLATED)
fanout176/X                              10     21    -11 (VIOLATED)
fanout177/X                              10     21    -11 (VIOLATED)
input22/X                                10     20    -10 (VIOLATED)
c163/X                                   10     19     -9 (VIOLATED)
c174/X                                   10     19     -9 (VIOLATED)
c203/X                                   10     19     -9 (VIOLATED)
c543/X                                   10     19     -9 (VIOLATED)
c94/Y                                    10     19     -9 (VIOLATED)
clkbuf_4_1_0_clk/X                       10     19     -9 (VIOLATED)
clkbuf_4_4_0_clk/X                       10     19     -9 (VIOLATED)
input13/X                                10     19     -9 (VIOLATED)
input16/X                                10     19     -9 (VIOLATED)
input18/X                                10     19     -9 (VIOLATED)
input26/X                                10     19     -9 (VIOLATED)
input5/X                                 10     19     -9 (VIOLATED)
s845/Q                                   10     19     -9 (VIOLATED)
c184/X                                   10     17     -7 (VIOLATED)
c209/X                                   10     17     -7 (VIOLATED)
c269/Y                                   10     17     -7 (VIOLATED)
c272/X                                   10     17     -7 (VIOLATED)
c273/X                                   10     17     -7 (VIOLATED)
c293/X                                   10     17     -7 (VIOLATED)
c314/Y                                   10     17     -7 (VIOLATED)
c362/X                                   10     17     -7 (VIOLATED)
c62/X                                    10     17     -7 (VIOLATED)
c682/Y                                   10     17     -7 (VIOLATED)
clkbuf_4_2_0_clk/X                       10     17     -7 (VIOLATED)
input47/X                                10     17     -7 (VIOLATED)
input62/X                                10     17     -7 (VIOLATED)
merge812/GCLK                            10     17     -7 (VIOLATED)
s866/Q                                   10     17     -7 (VIOLATED)
c135/Y                                   10     15     -5 (VIOLATED)
c148/X                                   10     15     -5 (VIOLATED)
c214/Y                                   10     15     -5 (VIOLATED)
c225/Y                                   10     15     -5 (VIOLATED)
c397/X                                   10     15     -5 (VIOLATED)
c404/Y                                   10     15     -5 (VIOLATED)
c417/X                                   10     15     -5 (VIOLATED)
c489/Y                                   10     15     -5 (VIOLATED)
c529/Y                                   10     15     -5 (VIOLATED)
c531/Y                                   10     15     -5 (VIOLATED)
c598/X                                   10     15     -5 (VIOLATED)
c609/Y                                   10     15     -5 (VIOLATED)
c80/X                                    10     15     -5 (VIOLATED)
c84/X                                    10     15     -5 (VIOLATED)
c86/X                                    10     15     -5 (VIOLATED)
clkbuf_1_0__f_net427/X                   10     15     -5 (VIOLATED)
clkbuf_1_0__f_net824/X                   10     15     -5 (VIOLATED)
clkbuf_1_0__f_net849/X                   10     15     -5 (VIOLATED)
input49/X                                10     15     -5 (VIOLATED)
max_cap152/X                             10     15     -5 (VIOLATED)
rebuffer24/X                             10     15     -5 (VIOLATED)
input17/X                                10     14     -4 (VIOLATED)
c146/X                                   10     13     -3 (VIOLATED)
c232/X                                   10     13     -3 (VIOLATED)
c238/X                                   10     13     -3 (VIOLATED)
c290/Y                                   10     13     -3 (VIOLATED)
c307/X                                   10     13     -3 (VIOLATED)
c346/Q                                   10     13     -3 (VIOLATED)
c350/Y                                   10     13     -3 (VIOLATED)
c401/Y                                   10     13     -3 (VIOLATED)
c452/Q                                   10     13     -3 (VIOLATED)
c452/Q_N                                 10     13     -3 (VIOLATED)
c701/Y                                   10     13     -3 (VIOLATED)
c740/Q                                   10     13     -3 (VIOLATED)
clkbuf_1_1__f_net230/X                   10     13     -3 (VIOLATED)
clkbuf_4_0_0_clk/X                       10     13     -3 (VIOLATED)
fanout134/X                              10     13     -3 (VIOLATED)
fanout168/X                              10     13     -3 (VIOLATED)
input11/X                                10     13     -3 (VIOLATED)
input30/X                                10     13     -3 (VIOLATED)
input55/X                                10     13     -3 (VIOLATED)
input58/X                                10     13     -3 (VIOLATED)
max_cap154/X                             10     13     -3 (VIOLATED)
s826/Q                                   10     13     -3 (VIOLATED)
s826/Q_N                                 10     13     -3 (VIOLATED)
clkbuf_4_11_0_clk/X                      10     12     -2 (VIOLATED)
c103/X                                   10     11        (VIOLATED)
c133/Y                                   10     11        (VIOLATED)
c172/X                                   10     11        (VIOLATED)
c192/Y                                   10     11        (VIOLATED)
c212/X                                   10     11        (VIOLATED)
c231/Y                                   10     11        (VIOLATED)
c421/X                                   10     11        (VIOLATED)
c429/X                                   10     11        (VIOLATED)
c432/X                                   10     11        (VIOLATED)
c537/X                                   10     11        (VIOLATED)
c552/X                                   10     11        (VIOLATED)
c685/Y                                   10     11        (VIOLATED)
c89/X                                    10     11        (VIOLATED)
clkbuf_1_0__f_net230/X                   10     11        (VIOLATED)
clkbuf_1_0__f_net832/X                   10     11        (VIOLATED)
clkbuf_1_0__f_net843/X                   10     11        (VIOLATED)
clkbuf_1_1__f_net849/X                   10     11        (VIOLATED)
fanout161/X                              10     11        (VIOLATED)
input15/X                                10     11        (VIOLATED)
input29/X                                10     11        (VIOLATED)
merge815/Q                               10     11        (VIOLATED)
rebuffer46/X                             10     11        (VIOLATED)
s843/Q                                   10     11        (VIOLATED)
wire159/X                                10     11        (VIOLATED)

max capacitance

Pin                                        Limit         Cap       Slack
------------------------------------------------------------------------
c621/Y                                  0.010081    0.014568   -0.004487 (VIOLATED)



===========================================================================
report_parasitic_annotation -report_unannotated
============================================================================
Found 16 unannotated drivers.
 rst
 c486/Q_N
 c493/Q_N
 c633/Q_N
 c712/Q_N
 c714/Q_N
 c738/Q_N
 merge798/Q_N
 merge800/Q_N
 s840/Q_N
 s848/Q_N
 s856/Q_N
 s857/Q_N
 s872/Q_N
 s873/Q_N
 s881/Q_N
Found 0 partially unannotated drivers.

===========================================================================
max slew violation count 161
max fanout violation count 126
max cap violation count 1
============================================================================

===========================================================================
check_setup -verbose -unconstrained_endpoints -multiple_clock -no_clock -no_input_delay -loops -generated_clocks
===========================================================================
Warning: There are 6 unconstrained endpoints.
  out27
  out48
  out56
  out60
  merge790/D
  merge808/DE
