
===========================================================================
 report_power
============================================================================
======================= max_ff_n40C_1v95 Corner ===================================

Group                    Internal    Switching      Leakage        Total
                            Power        Power        Power        Power (Watts)
------------------------------------------------------------------------
Sequential           1.899335e-03 1.493866e-03 4.307085e-09 3.393206e-03  20.3%
Combinational        8.374683e-04 1.446910e-03 4.604057e-09 2.284383e-03  13.7%
Clock                7.691465e-03 3.362880e-03 2.903216e-08 1.105437e-02  66.1%
Macro                0.000000e+00 0.000000e+00 0.000000e+00 0.000000e+00   0.0%
Pad                  0.000000e+00 0.000000e+00 0.000000e+00 0.000000e+00   0.0%
------------------------------------------------------------------------
Total                1.042827e-02 6.303655e-03 3.794345e-08 1.673196e-02 100.0%
                            62.3%        37.7%         0.0%

