
===========================================================================
 report_power
============================================================================
======================= nom_tt_025C_1v80 Corner ===================================

Group                    Internal    Switching      Leakage        Total
                            Power        Power        Power        Power (Watts)
------------------------------------------------------------------------
Sequential           9.892122e-04 2.925777e-04 1.485287e-09 1.281791e-03  24.4%
Combinational        8.345477e-04 7.958848e-04 3.396222e-09 1.630436e-03  31.0%
Clock                1.901928e-03 4.462217e-04 2.089541e-09 2.348152e-03  44.6%
Macro                0.000000e+00 0.000000e+00 0.000000e+00 0.000000e+00   0.0%
Pad                  0.000000e+00 0.000000e+00 0.000000e+00 0.000000e+00   0.0%
------------------------------------------------------------------------
Total                3.725688e-03 1.534685e-03 6.971049e-09 5.260380e-03 100.0%
                            70.8%        29.2%         0.0%
Writing metric power__internal__total: 0.003725688438862562
Writing metric power__switching__total: 0.0015346849104389548
Writing metric power__leakage__total: 6.971049071324842e-9
Writing metric power__total: 0.0052603804506361485

