
===========================================================================
Violator List
============================================================================
[hold reg-reg] c671/Q -> c678/SET_B : -1.341798
[hold reg-reg] c406/Q -> c436/RESET_B : -1.153533
[hold reg-reg] c528/Q -> c570/RESET_B : -1.006287
[hold in-reg] in14 -> c677/SET_B : -0.528068
[hold reg-reg] c314/Q -> c332/SET_B : -0.219646
[hold reg-reg] c451/Q -> c457/RESET_B : -0.144243
[hold in-reg] clk -> c439/RESET_B : -0.091289
[setup reg-reg] c320/Q_N -> c332/SET_B : -3.672847
[setup reg-reg] c291/Q -> c570/RESET_B : -3.538035
[setup in-reg] in1 -> c436/RESET_B : -3.261067
[setup reg-out] s774/Q -> out18 : -3.024653
[setup in-reg] in35 -> c606/D : -2.373821
[setup in-reg] in35 -> c606/SCD : -2.108315
[setup in-reg] in51 -> c468/D : -2.035070
[setup in-reg] in51 -> c606/SET_B : -1.874615
[setup in-reg] in1 -> s777/D : -1.798754
[setup in-reg] in35 -> c677/RESET_B : -1.784315
[setup in-reg] in1 -> c468/SCD : -1.775477
[setup in-reg] in51 -> c360/D : -1.708645
[setup in-reg] in1 -> c329/D : -1.707400
[setup in-reg] in51 -> c115/D : -1.667207
[setup in-reg] in51 -> c361/D : -1.636621
[setup in-reg] in35 -> c677/D : -1.578300
[setup in-reg] in51 -> c503/D : -1.546115
[setup in-reg] in51 -> c350/D : -1.536418
[setup in-reg] in51 -> c501/SCE : -1.534390
[setup in-reg] in51 -> c320/D : -1.507254
[setup reg-reg] c634/Q_N -> c703/D : -1.430654
[setup in-reg] in1 -> s776/D : -1.400943
[setup in-reg] in1 -> c436/SCD : -1.389545
[setup in-reg] in51 -> c350/RESET_B : -1.372788
[setup in-reg] in51 -> c503/RESET_B : -1.355736
[setup in-reg] in51 -> c375/D : -1.343660
[setup in-reg] in1 -> c497/SCD : -1.299255
[setup in-reg] in51 -> c350/SCD : -1.298235
[setup in-reg] in1 -> s772/D : -1.272689
[setup in-reg] in51 -> c501/SET_B : -1.218125
[setup reg-reg] c634/Q -> c701/RESET_B : -1.200981
[setup in-reg] in1 -> c436/RESET_B : -1.127700
[setup in-reg] in51 -> c497/SET_B : -1.124240
[setup in-reg] in35 -> c559/RESET_B : -1.021865
[setup in-reg] in35 -> c569/RESET_B : -1.002400
[setup in-reg] in35 -> c658/RESET_B : -0.983433
[setup in-reg] in35 -> c653/RESET_B : -0.969810
[setup in-reg] in1 -> c606/SCE : -0.949327
[setup in-reg] in51 -> c124/SET_B : -0.948093
[setup in-reg] in51 -> c497/SCE : -0.948030
[setup in-reg] in51 -> c125/SET_B : -0.946956
[setup in-reg] in1 -> c669/D : -0.902633
[setup reg-reg] c634/Q_N -> c648/D : -0.886438
[setup in-reg] in1 -> c669/SCE : -0.877353
[setup in-reg] in51 -> c503/SCD : -0.869328
[setup reg-reg] c577/Q_N -> c598/SCE : -0.856605
[setup in-reg] in35 -> c291/SCD : -0.839896
[setup reg-reg] c577/Q_N -> c605/SCD : -0.826891
[setup in-reg] in51 -> c376/SET_B : -0.826405
[setup in-reg] in1 -> c397/D : -0.817888
[setup in-reg] in35 -> c329/RESET_B : -0.815958
[setup in-reg] in1 -> c291/SCE : -0.794602
[setup in-reg] in1 -> c634/D : -0.769863
[setup in-reg] in51 -> c468/SET_B : -0.734953
[setup in-reg] in12 -> c436/SET_B : -0.712456
[setup in-reg] in51 -> c115/RESET_B : -0.706799
[setup in-reg] in35 -> c559/SET_B : -0.683397
[setup in-reg] in1 -> c522/D : -0.681568
[setup reg-out] c371/Q -> out13 : -0.678620
[setup in-reg] in1 -> c638/RESET_B : -0.677671
[setup reg-out] c646/Q -> out3 : -0.653047
[setup in-reg] in1 -> c418/RESET_B : -0.647754
[setup in-reg] in1 -> c369/RESET_B : -0.592538
[setup reg-reg] c634/Q_N -> c650/SET_B : -0.591545
[setup reg-reg] c634/Q -> c669/RESET_B : -0.562870
[setup in-reg] in1 -> c497/RESET_B : -0.536729
[setup in-reg] in1 -> c404/RESET_B : -0.523576
[setup in-reg] in1 -> c405/RESET_B : -0.523543
[setup in-reg] in1 -> c320/SET_B : -0.477765
[setup reg-out] c576/Q -> out5 : -0.458071
[setup in-reg] in1 -> c436/SCE : -0.454839
[setup reg-out] c371/Q -> out35 : -0.441157
[setup in-reg] in1 -> c329/SET_B : -0.337660
[setup reg-reg] c648/Q -> c650/RESET_B : -0.299932
[setup reg-reg] s774/Q -> c602/SCD : -0.290846
[setup reg-reg] c360/Q_N -> c375/RESET_B : -0.270429
[setup reg-reg] c577/Q_N -> s781/D : -0.267409
[setup in-reg] in1 -> c522/RESET_B : -0.264486
[setup reg-reg] c634/Q -> c648/RESET_B : -0.205040
[setup reg-reg] c577/Q_N -> c585/SCD : -0.176729
[setup reg-out] c351/Q -> out50 : -0.123476
[setup reg-reg] c658/Q -> c701/SET_B : -0.114019
[setup reg-reg] c577/Q_N -> c734/D : -0.069821
[setup in-reg] in14 -> c677/SET_B : -0.056928
[setup in-reg] in1 -> c397/RESET_B : -0.006688
[setup in-reg] in1 -> c658/D : 0.000000
[setup reg-reg] c577/Q_N -> s774/D : 0.000000
[setup in-reg] in1 -> c638/D : 0.000000
[setup reg-reg] c351/Q_N -> s771/D : 0.000000
[setup reg-reg] c576/Q -> s775/D : 0.000000
[setup in-reg] clk -> s773/D : 0.000000
[setup in-reg] in1 -> c405/D : 0.000000
[setup reg-reg] c396/Q -> c577/D : 0.000000
[setup in-reg] in20 -> c404/D : 0.000000
[setup reg-reg] c396/Q -> s770/D : 0.000000
[setup in-reg] in18 -> c653/D : 0.000000
[setup reg-reg] c396/Q -> c576/D : 0.000000
[setup in-reg] in51 -> c371/D : 0.000000
[setup in-reg] in51 -> c362/D : 0.000000
[setup in-reg] in51 -> c351/D : 0.000000
[setup in-reg] in51 -> c336/D : 0.000000
[setup reg-reg] c522/Q -> c646/D : 0.000000
[setup in-reg] in1 -> c396/D : 0.000000
[setup in-reg] in1 -> c643/D : 0.000000
[setup in-reg] in1 -> c642/D : 0.000000
Writing metric timing__hold_vio__count__corner:nom_tt_025C_1v80: 7
Writing metric timing__hold_r2r__ws__corner:nom_tt_025C_1v80: -1.341798
Writing metric timing__hold_r2r_vio__count__corner:nom_tt_025C_1v80: 5
Writing metric timing__setup_vio__count__corner:nom_tt_025C_1v80: 105
Writing metric timing__setup_r2r__ws__corner:nom_tt_025C_1v80: -3.672847
Writing metric timing__setup_r2r_vio__count__corner:nom_tt_025C_1v80: 24
