
===========================================================================
report_checks -unconstrained
===========================================================================
======================= min_tt_025C_1v80 Corner ===================================

Startpoint: merge815 (positive level-sensitive latch clocked by clk)
Endpoint: c736 (recovery check against falling-edge clock clk)
Path Group: asynchronous
Path Type: max

Fanout         Cap        Slew       Delay        Time   Description
---------------------------------------------------------------------------------------------
                                  0.000000    0.000000   clock clk (rise edge)
                                  0.000000    0.000000   clock source latency
     7    0.051700    0.235858    0.166797    0.166797 ^ clk (in)
                                                         clk (net)
                      0.236127    0.000000    0.166797 ^ clkbuf_0_clk/A (sky130_fd_sc_hd__clkbuf_16)
     6    0.082746    0.100734    0.235920    0.402717 ^ clkbuf_0_clk/X (sky130_fd_sc_hd__clkbuf_16)
                                                         clknet_0_clk (net)
                      0.100810    0.002538    0.405255 ^ clkbuf_4_13_0_clk/A (sky130_fd_sc_hd__clkbuf_8)
    23    0.056656    0.108434    0.197303    0.602558 ^ clkbuf_4_13_0_clk/X (sky130_fd_sc_hd__clkbuf_8)
                                                         clknet_4_13_0_clk (net)
                      0.108446    0.001189    0.603747 ^ merge815/GATE (sky130_fd_sc_hd__dlrbp_1)
                                  3.587348    4.191095   time given to startpoint
                      0.083072    0.000000    4.191095 v merge815/D (sky130_fd_sc_hd__dlrbp_1)
     2    0.004842    0.040229    0.280717    4.471812 v merge815/Q (sky130_fd_sc_hd__dlrbp_1)
                                                         net716 (net)
                      0.040229    0.000048    4.471860 v c682/A (sky130_fd_sc_hd__or2_2)
     9    0.022911    0.104860    0.358133    4.829993 v c682/X (sky130_fd_sc_hd__or2_2)
                                                         net563 (net)
                      0.104863    0.000719    4.830713 v c690/C_N (sky130_fd_sc_hd__nor3b_1)
     2    0.006517    0.056307    0.176352    5.007065 v c690/Y (sky130_fd_sc_hd__nor3b_1)
                                                         net571 (net)
                      0.056307    0.000042    5.007106 v wire120/A (sky130_fd_sc_hd__clkbuf_2)
     5    0.020935    0.085193    0.156622    5.163729 v wire120/X (sky130_fd_sc_hd__clkbuf_2)
                                                         net950 (net)
                      0.085196    0.000572    5.164301 v c693/A (sky130_fd_sc_hd__or4bb_1)
     2    0.011103    0.128506    0.572905    5.737206 v c693/X (sky130_fd_sc_hd__or4bb_1)
                                                         net574 (net)
                      0.128506    0.000077    5.737283 v c700/A (sky130_fd_sc_hd__or3_4)
     1    0.007254    0.070265    0.417818    6.155101 v c700/X (sky130_fd_sc_hd__or3_4)
                                                         net581 (net)
                      0.070265    0.000067    6.155169 v clkbuf_0_net581/A (sky130_fd_sc_hd__clkbuf_16)
     2    0.017553    0.033726    0.156749    6.311917 v clkbuf_0_net581/X (sky130_fd_sc_hd__clkbuf_16)
                                                         clknet_0_net581 (net)
                      0.033726    0.000168    6.312085 v clkbuf_1_1__f_net581/A (sky130_fd_sc_hd__clkbuf_16)
     1    0.003433    0.025446    0.127499    6.439585 v clkbuf_1_1__f_net581/X (sky130_fd_sc_hd__clkbuf_16)
                                                         clknet_1_1__leaf_net581 (net)
                      0.025446    0.000047    6.439631 v c701/B (sky130_fd_sc_hd__or3_2)
     1    0.010633    0.102358    0.481077    6.920708 v c701/X (sky130_fd_sc_hd__or3_2)
                                                         net582 (net)
                      0.102358    0.000247    6.920955 v clkbuf_0_net582/A (sky130_fd_sc_hd__clkbuf_16)
     2    0.018442    0.034304    0.172272    7.093227 v clkbuf_0_net582/X (sky130_fd_sc_hd__clkbuf_16)
                                                         clknet_0_net582 (net)
                      0.034304    0.000266    7.093494 v clkbuf_1_0__f_net582/A (sky130_fd_sc_hd__clkbuf_16)
     1    0.001781    0.024268    0.125933    7.219427 v clkbuf_1_0__f_net582/X (sky130_fd_sc_hd__clkbuf_16)
                                                         clknet_1_0__leaf_net582 (net)
                      0.024268    0.000016    7.219442 v c702/B (sky130_fd_sc_hd__or3b_2)
     1    0.007186    0.091406    0.453622    7.673064 v c702/X (sky130_fd_sc_hd__or3b_2)
                                                         net583 (net)
                      0.091406    0.000033    7.673097 v clkbuf_0_net583/A (sky130_fd_sc_hd__clkbuf_16)
     2    0.017738    0.033881    0.166689    7.839786 v clkbuf_0_net583/X (sky130_fd_sc_hd__clkbuf_16)
                                                         clknet_0_net583 (net)
                      0.033881    0.000188    7.839974 v clkbuf_1_0__f_net583/A (sky130_fd_sc_hd__clkbuf_16)
     1    0.009270    0.029244    0.133370    7.973344 v clkbuf_1_0__f_net583/X (sky130_fd_sc_hd__clkbuf_16)
                                                         clknet_1_0__leaf_net583 (net)
                      0.029244    0.000112    7.973456 v c706/A (sky130_fd_sc_hd__nor2b_4)
     1    0.009252    0.087770    0.112051    8.085506 ^ c706/Y (sky130_fd_sc_hd__nor2b_4)
                                                         net587 (net)
                      0.087770    0.000128    8.085634 ^ clkbuf_0_net587/A (sky130_fd_sc_hd__clkbuf_16)
     2    0.019860    0.041769    0.141006    8.226641 ^ clkbuf_0_net587/X (sky130_fd_sc_hd__clkbuf_16)
                                                         clknet_0_net587 (net)
                      0.041769    0.000146    8.226787 ^ clkbuf_1_0__f_net587/A (sky130_fd_sc_hd__clkbuf_16)
     2    0.007301    0.031000    0.112104    8.338891 ^ clkbuf_1_0__f_net587/X (sky130_fd_sc_hd__clkbuf_16)
                                                         clknet_1_0__leaf_net587 (net)
                      0.031001    0.000057    8.338947 ^ c709/B (sky130_fd_sc_hd__nor3_1)
     1    0.010549    0.080098    0.063641    8.402588 v c709/Y (sky130_fd_sc_hd__nor3_1)
                                                         net590 (net)
                      0.080098    0.000246    8.402834 v clkbuf_0_net590/A (sky130_fd_sc_hd__clkbuf_16)
     2    0.017602    0.033783    0.161323    8.564157 v clkbuf_0_net590/X (sky130_fd_sc_hd__clkbuf_16)
                                                         clknet_0_net590 (net)
                      0.033783    0.000206    8.564363 v clkbuf_1_0__f_net590/A (sky130_fd_sc_hd__clkbuf_16)
     2    0.006229    0.027279    0.130576    8.694940 v clkbuf_1_0__f_net590/X (sky130_fd_sc_hd__clkbuf_16)
                                                         clknet_1_0__leaf_net590 (net)
                      0.027280    0.000068    8.695007 v c713/B (sky130_fd_sc_hd__or4bb_4)
     1    0.008758    0.092593    0.518488    9.213496 v c713/X (sky130_fd_sc_hd__or4bb_4)
                                                         net594 (net)
                      0.092593    0.000148    9.213644 v clkbuf_0_net594/A (sky130_fd_sc_hd__clkbuf_16)
     2    0.017357    0.033679    0.166928    9.380572 v clkbuf_0_net594/X (sky130_fd_sc_hd__clkbuf_16)
                                                         clknet_0_net594 (net)
                      0.033679    0.000133    9.380706 v clkbuf_1_0__f_net594/A (sky130_fd_sc_hd__clkbuf_16)
     2    0.006715    0.027669    0.131063    9.511768 v clkbuf_1_0__f_net594/X (sky130_fd_sc_hd__clkbuf_16)
                                                         clknet_1_0__leaf_net594 (net)
                      0.027670    0.000059    9.511827 v c714/B1 (sky130_fd_sc_hd__a2111o_1)
     1    0.010287    0.096084    0.420918    9.932745 v c714/X (sky130_fd_sc_hd__a2111o_1)
                                                         net595 (net)
                      0.096084    0.000246    9.932991 v clkbuf_0_net595/A (sky130_fd_sc_hd__clkbuf_16)
     2    0.017683    0.033864    0.168808   10.101799 v clkbuf_0_net595/X (sky130_fd_sc_hd__clkbuf_16)
                                                         clknet_0_net595 (net)
                      0.033864    0.000194   10.101993 v clkbuf_1_1__f_net595/A (sky130_fd_sc_hd__clkbuf_16)
     3    0.015452    0.032594    0.138317   10.240310 v clkbuf_1_1__f_net595/X (sky130_fd_sc_hd__clkbuf_16)
                                                         clknet_1_1__leaf_net595 (net)
                      0.032594    0.000377   10.240685 v c716/B (sky130_fd_sc_hd__or4bb_2)
     1    0.009980    0.120798    0.641229   10.881915 v c716/X (sky130_fd_sc_hd__or4bb_2)
                                                         net597 (net)
                      0.120798    0.000190   10.882105 v clkbuf_0_net597/A (sky130_fd_sc_hd__clkbuf_16)
     2    0.018153    0.034185    0.180620   11.062725 v clkbuf_0_net597/X (sky130_fd_sc_hd__clkbuf_16)
                                                         clknet_0_net597 (net)
                      0.034185    0.000242   11.062967 v clkbuf_1_1__f_net597/A (sky130_fd_sc_hd__clkbuf_16)
     1    0.004128    0.025924    0.128462   11.191428 v clkbuf_1_1__f_net597/X (sky130_fd_sc_hd__clkbuf_16)
                                                         clknet_1_1__leaf_net597 (net)
                      0.025924    0.000066   11.191494 v c720/A1 (sky130_fd_sc_hd__mux4_4)
     1    0.008031    0.119727    0.590418   11.781912 v c720/X (sky130_fd_sc_hd__mux4_4)
                                                         net601 (net)
                      0.119727    0.000118   11.782030 v clkbuf_0_net601/A (sky130_fd_sc_hd__clkbuf_16)
     2    0.016364    0.033206    0.178704   11.960734 v clkbuf_0_net601/X (sky130_fd_sc_hd__clkbuf_16)
                                                         clknet_0_net601 (net)
                      0.033206    0.000163   11.960897 v clkbuf_1_0__f_net601/A (sky130_fd_sc_hd__clkbuf_16)
     1    0.003894    0.025763    0.127769   12.088666 v clkbuf_1_0__f_net601/X (sky130_fd_sc_hd__clkbuf_16)
                                                         clknet_1_0__leaf_net601 (net)
                      0.025764    0.000068   12.088735 v c721/A0 (sky130_fd_sc_hd__mux4_2)
     1    0.013651    0.114228    0.496919   12.585653 v c721/X (sky130_fd_sc_hd__mux4_2)
                                                         net708 (net)
                      0.114228    0.000424   12.586078 v clkbuf_0_net708/A (sky130_fd_sc_hd__clkbuf_16)
     2    0.017240    0.033672    0.176849   12.762926 v clkbuf_0_net708/X (sky130_fd_sc_hd__clkbuf_16)
                                                         clknet_0_net708 (net)
                      0.033672    0.000265   12.763191 v clkbuf_1_0__f_net708/A (sky130_fd_sc_hd__clkbuf_16)
     1    0.002679    0.024917    0.126652   12.889842 v clkbuf_1_0__f_net708/X (sky130_fd_sc_hd__clkbuf_16)
                                                         clknet_1_0__leaf_net708 (net)
                      0.024917    0.000032   12.889874 v c719/D1 (sky130_fd_sc_hd__a2111oi_0)
     1    0.012599    0.906420    0.713930   13.603805 ^ c719/Y (sky130_fd_sc_hd__a2111oi_0)
                                                         net600 (net)
                      0.906420    0.000359   13.604163 ^ clkbuf_0_net600/A (sky130_fd_sc_hd__clkbuf_16)
     2    0.022025    0.063860    0.290089   13.894253 ^ clkbuf_0_net600/X (sky130_fd_sc_hd__clkbuf_16)
                                                         clknet_0_net600 (net)
                      0.063860    0.000330   13.894582 ^ clkbuf_1_1__f_net600/A (sky130_fd_sc_hd__clkbuf_16)
     3    0.010343    0.033633    0.123106   14.017688 ^ clkbuf_1_1__f_net600/X (sky130_fd_sc_hd__clkbuf_16)
                                                         clknet_1_1__leaf_net600 (net)
                      0.033633    0.000085   14.017773 ^ c725/A3 (sky130_fd_sc_hd__mux4_2)
     1    0.005407    0.061864    0.228986   14.246758 ^ c725/X (sky130_fd_sc_hd__mux4_2)
                                                         net606 (net)
                      0.061864    0.000110   14.246869 ^ c736/RESET_B (sky130_fd_sc_hd__sdfbbn_1)
                                             14.246869   data arrival time

                                  4.000000    4.000000   clock clk (fall edge)
                                  0.000000    4.000000   clock source latency
     7    0.050049    0.112365    0.082514    4.082514 v clk (in)
                                                         clk (net)
                      0.112873    0.000000    4.082514 v clkbuf_0_clk/A (sky130_fd_sc_hd__clkbuf_16)
     6    0.080122    0.069252    0.212495    4.295010 v clkbuf_0_clk/X (sky130_fd_sc_hd__clkbuf_16)
                                                         clknet_0_clk (net)
                      0.069360    0.002446    4.297456 v clkbuf_4_13_0_clk/A (sky130_fd_sc_hd__clkbuf_8)
    23    0.054234    0.071233    0.186937    4.484394 v clkbuf_4_13_0_clk/X (sky130_fd_sc_hd__clkbuf_8)
                                                         clknet_4_13_0_clk (net)
                      0.071242    0.000824    4.485217 v c736/CLK_N (sky130_fd_sc_hd__sdfbbn_1)
                                 -0.250000    4.235217   clock uncertainty
                                  0.000000    4.235217   clock reconvergence pessimism
                                 -0.054708    4.180510   library recovery time
                                              4.180510   data required time
---------------------------------------------------------------------------------------------
                                              4.180510   data required time
                                            -14.246869   data arrival time
---------------------------------------------------------------------------------------------
                                            -10.066359   slack (VIOLATED)


Startpoint: s882 (negative level-sensitive latch clocked by clk)
Endpoint: c736 (rising edge-triggered flip-flop clocked by clk)
Path Group: clk
Path Type: max

Fanout         Cap        Slew       Delay        Time   Description
---------------------------------------------------------------------------------------------
                                  4.000000    4.000000   clock clk (fall edge)
                                  0.000000    4.000000   clock source latency
     7    0.050049    0.112365    0.082056    4.082056 v clk (in)
                                                         clk (net)
                      0.112798    0.000000    4.082056 v clone4/A (sky130_fd_sc_hd__clkbuf_1)
     9    0.041169    0.238025    0.280377    4.362433 v clone4/X (sky130_fd_sc_hd__clkbuf_1)
                                                         net967 (net)
                      0.238025    0.000810    4.363243 v clkbuf_4_12_0_clk/A (sky130_fd_sc_hd__clkbuf_8)
    19    0.044887    0.063200    0.255885    4.619128 v clkbuf_4_12_0_clk/X (sky130_fd_sc_hd__clkbuf_8)
                                                         clknet_4_12_0_clk (net)
                      0.063204    0.000647    4.619774 v s882/GATE_N (sky130_fd_sc_hd__dlxbn_2)
                                  3.879275    8.499050   time given to startpoint
                      0.090466    0.000000    8.499050 v s882/D (sky130_fd_sc_hd__dlxbn_2)
     5    0.022610    0.072031    0.322859    8.821909 v s882/Q (sky130_fd_sc_hd__dlxbn_2)
                                                         net800 (net)
                      0.072031    0.000288    8.822197 v c572/B (sky130_fd_sc_hd__nor2_1)
     2    0.005191    0.118962    0.121097    8.943294 ^ c572/Y (sky130_fd_sc_hd__nor2_1)
                                                         net478 (net)
                      0.118962    0.000024    8.943317 ^ c573/A_N (sky130_fd_sc_hd__and2b_1)
     2    0.009858    0.062741    0.222747    9.166064 v c573/X (sky130_fd_sc_hd__and2b_1)
                                                         net479 (net)
                      0.062741    0.000044    9.166108 v fanout121/A (sky130_fd_sc_hd__buf_2)
    10    0.033063    0.086776    0.185917    9.352025 v fanout121/X (sky130_fd_sc_hd__buf_2)
                                                         net951 (net)
                      0.086776    0.000092    9.352118 v c574/B_N (sky130_fd_sc_hd__nor2b_1)
     2    0.013045    0.074378    0.185562    9.537680 v c574/Y (sky130_fd_sc_hd__nor2b_1)
                                                         net480 (net)
                      0.074378    0.000144    9.537824 v fanout119/A (sky130_fd_sc_hd__clkbuf_4)
    21    0.057008    0.117416    0.229091    9.766913 v fanout119/X (sky130_fd_sc_hd__clkbuf_4)
                                                         net949 (net)
                      0.117465    0.002260    9.769175 v c598/A (sky130_fd_sc_hd__or3_2)
     6    0.020574    0.128453    0.573549   10.342724 v c598/X (sky130_fd_sc_hd__or3_2)
                                                         net504 (net)
                      0.128453    0.000383   10.343106 v c604/A (sky130_fd_sc_hd__or3_1)
     1    0.002901    0.067137    0.389858   10.732965 v c604/X (sky130_fd_sc_hd__or3_1)
                                                         net510 (net)
                      0.067137    0.000018   10.732982 v c608/A1 (sky130_fd_sc_hd__a2111o_1)
     1    0.005457    0.072230    0.381093   11.114076 v c608/X (sky130_fd_sc_hd__a2111o_1)
                                                         net514 (net)
                      0.072230    0.000083   11.114158 v c610/A2 (sky130_fd_sc_hd__o2111ai_2)
     2    0.008129    0.195371    0.203781   11.317939 ^ c610/Y (sky130_fd_sc_hd__o2111ai_2)
                                                         net516 (net)
                      0.195371    0.000060   11.317999 ^ c612/B1 (sky130_fd_sc_hd__o2111ai_2)
     3    0.007327    0.121101    0.164300   11.482299 v c612/Y (sky130_fd_sc_hd__o2111ai_2)
                                                         net518 (net)
                      0.121101    0.000060   11.482359 v c614/B1 (sky130_fd_sc_hd__a2111o_1)
     1    0.003006    0.059793    0.402547   11.884907 v c614/X (sky130_fd_sc_hd__a2111o_1)
                                                         net520 (net)
                      0.059793    0.000029   11.884936 v c615/A1 (sky130_fd_sc_hd__o2111a_1)
     3    0.019520    0.118110    0.325115   12.210052 v c615/X (sky130_fd_sc_hd__o2111a_1)
                                                         net897 (net)
                      0.118110    0.000201   12.210252 v c726/B (sky130_fd_sc_hd__nand3b_2)
     4    0.022594    0.157114    0.172956   12.383207 ^ c726/Y (sky130_fd_sc_hd__nand3b_2)
                                                         net607 (net)
                      0.157114    0.000045   12.383253 ^ fanout99/A (sky130_fd_sc_hd__buf_2)
    10    0.039327    0.194014    0.252189   12.635443 ^ fanout99/X (sky130_fd_sc_hd__buf_2)
                                                         net929 (net)
                      0.194023    0.001484   12.636927 ^ c727/A (sky130_fd_sc_hd__and3_1)
     6    0.017565    0.181188    0.282339   12.919266 ^ c727/X (sky130_fd_sc_hd__and3_1)
                                                         net608 (net)
                      0.181188    0.000158   12.919424 ^ c728/A (sky130_fd_sc_hd__or3_1)
     4    0.011570    0.113716    0.192732   13.112156 ^ c728/X (sky130_fd_sc_hd__or3_1)
                                                         net609 (net)
                      0.113716    0.000073   13.112229 ^ c729/A (sky130_fd_sc_hd__and3_1)
     3    0.016654    0.172231    0.254023   13.366252 ^ c729/X (sky130_fd_sc_hd__and3_1)
                                                         net610 (net)
                      0.172231    0.000105   13.366357 ^ fanout90/A (sky130_fd_sc_hd__clkbuf_4)
    10    0.043911    0.139848    0.250104   13.616461 ^ fanout90/X (sky130_fd_sc_hd__clkbuf_4)
                                                         net920 (net)
                      0.139848    0.000099   13.616559 ^ fanout89/A (sky130_fd_sc_hd__clkbuf_4)
    10    0.049357    0.154861    0.250575   13.867133 ^ fanout89/X (sky130_fd_sc_hd__clkbuf_4)
                                                         net919 (net)
                      0.154874    0.001500   13.868633 ^ c736/SET_B (sky130_fd_sc_hd__sdfbbn_1)
                                             13.868633   data arrival time

                                  0.000000    0.000000   clock clk (rise edge)
                                  0.000000    0.000000   clock source latency
     7    0.051700    0.235858    0.166797    0.166797 ^ clk (in)
                                                         clk (net)
                      0.236127    0.000000    0.166797 ^ clkbuf_0_clk/A (sky130_fd_sc_hd__clkbuf_16)
     6    0.082746    0.100734    0.235920    0.402717 ^ clkbuf_0_clk/X (sky130_fd_sc_hd__clkbuf_16)
                                                         clknet_0_clk (net)
                      0.100810    0.002538    0.405255 ^ clkbuf_4_13_0_clk/A (sky130_fd_sc_hd__clkbuf_8)
    23    0.056656    0.108434    0.197303    0.602558 ^ clkbuf_4_13_0_clk/X (sky130_fd_sc_hd__clkbuf_8)
                                                         clknet_4_13_0_clk (net)
                      0.108434    0.000365    0.602923 ^ merge827/CLK (sky130_fd_sc_hd__sdlclkp_2)
     1    0.008522    0.060606    0.173491    0.776414 ^ merge827/GCLK (sky130_fd_sc_hd__sdlclkp_2)
                                                         net730 (net)
                      0.060606    0.000090    0.776504 ^ clkbuf_0_net730/A (sky130_fd_sc_hd__clkbuf_16)
     2    0.019289    0.041248    0.130458    0.906962 ^ clkbuf_0_net730/X (sky130_fd_sc_hd__clkbuf_16)
                                                         clknet_0_net730 (net)
                      0.041249    0.000147    0.907109 ^ clkbuf_1_0__f_net730/A (sky130_fd_sc_hd__clkbuf_16)
     2    0.009268    0.032703    0.113810    1.020920 ^ clkbuf_1_0__f_net730/X (sky130_fd_sc_hd__clkbuf_16)
                                                         clknet_1_0__leaf_net730 (net)
                      0.032703    0.000037    1.020957 ^ c695/D1 (sky130_fd_sc_hd__a2111o_4)
     1    0.012106    0.048333    0.106829    1.127786 ^ c695/X (sky130_fd_sc_hd__a2111o_4)
                                                         net576 (net)
                      0.048333    0.000275    1.128061 ^ clkbuf_0_net576/A (sky130_fd_sc_hd__clkbuf_16)
     2    0.018098    0.040225    0.124812    1.252873 ^ clkbuf_0_net576/X (sky130_fd_sc_hd__clkbuf_16)
                                                         clknet_0_net576 (net)
                      0.040226    0.000143    1.253016 ^ clkbuf_1_1__f_net576/A (sky130_fd_sc_hd__clkbuf_16)
     1    0.003866    0.027714    0.107435    1.360451 ^ clkbuf_1_1__f_net576/X (sky130_fd_sc_hd__clkbuf_16)
                                                         clknet_1_1__leaf_net576 (net)
                      0.027715    0.000066    1.360518 ^ c702/A (sky130_fd_sc_hd__or3b_2)
     1    0.008180    0.057859    0.117561    1.478079 ^ c702/X (sky130_fd_sc_hd__or3b_2)
                                                         net583 (net)
                      0.057859    0.000038    1.478117 ^ clkbuf_0_net583/A (sky130_fd_sc_hd__clkbuf_16)
     2    0.019726    0.041617    0.129849    1.607966 ^ clkbuf_0_net583/X (sky130_fd_sc_hd__clkbuf_16)
                                                         clknet_0_net583 (net)
                      0.041617    0.000210    1.608176 ^ clkbuf_1_0__f_net583/A (sky130_fd_sc_hd__clkbuf_16)
     1    0.010122    0.033438    0.114748    1.722924 ^ clkbuf_1_0__f_net583/X (sky130_fd_sc_hd__clkbuf_16)
                                                         clknet_1_0__leaf_net583 (net)
                      0.033438    0.000122    1.723046 ^ c706/A (sky130_fd_sc_hd__nor2b_4)
     1    0.008258    0.022402    0.032413    1.755459 v c706/Y (sky130_fd_sc_hd__nor2b_4)
                                                         net587 (net)
                      0.022402    0.000114    1.755573 v clkbuf_0_net587/A (sky130_fd_sc_hd__clkbuf_16)
     2    0.017872    0.033892    0.135109    1.890681 v clkbuf_0_net587/X (sky130_fd_sc_hd__clkbuf_16)
                                                         clknet_0_net587 (net)
                      0.033892    0.000130    1.890812 v clkbuf_1_0__f_net587/A (sky130_fd_sc_hd__clkbuf_16)
     2    0.006820    0.027756    0.131271    2.022082 v clkbuf_1_0__f_net587/X (sky130_fd_sc_hd__clkbuf_16)
                                                         clknet_1_0__leaf_net587 (net)
                      0.027756    0.000053    2.022135 v c709/B (sky130_fd_sc_hd__nor3_1)
     1    0.011543    0.370855    0.329724    2.351859 ^ c709/Y (sky130_fd_sc_hd__nor3_1)
                                                         net590 (net)
                      0.370855    0.000272    2.352132 ^ clkbuf_0_net590/A (sky130_fd_sc_hd__clkbuf_16)
     2    0.019590    0.048030    0.217161    2.569292 ^ clkbuf_0_net590/X (sky130_fd_sc_hd__clkbuf_16)
                                                         clknet_0_net590 (net)
                      0.048030    0.000313    2.569606 ^ clkbuf_1_1__f_net590/A (sky130_fd_sc_hd__clkbuf_16)
     3    0.011317    0.034458    0.118210    2.687815 ^ clkbuf_1_1__f_net590/X (sky130_fd_sc_hd__clkbuf_16)
                                                         clknet_1_1__leaf_net590 (net)
                      0.034458    0.000251    2.688066 ^ c720/A0 (sky130_fd_sc_hd__mux4_4)
     1    0.009025    0.074473    0.296557    2.984624 ^ c720/X (sky130_fd_sc_hd__mux4_4)
                                                         net601 (net)
                      0.074473    0.000133    2.984757 ^ clkbuf_0_net601/A (sky130_fd_sc_hd__clkbuf_16)
     2    0.018352    0.040468    0.134667    3.119424 ^ clkbuf_0_net601/X (sky130_fd_sc_hd__clkbuf_16)
                                                         clknet_0_net601 (net)
                      0.040468    0.000184    3.119608 ^ clkbuf_1_0__f_net601/A (sky130_fd_sc_hd__clkbuf_16)
     1    0.004067    0.027902    0.107762    3.227370 ^ clkbuf_1_0__f_net601/X (sky130_fd_sc_hd__clkbuf_16)
                                                         clknet_1_0__leaf_net601 (net)
                      0.027902    0.000071    3.227441 ^ c721/A0 (sky130_fd_sc_hd__mux4_2)
     1    0.014645    0.059328    0.234061    3.461503 ^ c721/X (sky130_fd_sc_hd__mux4_2)
                                                         net708 (net)
                      0.102288    0.000470    3.461972 ^ clkbuf_0_net708/A (sky130_fd_sc_hd__clkbuf_16)
     2    0.019228    0.041248    0.145721    3.607694 ^ clkbuf_0_net708/X (sky130_fd_sc_hd__clkbuf_16)
                                                         clknet_0_net708 (net)
                      0.041248    0.000122    3.607816 ^ clkbuf_1_1__f_net708/A (sky130_fd_sc_hd__clkbuf_16)
     1    0.007359    0.031052    0.111966    3.719781 ^ clkbuf_1_1__f_net708/X (sky130_fd_sc_hd__clkbuf_16)
                                                         clknet_1_1__leaf_net708 (net)
                      0.031053    0.000111    3.719892 ^ c725/S0 (sky130_fd_sc_hd__mux4_2)
     1    0.005407    0.060344    0.212606    3.932498 ^ c725/X (sky130_fd_sc_hd__mux4_2)
                                                         net606 (net)
                      0.060344    0.000110    3.932608 ^ c736/RESET_B (sky130_fd_sc_hd__sdfbbn_1)
                                 -0.250000    3.682608   clock uncertainty
                                  0.000000    3.682608   clock reconvergence pessimism
                                 -0.172488    3.510120   library non-sequential setup time
                                              3.510120   data required time
---------------------------------------------------------------------------------------------
                                              3.510120   data required time
                                            -13.868633   data arrival time
---------------------------------------------------------------------------------------------
                                            -10.358514   slack (VIOLATED)




===========================================================================
report_checks --slack_max -0.01
============================================================================
======================= min_tt_025C_1v80 Corner ===================================

Startpoint: merge815 (positive level-sensitive latch clocked by clk)
Endpoint: c736 (recovery check against falling-edge clock clk)
Path Group: asynchronous
Path Type: max

Fanout         Cap        Slew       Delay        Time   Description
---------------------------------------------------------------------------------------------
                                  0.000000    0.000000   clock clk (rise edge)
                                  0.000000    0.000000   clock source latency
     7    0.051700    0.235858    0.166797    0.166797 ^ clk (in)
                                                         clk (net)
                      0.236127    0.000000    0.166797 ^ clkbuf_0_clk/A (sky130_fd_sc_hd__clkbuf_16)
     6    0.082746    0.100734    0.235920    0.402717 ^ clkbuf_0_clk/X (sky130_fd_sc_hd__clkbuf_16)
                                                         clknet_0_clk (net)
                      0.100810    0.002538    0.405255 ^ clkbuf_4_13_0_clk/A (sky130_fd_sc_hd__clkbuf_8)
    23    0.056656    0.108434    0.197303    0.602558 ^ clkbuf_4_13_0_clk/X (sky130_fd_sc_hd__clkbuf_8)
                                                         clknet_4_13_0_clk (net)
                      0.108446    0.001189    0.603747 ^ merge815/GATE (sky130_fd_sc_hd__dlrbp_1)
                                  3.587348    4.191095   time given to startpoint
                      0.083072    0.000000    4.191095 v merge815/D (sky130_fd_sc_hd__dlrbp_1)
     2    0.004842    0.040229    0.280717    4.471812 v merge815/Q (sky130_fd_sc_hd__dlrbp_1)
                                                         net716 (net)
                      0.040229    0.000048    4.471860 v c682/A (sky130_fd_sc_hd__or2_2)
     9    0.022911    0.104860    0.358133    4.829993 v c682/X (sky130_fd_sc_hd__or2_2)
                                                         net563 (net)
                      0.104863    0.000719    4.830713 v c690/C_N (sky130_fd_sc_hd__nor3b_1)
     2    0.006517    0.056307    0.176352    5.007065 v c690/Y (sky130_fd_sc_hd__nor3b_1)
                                                         net571 (net)
                      0.056307    0.000042    5.007106 v wire120/A (sky130_fd_sc_hd__clkbuf_2)
     5    0.020935    0.085193    0.156622    5.163729 v wire120/X (sky130_fd_sc_hd__clkbuf_2)
                                                         net950 (net)
                      0.085196    0.000572    5.164301 v c693/A (sky130_fd_sc_hd__or4bb_1)
     2    0.011103    0.128506    0.572905    5.737206 v c693/X (sky130_fd_sc_hd__or4bb_1)
                                                         net574 (net)
                      0.128506    0.000077    5.737283 v c700/A (sky130_fd_sc_hd__or3_4)
     1    0.007254    0.070265    0.417818    6.155101 v c700/X (sky130_fd_sc_hd__or3_4)
                                                         net581 (net)
                      0.070265    0.000067    6.155169 v clkbuf_0_net581/A (sky130_fd_sc_hd__clkbuf_16)
     2    0.017553    0.033726    0.156749    6.311917 v clkbuf_0_net581/X (sky130_fd_sc_hd__clkbuf_16)
                                                         clknet_0_net581 (net)
                      0.033726    0.000168    6.312085 v clkbuf_1_1__f_net581/A (sky130_fd_sc_hd__clkbuf_16)
     1    0.003433    0.025446    0.127499    6.439585 v clkbuf_1_1__f_net581/X (sky130_fd_sc_hd__clkbuf_16)
                                                         clknet_1_1__leaf_net581 (net)
                      0.025446    0.000047    6.439631 v c701/B (sky130_fd_sc_hd__or3_2)
     1    0.010633    0.102358    0.481077    6.920708 v c701/X (sky130_fd_sc_hd__or3_2)
                                                         net582 (net)
                      0.102358    0.000247    6.920955 v clkbuf_0_net582/A (sky130_fd_sc_hd__clkbuf_16)
     2    0.018442    0.034304    0.172272    7.093227 v clkbuf_0_net582/X (sky130_fd_sc_hd__clkbuf_16)
                                                         clknet_0_net582 (net)
                      0.034304    0.000266    7.093494 v clkbuf_1_0__f_net582/A (sky130_fd_sc_hd__clkbuf_16)
     1    0.001781    0.024268    0.125933    7.219427 v clkbuf_1_0__f_net582/X (sky130_fd_sc_hd__clkbuf_16)
                                                         clknet_1_0__leaf_net582 (net)
                      0.024268    0.000016    7.219442 v c702/B (sky130_fd_sc_hd__or3b_2)
     1    0.007186    0.091406    0.453622    7.673064 v c702/X (sky130_fd_sc_hd__or3b_2)
                                                         net583 (net)
                      0.091406    0.000033    7.673097 v clkbuf_0_net583/A (sky130_fd_sc_hd__clkbuf_16)
     2    0.017738    0.033881    0.166689    7.839786 v clkbuf_0_net583/X (sky130_fd_sc_hd__clkbuf_16)
                                                         clknet_0_net583 (net)
                      0.033881    0.000188    7.839974 v clkbuf_1_0__f_net583/A (sky130_fd_sc_hd__clkbuf_16)
     1    0.009270    0.029244    0.133370    7.973344 v clkbuf_1_0__f_net583/X (sky130_fd_sc_hd__clkbuf_16)
                                                         clknet_1_0__leaf_net583 (net)
                      0.029244    0.000112    7.973456 v c706/A (sky130_fd_sc_hd__nor2b_4)
     1    0.009252    0.087770    0.112051    8.085506 ^ c706/Y (sky130_fd_sc_hd__nor2b_4)
                                                         net587 (net)
                      0.087770    0.000128    8.085634 ^ clkbuf_0_net587/A (sky130_fd_sc_hd__clkbuf_16)
     2    0.019860    0.041769    0.141006    8.226641 ^ clkbuf_0_net587/X (sky130_fd_sc_hd__clkbuf_16)
                                                         clknet_0_net587 (net)
                      0.041769    0.000146    8.226787 ^ clkbuf_1_0__f_net587/A (sky130_fd_sc_hd__clkbuf_16)
     2    0.007301    0.031000    0.112104    8.338891 ^ clkbuf_1_0__f_net587/X (sky130_fd_sc_hd__clkbuf_16)
                                                         clknet_1_0__leaf_net587 (net)
                      0.031001    0.000057    8.338947 ^ c709/B (sky130_fd_sc_hd__nor3_1)
     1    0.010549    0.080098    0.063641    8.402588 v c709/Y (sky130_fd_sc_hd__nor3_1)
                                                         net590 (net)
                      0.080098    0.000246    8.402834 v clkbuf_0_net590/A (sky130_fd_sc_hd__clkbuf_16)
     2    0.017602    0.033783    0.161323    8.564157 v clkbuf_0_net590/X (sky130_fd_sc_hd__clkbuf_16)
                                                         clknet_0_net590 (net)
                      0.033783    0.000206    8.564363 v clkbuf_1_0__f_net590/A (sky130_fd_sc_hd__clkbuf_16)
     2    0.006229    0.027279    0.130576    8.694940 v clkbuf_1_0__f_net590/X (sky130_fd_sc_hd__clkbuf_16)
                                                         clknet_1_0__leaf_net590 (net)
                      0.027280    0.000068    8.695007 v c713/B (sky130_fd_sc_hd__or4bb_4)
     1    0.008758    0.092593    0.518488    9.213496 v c713/X (sky130_fd_sc_hd__or4bb_4)
                                                         net594 (net)
                      0.092593    0.000148    9.213644 v clkbuf_0_net594/A (sky130_fd_sc_hd__clkbuf_16)
     2    0.017357    0.033679    0.166928    9.380572 v clkbuf_0_net594/X (sky130_fd_sc_hd__clkbuf_16)
                                                         clknet_0_net594 (net)
                      0.033679    0.000133    9.380706 v clkbuf_1_0__f_net594/A (sky130_fd_sc_hd__clkbuf_16)
     2    0.006715    0.027669    0.131063    9.511768 v clkbuf_1_0__f_net594/X (sky130_fd_sc_hd__clkbuf_16)
                                                         clknet_1_0__leaf_net594 (net)
                      0.027670    0.000059    9.511827 v c714/B1 (sky130_fd_sc_hd__a2111o_1)
     1    0.010287    0.096084    0.420918    9.932745 v c714/X (sky130_fd_sc_hd__a2111o_1)
                                                         net595 (net)
                      0.096084    0.000246    9.932991 v clkbuf_0_net595/A (sky130_fd_sc_hd__clkbuf_16)
     2    0.017683    0.033864    0.168808   10.101799 v clkbuf_0_net595/X (sky130_fd_sc_hd__clkbuf_16)
                                                         clknet_0_net595 (net)
                      0.033864    0.000194   10.101993 v clkbuf_1_1__f_net595/A (sky130_fd_sc_hd__clkbuf_16)
     3    0.015452    0.032594    0.138317   10.240310 v clkbuf_1_1__f_net595/X (sky130_fd_sc_hd__clkbuf_16)
                                                         clknet_1_1__leaf_net595 (net)
                      0.032594    0.000377   10.240685 v c716/B (sky130_fd_sc_hd__or4bb_2)
     1    0.009980    0.120798    0.641229   10.881915 v c716/X (sky130_fd_sc_hd__or4bb_2)
                                                         net597 (net)
                      0.120798    0.000190   10.882105 v clkbuf_0_net597/A (sky130_fd_sc_hd__clkbuf_16)
     2    0.018153    0.034185    0.180620   11.062725 v clkbuf_0_net597/X (sky130_fd_sc_hd__clkbuf_16)
                                                         clknet_0_net597 (net)
                      0.034185    0.000242   11.062967 v clkbuf_1_1__f_net597/A (sky130_fd_sc_hd__clkbuf_16)
     1    0.004128    0.025924    0.128462   11.191428 v clkbuf_1_1__f_net597/X (sky130_fd_sc_hd__clkbuf_16)
                                                         clknet_1_1__leaf_net597 (net)
                      0.025924    0.000066   11.191494 v c720/A1 (sky130_fd_sc_hd__mux4_4)
     1    0.008031    0.119727    0.590418   11.781912 v c720/X (sky130_fd_sc_hd__mux4_4)
                                                         net601 (net)
                      0.119727    0.000118   11.782030 v clkbuf_0_net601/A (sky130_fd_sc_hd__clkbuf_16)
     2    0.016364    0.033206    0.178704   11.960734 v clkbuf_0_net601/X (sky130_fd_sc_hd__clkbuf_16)
                                                         clknet_0_net601 (net)
                      0.033206    0.000163   11.960897 v clkbuf_1_0__f_net601/A (sky130_fd_sc_hd__clkbuf_16)
     1    0.003894    0.025763    0.127769   12.088666 v clkbuf_1_0__f_net601/X (sky130_fd_sc_hd__clkbuf_16)
                                                         clknet_1_0__leaf_net601 (net)
                      0.025764    0.000068   12.088735 v c721/A0 (sky130_fd_sc_hd__mux4_2)
     1    0.013651    0.114228    0.496919   12.585653 v c721/X (sky130_fd_sc_hd__mux4_2)
                                                         net708 (net)
                      0.114228    0.000424   12.586078 v clkbuf_0_net708/A (sky130_fd_sc_hd__clkbuf_16)
     2    0.017240    0.033672    0.176849   12.762926 v clkbuf_0_net708/X (sky130_fd_sc_hd__clkbuf_16)
                                                         clknet_0_net708 (net)
                      0.033672    0.000265   12.763191 v clkbuf_1_0__f_net708/A (sky130_fd_sc_hd__clkbuf_16)
     1    0.002679    0.024917    0.126652   12.889842 v clkbuf_1_0__f_net708/X (sky130_fd_sc_hd__clkbuf_16)
                                                         clknet_1_0__leaf_net708 (net)
                      0.024917    0.000032   12.889874 v c719/D1 (sky130_fd_sc_hd__a2111oi_0)
     1    0.012599    0.906420    0.713930   13.603805 ^ c719/Y (sky130_fd_sc_hd__a2111oi_0)
                                                         net600 (net)
                      0.906420    0.000359   13.604163 ^ clkbuf_0_net600/A (sky130_fd_sc_hd__clkbuf_16)
     2    0.022025    0.063860    0.290089   13.894253 ^ clkbuf_0_net600/X (sky130_fd_sc_hd__clkbuf_16)
                                                         clknet_0_net600 (net)
                      0.063860    0.000330   13.894582 ^ clkbuf_1_1__f_net600/A (sky130_fd_sc_hd__clkbuf_16)
     3    0.010343    0.033633    0.123106   14.017688 ^ clkbuf_1_1__f_net600/X (sky130_fd_sc_hd__clkbuf_16)
                                                         clknet_1_1__leaf_net600 (net)
                      0.033633    0.000085   14.017773 ^ c725/A3 (sky130_fd_sc_hd__mux4_2)
     1    0.005407    0.061864    0.228986   14.246758 ^ c725/X (sky130_fd_sc_hd__mux4_2)
                                                         net606 (net)
                      0.061864    0.000110   14.246869 ^ c736/RESET_B (sky130_fd_sc_hd__sdfbbn_1)
                                             14.246869   data arrival time

                                  4.000000    4.000000   clock clk (fall edge)
                                  0.000000    4.000000   clock source latency
     7    0.050049    0.112365    0.082514    4.082514 v clk (in)
                                                         clk (net)
                      0.112873    0.000000    4.082514 v clkbuf_0_clk/A (sky130_fd_sc_hd__clkbuf_16)
     6    0.080122    0.069252    0.212495    4.295010 v clkbuf_0_clk/X (sky130_fd_sc_hd__clkbuf_16)
                                                         clknet_0_clk (net)
                      0.069360    0.002446    4.297456 v clkbuf_4_13_0_clk/A (sky130_fd_sc_hd__clkbuf_8)
    23    0.054234    0.071233    0.186937    4.484394 v clkbuf_4_13_0_clk/X (sky130_fd_sc_hd__clkbuf_8)
                                                         clknet_4_13_0_clk (net)
                      0.071242    0.000824    4.485217 v c736/CLK_N (sky130_fd_sc_hd__sdfbbn_1)
                                 -0.250000    4.235217   clock uncertainty
                                  0.000000    4.235217   clock reconvergence pessimism
                                 -0.054708    4.180510   library recovery time
                                              4.180510   data required time
---------------------------------------------------------------------------------------------
                                              4.180510   data required time
                                            -14.246869   data arrival time
---------------------------------------------------------------------------------------------
                                            -10.066359   slack (VIOLATED)


Startpoint: s882 (negative level-sensitive latch clocked by clk)
Endpoint: c736 (rising edge-triggered flip-flop clocked by clk)
Path Group: clk
Path Type: max

Fanout         Cap        Slew       Delay        Time   Description
---------------------------------------------------------------------------------------------
                                  4.000000    4.000000   clock clk (fall edge)
                                  0.000000    4.000000   clock source latency
     7    0.050049    0.112365    0.082056    4.082056 v clk (in)
                                                         clk (net)
                      0.112798    0.000000    4.082056 v clone4/A (sky130_fd_sc_hd__clkbuf_1)
     9    0.041169    0.238025    0.280377    4.362433 v clone4/X (sky130_fd_sc_hd__clkbuf_1)
                                                         net967 (net)
                      0.238025    0.000810    4.363243 v clkbuf_4_12_0_clk/A (sky130_fd_sc_hd__clkbuf_8)
    19    0.044887    0.063200    0.255885    4.619128 v clkbuf_4_12_0_clk/X (sky130_fd_sc_hd__clkbuf_8)
                                                         clknet_4_12_0_clk (net)
                      0.063204    0.000647    4.619774 v s882/GATE_N (sky130_fd_sc_hd__dlxbn_2)
                                  3.879275    8.499050   time given to startpoint
                      0.090466    0.000000    8.499050 v s882/D (sky130_fd_sc_hd__dlxbn_2)
     5    0.022610    0.072031    0.322859    8.821909 v s882/Q (sky130_fd_sc_hd__dlxbn_2)
                                                         net800 (net)
                      0.072031    0.000288    8.822197 v c572/B (sky130_fd_sc_hd__nor2_1)
     2    0.005191    0.118962    0.121097    8.943294 ^ c572/Y (sky130_fd_sc_hd__nor2_1)
                                                         net478 (net)
                      0.118962    0.000024    8.943317 ^ c573/A_N (sky130_fd_sc_hd__and2b_1)
     2    0.009858    0.062741    0.222747    9.166064 v c573/X (sky130_fd_sc_hd__and2b_1)
                                                         net479 (net)
                      0.062741    0.000044    9.166108 v fanout121/A (sky130_fd_sc_hd__buf_2)
    10    0.033063    0.086776    0.185917    9.352025 v fanout121/X (sky130_fd_sc_hd__buf_2)
                                                         net951 (net)
                      0.086776    0.000092    9.352118 v c574/B_N (sky130_fd_sc_hd__nor2b_1)
     2    0.013045    0.074378    0.185562    9.537680 v c574/Y (sky130_fd_sc_hd__nor2b_1)
                                                         net480 (net)
                      0.074378    0.000144    9.537824 v fanout119/A (sky130_fd_sc_hd__clkbuf_4)
    21    0.057008    0.117416    0.229091    9.766913 v fanout119/X (sky130_fd_sc_hd__clkbuf_4)
                                                         net949 (net)
                      0.117465    0.002260    9.769175 v c598/A (sky130_fd_sc_hd__or3_2)
     6    0.020574    0.128453    0.573549   10.342724 v c598/X (sky130_fd_sc_hd__or3_2)
                                                         net504 (net)
                      0.128453    0.000383   10.343106 v c604/A (sky130_fd_sc_hd__or3_1)
     1    0.002901    0.067137    0.389858   10.732965 v c604/X (sky130_fd_sc_hd__or3_1)
                                                         net510 (net)
                      0.067137    0.000018   10.732982 v c608/A1 (sky130_fd_sc_hd__a2111o_1)
     1    0.005457    0.072230    0.381093   11.114076 v c608/X (sky130_fd_sc_hd__a2111o_1)
                                                         net514 (net)
                      0.072230    0.000083   11.114158 v c610/A2 (sky130_fd_sc_hd__o2111ai_2)
     2    0.008129    0.195371    0.203781   11.317939 ^ c610/Y (sky130_fd_sc_hd__o2111ai_2)
                                                         net516 (net)
                      0.195371    0.000060   11.317999 ^ c612/B1 (sky130_fd_sc_hd__o2111ai_2)
     3    0.007327    0.121101    0.164300   11.482299 v c612/Y (sky130_fd_sc_hd__o2111ai_2)
                                                         net518 (net)
                      0.121101    0.000060   11.482359 v c614/B1 (sky130_fd_sc_hd__a2111o_1)
     1    0.003006    0.059793    0.402547   11.884907 v c614/X (sky130_fd_sc_hd__a2111o_1)
                                                         net520 (net)
                      0.059793    0.000029   11.884936 v c615/A1 (sky130_fd_sc_hd__o2111a_1)
     3    0.019520    0.118110    0.325115   12.210052 v c615/X (sky130_fd_sc_hd__o2111a_1)
                                                         net897 (net)
                      0.118110    0.000201   12.210252 v c726/B (sky130_fd_sc_hd__nand3b_2)
     4    0.022594    0.157114    0.172956   12.383207 ^ c726/Y (sky130_fd_sc_hd__nand3b_2)
                                                         net607 (net)
                      0.157114    0.000045   12.383253 ^ fanout99/A (sky130_fd_sc_hd__buf_2)
    10    0.039327    0.194014    0.252189   12.635443 ^ fanout99/X (sky130_fd_sc_hd__buf_2)
                                                         net929 (net)
                      0.194023    0.001484   12.636927 ^ c727/A (sky130_fd_sc_hd__and3_1)
     6    0.017565    0.181188    0.282339   12.919266 ^ c727/X (sky130_fd_sc_hd__and3_1)
                                                         net608 (net)
                      0.181188    0.000158   12.919424 ^ c728/A (sky130_fd_sc_hd__or3_1)
     4    0.011570    0.113716    0.192732   13.112156 ^ c728/X (sky130_fd_sc_hd__or3_1)
                                                         net609 (net)
                      0.113716    0.000073   13.112229 ^ c729/A (sky130_fd_sc_hd__and3_1)
     3    0.016654    0.172231    0.254023   13.366252 ^ c729/X (sky130_fd_sc_hd__and3_1)
                                                         net610 (net)
                      0.172231    0.000105   13.366357 ^ fanout90/A (sky130_fd_sc_hd__clkbuf_4)
    10    0.043911    0.139848    0.250104   13.616461 ^ fanout90/X (sky130_fd_sc_hd__clkbuf_4)
                                                         net920 (net)
                      0.139848    0.000099   13.616559 ^ fanout89/A (sky130_fd_sc_hd__clkbuf_4)
    10    0.049357    0.154861    0.250575   13.867133 ^ fanout89/X (sky130_fd_sc_hd__clkbuf_4)
                                                         net919 (net)
                      0.154874    0.001500   13.868633 ^ c736/SET_B (sky130_fd_sc_hd__sdfbbn_1)
                                             13.868633   data arrival time

                                  0.000000    0.000000   clock clk (rise edge)
                                  0.000000    0.000000   clock source latency
     7    0.051700    0.235858    0.166797    0.166797 ^ clk (in)
                                                         clk (net)
                      0.236127    0.000000    0.166797 ^ clkbuf_0_clk/A (sky130_fd_sc_hd__clkbuf_16)
     6    0.082746    0.100734    0.235920    0.402717 ^ clkbuf_0_clk/X (sky130_fd_sc_hd__clkbuf_16)
                                                         clknet_0_clk (net)
                      0.100810    0.002538    0.405255 ^ clkbuf_4_13_0_clk/A (sky130_fd_sc_hd__clkbuf_8)
    23    0.056656    0.108434    0.197303    0.602558 ^ clkbuf_4_13_0_clk/X (sky130_fd_sc_hd__clkbuf_8)
                                                         clknet_4_13_0_clk (net)
                      0.108434    0.000365    0.602923 ^ merge827/CLK (sky130_fd_sc_hd__sdlclkp_2)
     1    0.008522    0.060606    0.173491    0.776414 ^ merge827/GCLK (sky130_fd_sc_hd__sdlclkp_2)
                                                         net730 (net)
                      0.060606    0.000090    0.776504 ^ clkbuf_0_net730/A (sky130_fd_sc_hd__clkbuf_16)
     2    0.019289    0.041248    0.130458    0.906962 ^ clkbuf_0_net730/X (sky130_fd_sc_hd__clkbuf_16)
                                                         clknet_0_net730 (net)
                      0.041249    0.000147    0.907109 ^ clkbuf_1_0__f_net730/A (sky130_fd_sc_hd__clkbuf_16)
     2    0.009268    0.032703    0.113810    1.020920 ^ clkbuf_1_0__f_net730/X (sky130_fd_sc_hd__clkbuf_16)
                                                         clknet_1_0__leaf_net730 (net)
                      0.032703    0.000037    1.020957 ^ c695/D1 (sky130_fd_sc_hd__a2111o_4)
     1    0.012106    0.048333    0.106829    1.127786 ^ c695/X (sky130_fd_sc_hd__a2111o_4)
                                                         net576 (net)
                      0.048333    0.000275    1.128061 ^ clkbuf_0_net576/A (sky130_fd_sc_hd__clkbuf_16)
     2    0.018098    0.040225    0.124812    1.252873 ^ clkbuf_0_net576/X (sky130_fd_sc_hd__clkbuf_16)
                                                         clknet_0_net576 (net)
                      0.040226    0.000143    1.253016 ^ clkbuf_1_1__f_net576/A (sky130_fd_sc_hd__clkbuf_16)
     1    0.003866    0.027714    0.107435    1.360451 ^ clkbuf_1_1__f_net576/X (sky130_fd_sc_hd__clkbuf_16)
                                                         clknet_1_1__leaf_net576 (net)
                      0.027715    0.000066    1.360518 ^ c702/A (sky130_fd_sc_hd__or3b_2)
     1    0.008180    0.057859    0.117561    1.478079 ^ c702/X (sky130_fd_sc_hd__or3b_2)
                                                         net583 (net)
                      0.057859    0.000038    1.478117 ^ clkbuf_0_net583/A (sky130_fd_sc_hd__clkbuf_16)
     2    0.019726    0.041617    0.129849    1.607966 ^ clkbuf_0_net583/X (sky130_fd_sc_hd__clkbuf_16)
                                                         clknet_0_net583 (net)
                      0.041617    0.000210    1.608176 ^ clkbuf_1_0__f_net583/A (sky130_fd_sc_hd__clkbuf_16)
     1    0.010122    0.033438    0.114748    1.722924 ^ clkbuf_1_0__f_net583/X (sky130_fd_sc_hd__clkbuf_16)
                                                         clknet_1_0__leaf_net583 (net)
                      0.033438    0.000122    1.723046 ^ c706/A (sky130_fd_sc_hd__nor2b_4)
     1    0.008258    0.022402    0.032413    1.755459 v c706/Y (sky130_fd_sc_hd__nor2b_4)
                                                         net587 (net)
                      0.022402    0.000114    1.755573 v clkbuf_0_net587/A (sky130_fd_sc_hd__clkbuf_16)
     2    0.017872    0.033892    0.135109    1.890681 v clkbuf_0_net587/X (sky130_fd_sc_hd__clkbuf_16)
                                                         clknet_0_net587 (net)
                      0.033892    0.000130    1.890812 v clkbuf_1_0__f_net587/A (sky130_fd_sc_hd__clkbuf_16)
     2    0.006820    0.027756    0.131271    2.022082 v clkbuf_1_0__f_net587/X (sky130_fd_sc_hd__clkbuf_16)
                                                         clknet_1_0__leaf_net587 (net)
                      0.027756    0.000053    2.022135 v c709/B (sky130_fd_sc_hd__nor3_1)
     1    0.011543    0.370855    0.329724    2.351859 ^ c709/Y (sky130_fd_sc_hd__nor3_1)
                                                         net590 (net)
                      0.370855    0.000272    2.352132 ^ clkbuf_0_net590/A (sky130_fd_sc_hd__clkbuf_16)
     2    0.019590    0.048030    0.217161    2.569292 ^ clkbuf_0_net590/X (sky130_fd_sc_hd__clkbuf_16)
                                                         clknet_0_net590 (net)
                      0.048030    0.000313    2.569606 ^ clkbuf_1_1__f_net590/A (sky130_fd_sc_hd__clkbuf_16)
     3    0.011317    0.034458    0.118210    2.687815 ^ clkbuf_1_1__f_net590/X (sky130_fd_sc_hd__clkbuf_16)
                                                         clknet_1_1__leaf_net590 (net)
                      0.034458    0.000251    2.688066 ^ c720/A0 (sky130_fd_sc_hd__mux4_4)
     1    0.009025    0.074473    0.296557    2.984624 ^ c720/X (sky130_fd_sc_hd__mux4_4)
                                                         net601 (net)
                      0.074473    0.000133    2.984757 ^ clkbuf_0_net601/A (sky130_fd_sc_hd__clkbuf_16)
     2    0.018352    0.040468    0.134667    3.119424 ^ clkbuf_0_net601/X (sky130_fd_sc_hd__clkbuf_16)
                                                         clknet_0_net601 (net)
                      0.040468    0.000184    3.119608 ^ clkbuf_1_0__f_net601/A (sky130_fd_sc_hd__clkbuf_16)
     1    0.004067    0.027902    0.107762    3.227370 ^ clkbuf_1_0__f_net601/X (sky130_fd_sc_hd__clkbuf_16)
                                                         clknet_1_0__leaf_net601 (net)
                      0.027902    0.000071    3.227441 ^ c721/A0 (sky130_fd_sc_hd__mux4_2)
     1    0.014645    0.059328    0.234061    3.461503 ^ c721/X (sky130_fd_sc_hd__mux4_2)
                                                         net708 (net)
                      0.102288    0.000470    3.461972 ^ clkbuf_0_net708/A (sky130_fd_sc_hd__clkbuf_16)
     2    0.019228    0.041248    0.145721    3.607694 ^ clkbuf_0_net708/X (sky130_fd_sc_hd__clkbuf_16)
                                                         clknet_0_net708 (net)
                      0.041248    0.000122    3.607816 ^ clkbuf_1_1__f_net708/A (sky130_fd_sc_hd__clkbuf_16)
     1    0.007359    0.031052    0.111966    3.719781 ^ clkbuf_1_1__f_net708/X (sky130_fd_sc_hd__clkbuf_16)
                                                         clknet_1_1__leaf_net708 (net)
                      0.031053    0.000111    3.719892 ^ c725/S0 (sky130_fd_sc_hd__mux4_2)
     1    0.005407    0.060344    0.212606    3.932498 ^ c725/X (sky130_fd_sc_hd__mux4_2)
                                                         net606 (net)
                      0.060344    0.000110    3.932608 ^ c736/RESET_B (sky130_fd_sc_hd__sdfbbn_1)
                                 -0.250000    3.682608   clock uncertainty
                                  0.000000    3.682608   clock reconvergence pessimism
                                 -0.172488    3.510120   library non-sequential setup time
                                              3.510120   data required time
---------------------------------------------------------------------------------------------
                                              3.510120   data required time
                                            -13.868633   data arrival time
---------------------------------------------------------------------------------------------
                                            -10.358514   slack (VIOLATED)




===========================================================================
 report_check_types -max_slew -max_cap -max_fanout -violators
============================================================================
======================= min_tt_025C_1v80 Corner ===================================

max slew

Pin                                        Limit        Slew       Slack
------------------------------------------------------------------------
ANTENNA_clkbuf_4_2_0_clk_A/DIODE        0.750000    1.074255   -0.324255 (VIOLATED)
clkbuf_4_2_0_clk/A                      0.750000    1.074255   -0.324255 (VIOLATED)
clkbuf_4_0_0_clk/A                      0.750000    1.074253   -0.324253 (VIOLATED)
ANTENNA_clkbuf_4_0_0_clk_A/DIODE        0.750000    1.074253   -0.324253 (VIOLATED)
ANTENNA_clkbuf_4_15_0_clk_A/DIODE       0.750000    1.074249   -0.324249 (VIOLATED)
clkbuf_4_15_0_clk/A                     0.750000    1.074249   -0.324249 (VIOLATED)
ANTENNA_clkbuf_4_1_0_clk_A/DIODE        0.750000    1.074247   -0.324247 (VIOLATED)
clkbuf_4_1_0_clk/A                      0.750000    1.074247   -0.324247 (VIOLATED)
clkbuf_4_14_0_clk/A                     0.750000    1.074247   -0.324247 (VIOLATED)
ANTENNA_clkbuf_4_14_0_clk_A/DIODE       0.750000    1.074246   -0.324246 (VIOLATED)
ANTENNA_clkbuf_4_6_0_clk_A/DIODE        0.750000    1.074243   -0.324243 (VIOLATED)
clkbuf_4_6_0_clk/A                      0.750000    1.074243   -0.324243 (VIOLATED)
ANTENNA_clkbuf_4_11_0_clk_A/DIODE       0.750000    1.074241   -0.324241 (VIOLATED)
clkbuf_4_11_0_clk/A                     0.750000    1.074241   -0.324241 (VIOLATED)
ANTENNA_clkbuf_4_9_0_clk_A/DIODE        0.750000    1.074237   -0.324237 (VIOLATED)
ANTENNA_clone1_X/DIODE                  0.750000    1.074237   -0.324237 (VIOLATED)
clkbuf_4_9_0_clk/A                      0.750000    1.074237   -0.324237 (VIOLATED)
clone1/X                                0.750000    1.074237   -0.324237 (VIOLATED)
c719/Y                                  0.750000    0.906420   -0.156420 (VIOLATED)
clkbuf_0_net600/A                       0.750000    0.906420   -0.156420 (VIOLATED)

max fanout

Pin                                   Limit Fanout  Slack
---------------------------------------------------------
clkbuf_4_15_0_clk/X                      10     29    -19 (VIOLATED)
clkbuf_4_4_0_clk/X                       10     27    -17 (VIOLATED)
clkbuf_4_13_0_clk/X                      10     23    -13 (VIOLATED)
clkbuf_4_14_0_clk/X                      10     23    -13 (VIOLATED)
clkbuf_4_7_0_clk/X                       10     23    -13 (VIOLATED)
c264/Y                                   10     21    -11 (VIOLATED)
c329/X                                   10     21    -11 (VIOLATED)
c441/X                                   10     21    -11 (VIOLATED)
c468/Y                                   10     21    -11 (VIOLATED)
fanout119/X                              10     21    -11 (VIOLATED)
fanout133/X                              10     20    -10 (VIOLATED)
c151/X                                   10     19     -9 (VIOLATED)
c169/X                                   10     19     -9 (VIOLATED)
clkbuf_4_12_0_clk/X                      10     19     -9 (VIOLATED)
clkbuf_4_6_0_clk/X                       10     19     -9 (VIOLATED)
c443/X                                   10     17     -7 (VIOLATED)
c486/X                                   10     17     -7 (VIOLATED)
c96/X                                    10     17     -7 (VIOLATED)
clkbuf_4_5_0_clk/X                       10     17     -7 (VIOLATED)
clone1/X                                 10     17     -7 (VIOLATED)
c137/X                                   10     15     -5 (VIOLATED)
c240/X                                   10     15     -5 (VIOLATED)
clkbuf_4_8_0_clk/X                       10     15     -5 (VIOLATED)
c118/X                                   10     13     -3 (VIOLATED)
c119/Y                                   10     13     -3 (VIOLATED)
c146/X                                   10     13     -3 (VIOLATED)
c176/X                                   10     12     -2 (VIOLATED)
fanout128/X                              10     12     -2 (VIOLATED)
c115/X                                   10     11        (VIOLATED)
c452/X                                   10     11        (VIOLATED)
c64/X                                    10     11        (VIOLATED)
clkbuf_4_3_0_clk/X                       10     11        (VIOLATED)



===========================================================================
report_parasitic_annotation -report_unannotated
============================================================================
Found 1 unannotated drivers.
 rst
Found 0 partially unannotated drivers.

===========================================================================
max slew violation count 20
max fanout violation count 32
max cap violation count 0
============================================================================

===========================================================================
check_setup -verbose -unconstrained_endpoints -multiple_clock -no_clock -no_input_delay -loops -generated_clocks
===========================================================================
Warning: There are 47 unconstrained endpoints.
  out1
  out11
  out12
  out13
  out19
  out2
  out20
  out21
  out22
  out26
  out27
  out3
  out30
  out32
  out34
  out36
  out37
  out38
  out39
  out4
  out40
  out41
  out42
  out45
  out46
  out48
  out49
  out5
  out50
  out51
  out52
  out53
  out56
  out58
  out6
  out60
  out61
  out8
  out9
  c451/SCD
  c453/SCD
  c454/D
  merge777/SCD
  merge778/SCE
  merge779/SCE
  merge826/GATE
  merge828/GATE
Warning: There are 3 combinational loops in the design.
  c721/X
  clkbuf_0_net708/A
  clkbuf_0_net708/X
  clkbuf_1_0__f_net708/A
  clkbuf_1_0__f_net708/X
  c719/D1
  c719/Y
  clkbuf_0_net600/A
  clkbuf_0_net600/X
  clkbuf_1_0__f_net600/A
  clkbuf_1_0__f_net600/X
  c721/A2
  | loop cut point
  c721/X
  --------------------------------
  c720/X
  clkbuf_0_net601/A
  clkbuf_0_net601/X
  clkbuf_1_0__f_net601/A
  clkbuf_1_0__f_net601/X
  c721/A0
  c721/X
  clkbuf_0_net708/A
  clkbuf_0_net708/X
  clkbuf_1_0__f_net708/A
  clkbuf_1_0__f_net708/X
  c719/D1
  c719/Y
  clkbuf_0_net600/A
  clkbuf_0_net600/X
  clkbuf_1_1__f_net600/A
  clkbuf_1_1__f_net600/X
  c720/A3
  | loop cut point
  c720/X
  --------------------------------
  c592/Y
  c593/A0
  c593/X
  c592/D1
  | loop cut point
  c592/Y
  --------------------------------
