
===========================================================================
 report_power
============================================================================
======================= nom_tt_025C_1v80 Corner ===================================

Group                    Internal    Switching      Leakage        Total
                            Power        Power        Power        Power (Watts)
------------------------------------------------------------------------
Sequential           2.318116e-03 1.514346e-03 1.951490e-09 3.832464e-03  34.7%
Combinational        1.726357e-03 7.780982e-04 2.059888e-09 2.504457e-03  22.7%
Clock                3.675512e-03 1.041193e-03 1.706642e-09 4.716707e-03  42.7%
Macro                0.000000e+00 0.000000e+00 0.000000e+00 0.000000e+00   0.0%
Pad                  0.000000e+00 0.000000e+00 0.000000e+00 0.000000e+00   0.0%
------------------------------------------------------------------------
Total                7.719979e-03 3.333638e-03 5.718021e-09 1.105362e-02 100.0%
                            69.8%        30.2%         0.0%

