
===========================================================================
Violator List
============================================================================
[hold reg-reg] merge916/Q_N -> c738/SET_B : -6.032356
[hold reg-reg] s918/Q -> c376/RESET_B : -5.905602
[hold reg-reg] c306/Q -> c472/RESET_B : -4.334462
[hold in-reg] in33 -> c580/SET_B : -1.868418
[hold reg-reg] merge821/Q_N -> c581/SET_B : -1.520530
[hold reg-reg] s926/Q -> c613/SET_B : -0.535316
[setup reg-reg] merge903/Q -> s947/D : -10.956419
[setup reg-out] merge866/Q -> out47 : -10.918184
[setup reg-out] merge866/Q -> out8 : -10.876608
[setup reg-reg] merge866/Q -> merge881/GATE : -10.645867
[setup in-reg] in2 -> merge874/RESET_B : -10.533659
[setup reg-reg] merge866/Q -> merge866/D : -10.481727
[setup reg-reg] merge866/Q -> merge909/GATE : -10.169645
[setup in-reg] in2 -> merge904/RESET_B : -10.053067
[setup reg-out] merge866/Q -> out57 : -10.003586
[setup reg-reg] merge866/Q -> merge882/GATE : -9.997647
[setup reg-reg] merge866/Q -> s925/D : -9.690811
[setup reg-reg] merge866/Q -> merge900/D : -9.662525
[setup in-reg] in48 -> merge865/D : -9.642388
[setup reg-out] merge857/Q -> out40 : -9.640255
[setup in-reg] in2 -> merge861/D : -9.560995
[setup reg-reg] merge866/Q -> merge905/DE : -9.422517
[setup in-reg] in14 -> merge902/D : -9.270117
[setup reg-reg] merge866/Q -> merge908/GATE : -9.219719
[setup reg-reg] merge866/Q -> merge881/SCE : -9.212879
[setup in-reg] in2 -> s932/D : -9.158042
[setup reg-out] merge866/Q -> out17 : -9.106097
[setup reg-reg] merge866/Q -> s920/D : -9.104940
[setup reg-reg] merge866/Q -> merge889/SET_B : -9.092606
[setup in-reg] in14 -> merge885/D : -9.044490
[setup reg-reg] merge866/Q -> s919/D : -9.042130
[setup in-reg] in2 -> c599/SCE : -8.971309
[setup reg-reg] merge866/Q -> merge908/SCE : -8.953094
[setup in-reg] in48 -> merge873/D : -8.881450
[setup in-reg] in2 -> s931/D : -8.859473
[setup in-reg] in14 -> merge898/RESET_B : -8.851503
[setup in-reg] in2 -> merge898/D : -8.841706
[setup in-reg] in2 -> merge897/D : -8.758912
[setup in-reg] in2 -> c613/RESET_B : -8.752669
[setup in-reg] in48 -> merge902/RESET_B : -8.722465
[setup in-reg] in2 -> c385/SCD : -8.717295
[setup in-reg] in2 -> c729/SCD : -8.642423
[setup in-reg] in48 -> merge873/RESET_B : -8.565520
[setup reg-out] merge866/Q -> out44 : -8.558140
[setup reg-reg] merge866/Q -> s924/GATE : -8.522432
[setup in-reg] in48 -> merge874/D : -8.521571
[setup reg-reg] merge895/Q -> merge887/D : -8.434716
[setup reg-reg] merge866/Q -> c478/SCD : -8.421526
[setup reg-reg] merge866/Q -> merge836/D : -8.267017
[setup in-reg] in2 -> merge861/RESET_B : -8.134075
[setup reg-reg] merge866/Q -> merge840/SET_B : -8.022740
[setup in-reg] in2 -> merge904/D : -8.021960
[setup in-reg] in14 -> merge875/D : -8.003900
[setup in-reg] in14 -> merge912/D : -7.978327
[setup reg-reg] merge866/Q -> merge895/RESET_B : -7.942591
[setup reg-reg] merge857/Q -> s936/D : -7.796174
[setup reg-reg] merge866/Q -> s918/D : -7.794066
[setup reg-reg] merge866/Q -> merge867/RESET_B : -7.773283
[setup reg-reg] merge866/Q -> merge907/SCE : -7.708887
[setup reg-reg] merge866/Q -> merge883/RESET_B : -7.661514
[setup in-reg] in14 -> merge885/RESET_B : -7.655340
[setup reg-reg] merge857/Q -> s937/D : -7.565887
[setup in-reg] in2 -> s927/D : -7.471156
[setup reg-reg] merge866/Q -> c376/SCD : -7.450954
[setup reg-reg] merge857/Q -> merge905/D : -7.382688
[setup in-reg] in48 -> c235/RESET_B : -7.298987
[setup in-reg] in14 -> c344/D : -7.245058
[setup reg-reg] merge866/Q -> merge883/D : -7.202000
[setup reg-reg] merge857/Q -> merge891/D : -7.200944
[setup reg-reg] merge857/Q -> merge889/D : -7.101782
[setup in-reg] in14 -> s943/D : -7.091619
[setup reg-reg] merge866/Q -> merge891/SET_B : -7.075238
[setup in-reg] in48 -> c385/RESET_B : -7.054359
[setup in-reg] in14 -> merge903/RESET_B : -6.917324
[setup reg-reg] merge895/Q -> merge899/D : -6.767769
[setup in-reg] in2 -> c469/SCE : -6.755772
[setup in-reg] in14 -> c579/SCE : -6.745368
[setup in-reg] in2 -> c580/RESET_B : -6.727841
[setup in-reg] in2 -> c472/SET_B : -6.706469
[setup in-reg] in14 -> c591/SCE : -6.698192
[setup in-reg] in2 -> merge912/RESET_B : -6.689558
[setup in-reg] in2 -> merge875/RESET_B : -6.631330
[setup in-reg] in14 -> c580/SCD : -6.628767
[setup reg-out] merge895/Q -> out9 : -6.607474
[setup reg-out] s928/Q -> out16 : -6.527682
[setup in-reg] in2 -> c591/RESET_B : -6.514301
[setup in-reg] in14 -> merge897/RESET_B : -6.487422
[setup reg-reg] merge866/Q -> merge887/RESET_B : -6.449443
[setup in-reg] in2 -> merge903/D : -6.442006
[setup reg-reg] merge866/Q -> c738/RESET_B : -6.438816
[setup reg-reg] merge895/Q -> c738/D : -6.365515
[setup reg-reg] merge866/Q -> merge888/RESET_B : -6.351948
[setup in-reg] in2 -> c591/D : -6.295860
[setup in-reg] in2 -> c472/RESET_B : -6.270679
[setup reg-reg] merge866/Q -> c472/RESET_B : -6.262954
[setup in-reg] in14 -> c469/D : -6.250924
[setup reg-out] merge901/Q -> out61 : -6.246992
[setup in-out] in48 -> out38 : -6.233084
[setup in-reg] in14 -> c579/SCD : -6.211339
[setup reg-reg] merge866/Q -> c230/D : -6.159238
[setup reg-reg] merge866/Q -> c230/SCD : -6.126070
[setup reg-out] merge866/Q -> out53 : -6.092843
[setup reg-reg] merge857/Q -> merge857/D : -6.078526
[setup reg-reg] merge866/Q -> merge909/SCE : -6.034706
[setup reg-reg] merge866/Q -> s921/D : -6.026625
[setup in-reg] in2 -> c580/D : -6.010778
[setup in-reg] in2 -> c429/SCD : -5.881326
[setup reg-reg] merge895/Q -> merge871/D : -5.865323
[setup in-reg] in2 -> c469/SCD : -5.846512
[setup reg-reg] merge866/Q -> c237/SCD : -5.829477
[setup in-reg] in2 -> merge907/GATE : -5.809914
[setup reg-reg] merge866/Q -> c376/SET_B : -5.703575
[setup reg-reg] merge857/Q -> s923/GATE : -5.678139
[setup reg-reg] s929/Q -> s945/D : -5.676447
[setup in-reg] in48 -> c235/SCE : -5.588702
[setup reg-reg] merge866/Q -> merge893/SET_B : -5.559994
[setup in-reg] in2 -> merge888/D : -5.545289
[setup in-reg] in2 -> c472/SCD : -5.539808
[setup reg-out] merge866/Q -> out43 : -5.530159
[setup in-out] in14 -> out29 : -5.492795
[setup in-reg] in2 -> merge895/D : -5.479176
[setup in-reg] in14 -> c729/SCE : -5.437343
[setup in-out] in2 -> out15 : -5.373730
[setup in-reg] in2 -> merge865/RESET_B : -5.327584
[setup reg-reg] s926/Q -> merge916/D : -5.283473
[setup in-reg] in14 -> s939/GATE : -5.238673
[setup in-reg] in14 -> s940/GATE : -5.232690
[setup in-out] in48 -> out34 : -5.116468
[setup in-reg] in2 -> merge876/D : -5.040258
[setup reg-reg] merge857/Q -> c343/SCE : -4.992871
[setup in-reg] in14 -> c325/RESET_B : -4.972461
[setup in-reg] in14 -> c579/RESET_B : -4.959438
[setup in-out] in48 -> out55 : -4.934945
[setup in-reg] in2 -> merge882/SCE : -4.895765
[setup reg-reg] s930/Q -> merge911/D : -4.862787
[setup in-reg] in2 -> merge880/GATE : -4.860871
[setup reg-reg] merge857/Q -> merge856/D : -4.855170
[setup in-reg] in2 -> c599/D : -4.833633
[setup in-reg] in2 -> c738/SCD : -4.826236
[setup reg-reg] merge857/Q -> merge914/RESET_B : -4.789426
[setup in-reg] in2 -> merge916/SET_B : -4.780596
[setup reg-reg] merge857/Q -> merge901/D : -4.770842
[setup in-reg] in2 -> merge867/D : -4.704978
[setup in-reg] in2 -> s934/D : -4.702513
[setup in-reg] in2 -> s946/D : -4.688215
[setup in-reg] in2 -> c594/SCD : -4.668244
[setup in-reg] in2 -> merge822/D : -4.660357
[setup reg-reg] merge857/Q -> s922/GATE : -4.657303
[setup in-reg] in2 -> s935/D : -4.644586
[setup in-reg] in53 -> c376/RESET_B : -4.641164
[setup reg-reg] merge857/Q -> c459/SCD : -4.627690
[setup reg-reg] merge857/Q -> c690/D : -4.612697
[setup in-reg] in2 -> merge893/D : -4.502611
[setup in-reg] in48 -> c385/RESET_B : -4.473343
[setup reg-reg] merge857/Q -> c581/D : -4.428271
[setup reg-reg] merge896/Q -> s928/D : -4.412311
[setup in-reg] in2 -> s941/D : -4.367773
[setup reg-reg] merge857/Q -> merge820/D : -4.340952
[setup reg-reg] merge866/Q -> merge866/RESET_B : -4.327292
[setup in-reg] in2 -> s944/D : -4.305257
[setup in-reg] in2 -> merge840/D : -4.268226
[setup reg-reg] s926/Q -> c613/SET_B : -4.186634
[setup in-reg] in48 -> merge831/D : -4.159560
[setup reg-out] merge867/Q -> out54 : -4.141888
[setup in-reg] in2 -> s917/D : -4.120584
[setup in-reg] in14 -> merge906/DE : -4.101783
[setup in-reg] in14 -> c344/SET_B : -4.085572
[setup reg-reg] merge866/Q -> merge892/D : -4.071591
[setup in-reg] in2 -> merge822/RESET_B : -4.050481
[setup in-out] in48 -> out49 : -4.022502
[setup reg-reg] c472/Q_N -> c729/SET_B : -3.947180
[setup reg-reg] merge857/Q -> c459/D : -3.913839
[setup in-reg] in2 -> c729/RESET_B : -3.879497
[setup in-reg] in48 -> c376/D : -3.877606
[setup reg-reg] merge856/Q_N -> s938/GATE : -3.876136
[setup in-out] in14 -> out39 : -3.867450
[setup reg-out] merge871/Q -> out5 : -3.862313
[setup in-reg] in2 -> merge878/D : -3.856467
[setup reg-reg] merge901/Q -> merge880/SCE : -3.807305
[setup reg-reg] merge857/Q -> c343/SCD : -3.796690
[setup reg-out] merge867/Q -> out2 : -3.795272
[setup reg-out] s925/Q -> out6 : -3.792568
[setup reg-out] s928/Q -> out3 : -3.772162
[setup in-reg] in2 -> merge892/SET_B : -3.755147
[setup in-reg] in2 -> merge886/D : -3.729801
[setup in-out] in2 -> out22 : -3.728035
[setup reg-reg] merge857/Q -> merge853/D : -3.724787
[setup in-reg] in2 -> merge915/RESET_B : -3.716493
[setup reg-reg] merge857/Q -> merge836/SET_B : -3.711582
[setup reg-reg] merge901/Q -> merge896/D : -3.708806
[setup in-out] in2 -> out41 : -3.701697
[setup in-reg] in2 -> merge876/DE : -3.700829
[setup in-out] in48 -> out46 : -3.696926
[setup in-reg] in2 -> s933/D : -3.678236
[setup in-reg] in14 -> c344/SCE : -3.673734
[setup reg-reg] merge857/Q -> merge853/SET_B : -3.670788
[setup in-reg] in2 -> merge820/RESET_B : -3.648853
[setup in-reg] in2 -> s929/D : -3.635882
[setup reg-reg] merge896/Q -> s930/D : -3.607645
[setup reg-reg] merge857/Q -> merge911/RESET_B : -3.604464
[setup reg-reg] merge857/Q -> s926/D : -3.586290
[setup in-out] in48 -> out56 : -3.583436
[setup in-reg] in14 -> c469/SET_B : -3.527487
[setup in-reg] in2 -> c193/D : -3.439698
[setup in-reg] in14 -> merge910/RESET_B : -3.367490
[setup reg-reg] merge857/Q -> merge899/RESET_B : -3.316297
[setup reg-reg] merge896/Q -> merge878/DE : -3.289555
[setup in-out] in48 -> out31 : -3.278822
[setup reg-reg] merge857/Q -> c306/SCD : -3.254131
[setup reg-reg] merge866/Q -> c230/RESET_B : -3.221249
[setup in-reg] in14 -> c579/D : -3.214549
[setup in-reg] in2 -> merge913/RESET_B : -3.188900
[setup reg-reg] merge896/Q -> merge906/D : -3.145408
[setup in-reg] in2 -> merge884/RESET_B : -3.129714
[setup in-out] in48 -> out32 : -3.123781
[setup reg-reg] merge901/Q -> merge913/D : -3.091850
[setup reg-reg] merge896/Q -> c594/D : -3.076484
[setup reg-reg] merge857/Q -> c581/RESET_B : -3.053386
[setup in-reg] in2 -> c429/RESET_B : -3.049562
[setup in-reg] in48 -> merge831/SET_B : -2.986742
[setup reg-reg] merge901/Q -> merge894/D : -2.965906
[setup in-reg] in14 -> c429/SET_B : -2.787031
[setup reg-reg] merge866/Q -> c609/SCD : -2.767869
[setup in-reg] in14 -> merge871/RESET_B : -2.762124
[setup reg-reg] merge901/Q -> merge894/SET_B : -2.741857
[setup in-reg] in2 -> c237/SCE : -2.708560
[setup in-reg] in2 -> c690/DE : -2.662386
[setup reg-reg] merge895/Q -> c479/D : -2.646205
[setup in-reg] in2 -> merge884/D : -2.612112
[setup reg-reg] merge901/Q -> c573/SCD : -2.594109
[setup reg-reg] merge901/Q -> merge825/D : -2.587733
[setup reg-reg] merge901/Q -> merge841/SET_B : -2.572279
[setup in-reg] in2 -> merge823/D : -2.568195
[setup reg-reg] merge901/Q -> c608/SCD : -2.527426
[setup reg-reg] merge857/Q -> merge821/D : -2.494406
[setup in-out] in14 -> out19 : -2.468715
[setup in-reg] in2 -> merge914/D : -2.409783
[setup reg-reg] merge857/Q -> merge856/RESET_B : -2.401302
[setup reg-reg] merge903/Q -> c429/SCE : -2.227596
[setup reg-reg] merge896/Q -> merge825/RESET_B : -2.194148
[setup reg-reg] merge899/Q -> merge910/D : -2.193664
[setup in-reg] in14 -> merge915/D : -2.029084
[setup reg-out] c613/Q -> out10 : -2.025280
[setup in-reg] in48 -> merge886/RESET_B : -2.014521
[setup in-reg] in14 -> c613/SCE : -2.006894
[setup in-out] in2 -> out51 : -1.952011
[setup reg-reg] s927/Q -> c613/D : -1.950549
[setup in-out] in53 -> out13 : -1.932185
[setup reg-reg] merge903/Q -> c729/D : -1.913464
[setup reg-reg] merge857/Q -> c343/D : -1.896170
[setup reg-reg] s941/Q -> s942/D : -1.808858
[setup reg-reg] merge857/Q_N -> c306/D : -1.804668
[setup reg-reg] merge896/Q -> c567/SCD : -1.785216
[setup reg-reg] merge895/Q_N -> c237/D : -1.784240
[setup reg-reg] merge874/Q -> c235/SCD : -1.622193
[setup reg-reg] merge896/Q -> c567/RESET_B : -1.609298
[setup in-reg] in2 -> merge827/RESET_B : -1.561039
[setup reg-reg] merge895/Q_N -> c594/SCE : -1.542269
[setup reg-reg] merge901/Q -> merge821/RESET_B : -1.526042
[setup reg-reg] merge874/Q -> c235/D : -1.347836
[setup in-out] in14 -> out20 : -1.145751
[setup in-reg] in2 -> merge841/D : -0.886089
[setup in-reg] in2 -> c609/D : -0.733820
[setup in-reg] in2 -> c567/SCE : -0.685761
[setup in-reg] in2 -> c608/DE : -0.635157
[setup reg-out] c580/Q -> out7 : -0.633892
[setup in-out] clk -> out21 : -0.602313
[setup reg-out] c472/Q -> out4 : -0.594694
[setup reg-reg] merge857/Q -> c306/RESET_B : -0.535755
[setup reg-reg] s931/Q -> c599/SET_B : -0.526684
[setup in-reg] in2 -> merge857/RESET_B : -0.511590
[setup in-reg] in14 -> c306/SCE : -0.504346
[setup in-reg] in2 -> merge823/RESET_B : -0.495136
[setup in-reg] in14 -> c237/RESET_B : -0.404834
[setup in-out] clk -> out36 : -0.236695
[setup reg-reg] merge866/Q -> c343/RESET_B : -0.123702
[setup in-reg] in2 -> merge901/RESET_B : -0.103673
