
===========================================================================
 report_power
============================================================================
======================= nom_ff_n40C_1v95 Corner ===================================

Group                    Internal    Switching      Leakage        Total
                            Power        Power        Power        Power (Watts)
------------------------------------------------------------------------
Sequential           9.246243e-04 1.302686e-04 3.788771e-09 1.054897e-03  46.7%
Combinational        4.632171e-04 1.979390e-04 5.823493e-09 6.611619e-04  29.3%
Clock                4.383146e-04 1.046473e-04 1.549595e-09 5.429634e-04  24.0%
Macro                0.000000e+00 0.000000e+00 0.000000e+00 0.000000e+00   0.0%
Pad                  0.000000e+00 0.000000e+00 0.000000e+00 0.000000e+00   0.0%
------------------------------------------------------------------------
Total                1.826156e-03 4.328552e-04 1.116185e-08 2.259022e-03 100.0%
                            80.8%        19.2%         0.0%

