
===========================================================================
report_checks -unconstrained
===========================================================================
======================= max_ss_100C_1v60 Corner ===================================

Startpoint: in46 (input port clocked by clk)
Endpoint: merge778 (recovery check against falling-edge clock clk)
Path Group: asynchronous
Path Type: max

Fanout         Cap        Slew       Delay        Time   Description
---------------------------------------------------------------------------------------------
                                  0.000000    0.000000   clock clk (rise edge)
                                  0.000000    0.000000   clock network delay (propagated)
                                  1.600000    1.600000 ^ input external delay
     2    0.003719    0.038404    0.020677    1.620677 ^ in46 (in)
                                                         in46 (net)
                      0.038404    0.000000    1.620677 ^ input42/A (sky130_fd_sc_hd__buf_2)
     9    0.041021    0.322543    0.363345    1.984022 ^ input42/X (sky130_fd_sc_hd__buf_2)
                                                         net847 (net)
                      0.322577    0.002744    1.986765 ^ c53/S0 (sky130_fd_sc_hd__mux4_2)
     9    0.032832    0.299458    1.407881    3.394647 v c53/X (sky130_fd_sc_hd__mux4_2)
                                                         net1 (net)
                      0.299458    0.000942    3.395589 v c55/A2 (sky130_fd_sc_hd__mux4_2)
     5    0.019312    0.241367    1.262546    4.658135 v c55/X (sky130_fd_sc_hd__mux4_2)
                                                         net3 (net)
                      0.241367    0.001548    4.659683 v c56/A3 (sky130_fd_sc_hd__mux4_1)
     2    0.007386    0.206243    1.231784    5.891467 v c56/X (sky130_fd_sc_hd__mux4_1)
                                                         net4 (net)
                      0.206243    0.000503    5.891970 v c58/A2 (sky130_fd_sc_hd__mux4_1)
     1    0.002585    0.148588    1.142995    7.034965 v c58/X (sky130_fd_sc_hd__mux4_1)
                                                         net6 (net)
                      0.148588    0.000142    7.035107 v c60/A1 (sky130_fd_sc_hd__mux4_1)
     2    0.006557    0.197297    1.222778    8.257884 v c60/X (sky130_fd_sc_hd__mux4_1)
                                                         net8 (net)
                      0.197297    0.000467    8.258351 v c61/A0 (sky130_fd_sc_hd__mux4_2)
     3    0.010701    0.193575    1.144389    9.402740 v c61/X (sky130_fd_sc_hd__mux4_2)
                                                         net9 (net)
                      0.193575    0.000566    9.403306 v c62/S0 (sky130_fd_sc_hd__mux4_4)
     2    0.005715    0.221616    1.335868   10.739174 v c62/X (sky130_fd_sc_hd__mux4_4)
                                                         net10 (net)
                      0.221616    0.000219   10.739393 v c63/A1 (sky130_fd_sc_hd__mux4_1)
     1    0.002093    0.143176    1.169875   11.909268 v c63/X (sky130_fd_sc_hd__mux4_1)
                                                         net11 (net)
                      0.143176    0.000132   11.909401 v c64/A1 (sky130_fd_sc_hd__mux4_1)
     2    0.006795    0.199973    1.223898   13.133299 v c64/X (sky130_fd_sc_hd__mux4_1)
                                                         net12 (net)
                      0.199973    0.000580   13.133880 v c66/A (sky130_fd_sc_hd__or2_1)
     3    0.015964    0.206527    0.679075   13.812955 v c66/X (sky130_fd_sc_hd__or2_1)
                                                         net14 (net)
                      0.206527    0.000743   13.813697 v fanout91/A (sky130_fd_sc_hd__buf_2)
    10    0.040257    0.189932    0.426629   14.240327 v fanout91/X (sky130_fd_sc_hd__buf_2)
                                                         net896 (net)
                      0.189958    0.002283   14.242609 v c67/A_N (sky130_fd_sc_hd__and2b_1)
     5    0.020936    0.309721    0.608118   14.850727 ^ c67/X (sky130_fd_sc_hd__and2b_1)
                                                         net15 (net)
                      0.309724    0.001562   14.852289 ^ c68/A (sky130_fd_sc_hd__nand2_2)
     7    0.030334    0.276174    0.338855   15.191145 v c68/Y (sky130_fd_sc_hd__nand2_2)
                                                         net16 (net)
                      0.276179    0.001622   15.192766 v c87/A2 (sky130_fd_sc_hd__mux4_1)
     2    0.008041    0.213010    1.269031   16.461798 v c87/X (sky130_fd_sc_hd__mux4_1)
                                                         net38 (net)
                      0.213010    0.000597   16.462395 v c198/A (sky130_fd_sc_hd__nor2b_2)
     6    0.030597    0.559728    0.566645   17.029039 ^ c198/Y (sky130_fd_sc_hd__nor2b_2)
                                                         net157 (net)
                      0.559739    0.002107   17.031147 ^ merge778/RESET_B (sky130_fd_sc_hd__sdfbbn_1)
                                             17.031147   data arrival time

                                  4.000000    4.000000   clock clk (fall edge)
                                  0.000000    4.000000   clock source latency
     2    0.036060    0.157356    0.112304    4.112304 v clk (in)
                                                         clk (net)
                      0.157435    0.000000    4.112304 v clkbuf_0_clk/A (sky130_fd_sc_hd__clkbuf_16)
    33    0.159149    0.189077    0.411266    4.523570 v clkbuf_0_clk/X (sky130_fd_sc_hd__clkbuf_16)
                                                         clknet_0_clk (net)
                      0.191790    0.018189    4.541759 v clkbuf_4_6_0_clk/A (sky130_fd_sc_hd__clkbuf_8)
    19    0.049331    0.113575    0.359029    4.900788 v clkbuf_4_6_0_clk/X (sky130_fd_sc_hd__clkbuf_8)
                                                         clknet_4_6_0_clk (net)
                      0.113603    0.002085    4.902874 v merge778/CLK_N (sky130_fd_sc_hd__sdfbbn_1)
                                 -0.250000    4.652874   clock uncertainty
                                  0.000000    4.652874   clock reconvergence pessimism
                                 -0.226113    4.426760   library recovery time
                                              4.426760   data required time
---------------------------------------------------------------------------------------------
                                              4.426760   data required time
                                            -17.031147   data arrival time
---------------------------------------------------------------------------------------------
                                            -12.604386   slack (VIOLATED)


Startpoint: c366 (falling edge-triggered flip-flop clocked by clk)
Endpoint: out49 (output port clocked by clk)
Path Group: clk
Path Type: max

Fanout         Cap        Slew       Delay        Time   Description
---------------------------------------------------------------------------------------------
                                  4.000000    4.000000   clock clk (fall edge)
                                  0.000000    4.000000   clock source latency
     2    0.036060    0.157356    0.112304    4.112304 v clk (in)
                                                         clk (net)
                      0.157435    0.000000    4.112304 v clkbuf_0_clk/A (sky130_fd_sc_hd__clkbuf_16)
    33    0.159149    0.189077    0.411266    4.523570 v clkbuf_0_clk/X (sky130_fd_sc_hd__clkbuf_16)
                                                         clknet_0_clk (net)
                      0.190383    0.012844    4.536413 v clkbuf_4_12_0_clk/A (sky130_fd_sc_hd__clkbuf_8)
    13    0.045297    0.106988    0.354121    4.890534 v clkbuf_4_12_0_clk/X (sky130_fd_sc_hd__clkbuf_8)
                                                         clknet_4_12_0_clk (net)
                      0.107066    0.002690    4.893224 v c366/CLK_N (sky130_fd_sc_hd__sdfbbn_1)
     2    0.008501    0.096753    1.176327    6.069551 v c366/Q (sky130_fd_sc_hd__sdfbbn_1)
                                                         net336 (net)
                      0.096753    0.000578    6.070128 v c370/A2 (sky130_fd_sc_hd__o2111a_1)
     1    0.011612    0.149855    0.494114    6.564242 v c370/X (sky130_fd_sc_hd__o2111a_1)
                                                         net341 (net)
                      0.149860    0.001003    6.565245 v clkbuf_0_net341/A (sky130_fd_sc_hd__clkbuf_16)
     2    0.018022    0.055641    0.293606    6.858851 v clkbuf_0_net341/X (sky130_fd_sc_hd__clkbuf_16)
                                                         clknet_0_net341 (net)
                      0.055641    0.001127    6.859979 v clkbuf_1_1__f_net341/A (sky130_fd_sc_hd__clkbuf_16)
     1    0.004858    0.042940    0.230171    7.090149 v clkbuf_1_1__f_net341/X (sky130_fd_sc_hd__clkbuf_16)
                                                         clknet_1_1__leaf_net341 (net)
                      0.042941    0.000346    7.090495 v c373/A3 (sky130_fd_sc_hd__mux4_2)
     1    0.007286    0.175437    1.067776    8.158271 v c373/X (sky130_fd_sc_hd__mux4_2)
                                                         net344 (net)
                      0.175437    0.000536    8.158807 v c382/B (sky130_fd_sc_hd__or2_4)
     1    0.010321    0.095540    0.499319    8.658126 v c382/X (sky130_fd_sc_hd__or2_4)
                                                         net345 (net)
                      0.095540    0.000821    8.658947 v clkbuf_0_net345/A (sky130_fd_sc_hd__clkbuf_16)
     2    0.019369    0.056713    0.268329    8.927276 v clkbuf_0_net345/X (sky130_fd_sc_hd__clkbuf_16)
                                                         clknet_0_net345 (net)
                      0.056713    0.001346    8.928622 v clkbuf_1_0__f_net345/A (sky130_fd_sc_hd__clkbuf_16)
     4    0.015137    0.053014    0.244972    9.173594 v clkbuf_1_0__f_net345/X (sky130_fd_sc_hd__clkbuf_16)
                                                         clknet_1_0__leaf_net345 (net)
                      0.053014    0.000727    9.174321 v c383/A_N (sky130_fd_sc_hd__nand2b_4)
     1    0.008609    0.092428    0.252536    9.426857 v c383/Y (sky130_fd_sc_hd__nand2b_4)
                                                         net872 (net)
                      0.092429    0.000444    9.427301 v clkbuf_0_net872/A (sky130_fd_sc_hd__clkbuf_16)
     2    0.018648    0.056050    0.266128    9.693429 v clkbuf_0_net872/X (sky130_fd_sc_hd__clkbuf_16)
                                                         clknet_0_net872 (net)
                      0.056050    0.000970    9.694399 v clkbuf_1_0__f_net872/A (sky130_fd_sc_hd__clkbuf_16)
     3    0.020289    0.057445    0.250709    9.945108 v clkbuf_1_0__f_net872/X (sky130_fd_sc_hd__clkbuf_16)
                                                         clknet_1_0__leaf_net872 (net)
                      0.057445    0.000637    9.945745 v c385/A (sky130_fd_sc_hd__nand3_2)
     1    0.009575    0.115465    0.115165   10.060909 ^ c385/Y (sky130_fd_sc_hd__nand3_2)
                                                         net866 (net)
                      0.115466    0.000750   10.061660 ^ clkbuf_0_net866/A (sky130_fd_sc_hd__clkbuf_16)
     2    0.020929    0.068592    0.243314   10.304974 ^ clkbuf_0_net866/X (sky130_fd_sc_hd__clkbuf_16)
                                                         clknet_0_net866 (net)
                      0.068616    0.001496   10.306469 ^ clkbuf_1_0__f_net866/A (sky130_fd_sc_hd__clkbuf_16)
     3    0.012281    0.057813    0.209899   10.516368 ^ clkbuf_1_0__f_net866/X (sky130_fd_sc_hd__clkbuf_16)
                                                         clknet_1_0__leaf_net866 (net)
                      0.057813    0.000539   10.516907 ^ c386/D_N (sky130_fd_sc_hd__or4bb_4)
     1    0.011357    0.177562    0.947001   11.463907 v c386/X (sky130_fd_sc_hd__or4bb_4)
                                                         net347 (net)
                      0.177562    0.001000   11.464908 v clkbuf_0_net347/A (sky130_fd_sc_hd__clkbuf_16)
     2    0.020945    0.058194    0.310589   11.775496 v clkbuf_0_net347/X (sky130_fd_sc_hd__clkbuf_16)
                                                         clknet_0_net347 (net)
                      0.058194    0.001473   11.776970 v clkbuf_1_0__f_net347/A (sky130_fd_sc_hd__clkbuf_16)
     4    0.016232    0.053963    0.246940   12.023911 v clkbuf_1_0__f_net347/X (sky130_fd_sc_hd__clkbuf_16)
                                                         clknet_1_0__leaf_net347 (net)
                      0.053963    0.000774   12.024685 v c389/A2 (sky130_fd_sc_hd__mux4_2)
     1    0.015032    0.222489    1.131250   13.155934 v c389/X (sky130_fd_sc_hd__mux4_2)
                                                         net348 (net)
                      0.222494    0.001394   13.157329 v clkbuf_0_net348/A (sky130_fd_sc_hd__clkbuf_16)
     2    0.026566    0.063311    0.338976   13.496305 v clkbuf_0_net348/X (sky130_fd_sc_hd__clkbuf_16)
                                                         clknet_0_net348 (net)
                      0.063461    0.002402   13.498707 v clkbuf_1_0__f_net348/A (sky130_fd_sc_hd__clkbuf_16)
     2    0.012780    0.051000    0.245303   13.744010 v clkbuf_1_0__f_net348/X (sky130_fd_sc_hd__clkbuf_16)
                                                         clknet_1_0__leaf_net348 (net)
                      0.051002    0.000775   13.744785 v c391/A1 (sky130_fd_sc_hd__mux4_2)
     1    0.012560    0.205005    1.085546   14.830331 v c391/X (sky130_fd_sc_hd__mux4_2)
                                                         net870 (net)
                      0.205007    0.001189   14.831520 v clkbuf_0_net870/A (sky130_fd_sc_hd__clkbuf_16)
     2    0.020366    0.057756    0.323413   15.154934 v clkbuf_0_net870/X (sky130_fd_sc_hd__clkbuf_16)
                                                         clknet_0_net870 (net)
                      0.057756    0.001103   15.156037 v clkbuf_1_1__f_net870/A (sky130_fd_sc_hd__clkbuf_16)
     3    0.016733    0.054395    0.247326   15.403362 v clkbuf_1_1__f_net870/X (sky130_fd_sc_hd__clkbuf_16)
                                                         clknet_1_1__leaf_net870 (net)
                      0.054395    0.000719   15.404082 v c392/A3 (sky130_fd_sc_hd__mux4_4)
     1    0.009254    0.237262    1.396227   16.800308 v c392/X (sky130_fd_sc_hd__mux4_4)
                                                         net865 (net)
                      0.237262    0.000792   16.801102 v clkbuf_0_net865/A (sky130_fd_sc_hd__clkbuf_16)
     2    0.012813    0.051426    0.330447   17.131548 v clkbuf_0_net865/X (sky130_fd_sc_hd__clkbuf_16)
                                                         clknet_0_net865 (net)
                      0.051428    0.000908   17.132456 v clkbuf_1_0__f_net865/A (sky130_fd_sc_hd__clkbuf_16)
     2    0.009917    0.048435    0.236362   17.368818 v clkbuf_1_0__f_net865/X (sky130_fd_sc_hd__clkbuf_16)
                                                         clknet_1_0__leaf_net865 (net)
                      0.048436    0.000499   17.369318 v c393/A3 (sky130_fd_sc_hd__mux4_2)
     1    0.008090    0.180164    1.077796   18.447113 v c393/X (sky130_fd_sc_hd__mux4_2)
                                                         net869 (net)
                      0.180164    0.000624   18.447737 v clkbuf_0_net869/A (sky130_fd_sc_hd__clkbuf_16)
     2    0.017895    0.055589    0.308374   18.756109 v clkbuf_0_net869/X (sky130_fd_sc_hd__clkbuf_16)
                                                         clknet_0_net869 (net)
                      0.055589    0.001041   18.757151 v clkbuf_1_0__f_net869/A (sky130_fd_sc_hd__clkbuf_16)
     2    0.015214    0.053064    0.244592   19.001743 v clkbuf_1_0__f_net869/X (sky130_fd_sc_hd__clkbuf_16)
                                                         clknet_1_0__leaf_net869 (net)
                      0.053064    0.000519   19.002262 v c394/A3 (sky130_fd_sc_hd__mux4_2)
     1    0.014259    0.216929    1.137842   20.140104 v c394/X (sky130_fd_sc_hd__mux4_2)
                                                         net876 (net)
                      0.216937    0.001659   20.141762 v clkbuf_0_net876/A (sky130_fd_sc_hd__clkbuf_16)
     2    0.016417    0.054397    0.324745   20.466507 v clkbuf_0_net876/X (sky130_fd_sc_hd__clkbuf_16)
                                                         clknet_0_net876 (net)
                      0.054397    0.001132   20.467638 v clkbuf_1_0__f_net876/A (sky130_fd_sc_hd__clkbuf_16)
     1    0.004621    0.042685    0.229194   20.696833 v clkbuf_1_0__f_net876/X (sky130_fd_sc_hd__clkbuf_16)
                                                         clknet_1_0__leaf_net876 (net)
                      0.042686    0.000341   20.697174 v c395/A3 (sky130_fd_sc_hd__mux4_4)
     1    0.009629    0.238189    1.393740   22.090914 v c395/X (sky130_fd_sc_hd__mux4_4)
                                                         net874 (net)
                      0.238189    0.000780   22.091694 v output69/A (sky130_fd_sc_hd__buf_8)
     1    0.036618    0.070735    0.321592   22.413286 v output69/X (sky130_fd_sc_hd__buf_8)
                                                         out49 (net)
                      0.070802    0.001958   22.415243 v out49 (out)
                                             22.415243   data arrival time

                                  8.000000    8.000000   clock clk (rise edge)
                                  0.000000    8.000000   clock network delay (propagated)
                                 -0.250000    7.750000   clock uncertainty
                                  0.000000    7.750000   clock reconvergence pessimism
                                 -1.600000    6.150000   output external delay
                                              6.150000   data required time
---------------------------------------------------------------------------------------------
                                              6.150000   data required time
                                            -22.415243   data arrival time
---------------------------------------------------------------------------------------------
                                            -16.265244   slack (VIOLATED)




===========================================================================
report_checks --slack_max -0.01
============================================================================
======================= max_ss_100C_1v60 Corner ===================================

Startpoint: in46 (input port clocked by clk)
Endpoint: merge778 (recovery check against falling-edge clock clk)
Path Group: asynchronous
Path Type: max

Fanout         Cap        Slew       Delay        Time   Description
---------------------------------------------------------------------------------------------
                                  0.000000    0.000000   clock clk (rise edge)
                                  0.000000    0.000000   clock network delay (propagated)
                                  1.600000    1.600000 ^ input external delay
     2    0.003719    0.038404    0.020677    1.620677 ^ in46 (in)
                                                         in46 (net)
                      0.038404    0.000000    1.620677 ^ input42/A (sky130_fd_sc_hd__buf_2)
     9    0.041021    0.322543    0.363345    1.984022 ^ input42/X (sky130_fd_sc_hd__buf_2)
                                                         net847 (net)
                      0.322577    0.002744    1.986765 ^ c53/S0 (sky130_fd_sc_hd__mux4_2)
     9    0.032832    0.299458    1.407881    3.394647 v c53/X (sky130_fd_sc_hd__mux4_2)
                                                         net1 (net)
                      0.299458    0.000942    3.395589 v c55/A2 (sky130_fd_sc_hd__mux4_2)
     5    0.019312    0.241367    1.262546    4.658135 v c55/X (sky130_fd_sc_hd__mux4_2)
                                                         net3 (net)
                      0.241367    0.001548    4.659683 v c56/A3 (sky130_fd_sc_hd__mux4_1)
     2    0.007386    0.206243    1.231784    5.891467 v c56/X (sky130_fd_sc_hd__mux4_1)
                                                         net4 (net)
                      0.206243    0.000503    5.891970 v c58/A2 (sky130_fd_sc_hd__mux4_1)
     1    0.002585    0.148588    1.142995    7.034965 v c58/X (sky130_fd_sc_hd__mux4_1)
                                                         net6 (net)
                      0.148588    0.000142    7.035107 v c60/A1 (sky130_fd_sc_hd__mux4_1)
     2    0.006557    0.197297    1.222778    8.257884 v c60/X (sky130_fd_sc_hd__mux4_1)
                                                         net8 (net)
                      0.197297    0.000467    8.258351 v c61/A0 (sky130_fd_sc_hd__mux4_2)
     3    0.010701    0.193575    1.144389    9.402740 v c61/X (sky130_fd_sc_hd__mux4_2)
                                                         net9 (net)
                      0.193575    0.000566    9.403306 v c62/S0 (sky130_fd_sc_hd__mux4_4)
     2    0.005715    0.221616    1.335868   10.739174 v c62/X (sky130_fd_sc_hd__mux4_4)
                                                         net10 (net)
                      0.221616    0.000219   10.739393 v c63/A1 (sky130_fd_sc_hd__mux4_1)
     1    0.002093    0.143176    1.169875   11.909268 v c63/X (sky130_fd_sc_hd__mux4_1)
                                                         net11 (net)
                      0.143176    0.000132   11.909401 v c64/A1 (sky130_fd_sc_hd__mux4_1)
     2    0.006795    0.199973    1.223898   13.133299 v c64/X (sky130_fd_sc_hd__mux4_1)
                                                         net12 (net)
                      0.199973    0.000580   13.133880 v c66/A (sky130_fd_sc_hd__or2_1)
     3    0.015964    0.206527    0.679075   13.812955 v c66/X (sky130_fd_sc_hd__or2_1)
                                                         net14 (net)
                      0.206527    0.000743   13.813697 v fanout91/A (sky130_fd_sc_hd__buf_2)
    10    0.040257    0.189932    0.426629   14.240327 v fanout91/X (sky130_fd_sc_hd__buf_2)
                                                         net896 (net)
                      0.189958    0.002283   14.242609 v c67/A_N (sky130_fd_sc_hd__and2b_1)
     5    0.020936    0.309721    0.608118   14.850727 ^ c67/X (sky130_fd_sc_hd__and2b_1)
                                                         net15 (net)
                      0.309724    0.001562   14.852289 ^ c68/A (sky130_fd_sc_hd__nand2_2)
     7    0.030334    0.276174    0.338855   15.191145 v c68/Y (sky130_fd_sc_hd__nand2_2)
                                                         net16 (net)
                      0.276179    0.001622   15.192766 v c87/A2 (sky130_fd_sc_hd__mux4_1)
     2    0.008041    0.213010    1.269031   16.461798 v c87/X (sky130_fd_sc_hd__mux4_1)
                                                         net38 (net)
                      0.213010    0.000597   16.462395 v c198/A (sky130_fd_sc_hd__nor2b_2)
     6    0.030597    0.559728    0.566645   17.029039 ^ c198/Y (sky130_fd_sc_hd__nor2b_2)
                                                         net157 (net)
                      0.559739    0.002107   17.031147 ^ merge778/RESET_B (sky130_fd_sc_hd__sdfbbn_1)
                                             17.031147   data arrival time

                                  4.000000    4.000000   clock clk (fall edge)
                                  0.000000    4.000000   clock source latency
     2    0.036060    0.157356    0.112304    4.112304 v clk (in)
                                                         clk (net)
                      0.157435    0.000000    4.112304 v clkbuf_0_clk/A (sky130_fd_sc_hd__clkbuf_16)
    33    0.159149    0.189077    0.411266    4.523570 v clkbuf_0_clk/X (sky130_fd_sc_hd__clkbuf_16)
                                                         clknet_0_clk (net)
                      0.191790    0.018189    4.541759 v clkbuf_4_6_0_clk/A (sky130_fd_sc_hd__clkbuf_8)
    19    0.049331    0.113575    0.359029    4.900788 v clkbuf_4_6_0_clk/X (sky130_fd_sc_hd__clkbuf_8)
                                                         clknet_4_6_0_clk (net)
                      0.113603    0.002085    4.902874 v merge778/CLK_N (sky130_fd_sc_hd__sdfbbn_1)
                                 -0.250000    4.652874   clock uncertainty
                                  0.000000    4.652874   clock reconvergence pessimism
                                 -0.226113    4.426760   library recovery time
                                              4.426760   data required time
---------------------------------------------------------------------------------------------
                                              4.426760   data required time
                                            -17.031147   data arrival time
---------------------------------------------------------------------------------------------
                                            -12.604386   slack (VIOLATED)


Startpoint: c366 (falling edge-triggered flip-flop clocked by clk)
Endpoint: out49 (output port clocked by clk)
Path Group: clk
Path Type: max

Fanout         Cap        Slew       Delay        Time   Description
---------------------------------------------------------------------------------------------
                                  4.000000    4.000000   clock clk (fall edge)
                                  0.000000    4.000000   clock source latency
     2    0.036060    0.157356    0.112304    4.112304 v clk (in)
                                                         clk (net)
                      0.157435    0.000000    4.112304 v clkbuf_0_clk/A (sky130_fd_sc_hd__clkbuf_16)
    33    0.159149    0.189077    0.411266    4.523570 v clkbuf_0_clk/X (sky130_fd_sc_hd__clkbuf_16)
                                                         clknet_0_clk (net)
                      0.190383    0.012844    4.536413 v clkbuf_4_12_0_clk/A (sky130_fd_sc_hd__clkbuf_8)
    13    0.045297    0.106988    0.354121    4.890534 v clkbuf_4_12_0_clk/X (sky130_fd_sc_hd__clkbuf_8)
                                                         clknet_4_12_0_clk (net)
                      0.107066    0.002690    4.893224 v c366/CLK_N (sky130_fd_sc_hd__sdfbbn_1)
     2    0.008501    0.096753    1.176327    6.069551 v c366/Q (sky130_fd_sc_hd__sdfbbn_1)
                                                         net336 (net)
                      0.096753    0.000578    6.070128 v c370/A2 (sky130_fd_sc_hd__o2111a_1)
     1    0.011612    0.149855    0.494114    6.564242 v c370/X (sky130_fd_sc_hd__o2111a_1)
                                                         net341 (net)
                      0.149860    0.001003    6.565245 v clkbuf_0_net341/A (sky130_fd_sc_hd__clkbuf_16)
     2    0.018022    0.055641    0.293606    6.858851 v clkbuf_0_net341/X (sky130_fd_sc_hd__clkbuf_16)
                                                         clknet_0_net341 (net)
                      0.055641    0.001127    6.859979 v clkbuf_1_1__f_net341/A (sky130_fd_sc_hd__clkbuf_16)
     1    0.004858    0.042940    0.230171    7.090149 v clkbuf_1_1__f_net341/X (sky130_fd_sc_hd__clkbuf_16)
                                                         clknet_1_1__leaf_net341 (net)
                      0.042941    0.000346    7.090495 v c373/A3 (sky130_fd_sc_hd__mux4_2)
     1    0.007286    0.175437    1.067776    8.158271 v c373/X (sky130_fd_sc_hd__mux4_2)
                                                         net344 (net)
                      0.175437    0.000536    8.158807 v c382/B (sky130_fd_sc_hd__or2_4)
     1    0.010321    0.095540    0.499319    8.658126 v c382/X (sky130_fd_sc_hd__or2_4)
                                                         net345 (net)
                      0.095540    0.000821    8.658947 v clkbuf_0_net345/A (sky130_fd_sc_hd__clkbuf_16)
     2    0.019369    0.056713    0.268329    8.927276 v clkbuf_0_net345/X (sky130_fd_sc_hd__clkbuf_16)
                                                         clknet_0_net345 (net)
                      0.056713    0.001346    8.928622 v clkbuf_1_0__f_net345/A (sky130_fd_sc_hd__clkbuf_16)
     4    0.015137    0.053014    0.244972    9.173594 v clkbuf_1_0__f_net345/X (sky130_fd_sc_hd__clkbuf_16)
                                                         clknet_1_0__leaf_net345 (net)
                      0.053014    0.000727    9.174321 v c383/A_N (sky130_fd_sc_hd__nand2b_4)
     1    0.008609    0.092428    0.252536    9.426857 v c383/Y (sky130_fd_sc_hd__nand2b_4)
                                                         net872 (net)
                      0.092429    0.000444    9.427301 v clkbuf_0_net872/A (sky130_fd_sc_hd__clkbuf_16)
     2    0.018648    0.056050    0.266128    9.693429 v clkbuf_0_net872/X (sky130_fd_sc_hd__clkbuf_16)
                                                         clknet_0_net872 (net)
                      0.056050    0.000970    9.694399 v clkbuf_1_0__f_net872/A (sky130_fd_sc_hd__clkbuf_16)
     3    0.020289    0.057445    0.250709    9.945108 v clkbuf_1_0__f_net872/X (sky130_fd_sc_hd__clkbuf_16)
                                                         clknet_1_0__leaf_net872 (net)
                      0.057445    0.000637    9.945745 v c385/A (sky130_fd_sc_hd__nand3_2)
     1    0.009575    0.115465    0.115165   10.060909 ^ c385/Y (sky130_fd_sc_hd__nand3_2)
                                                         net866 (net)
                      0.115466    0.000750   10.061660 ^ clkbuf_0_net866/A (sky130_fd_sc_hd__clkbuf_16)
     2    0.020929    0.068592    0.243314   10.304974 ^ clkbuf_0_net866/X (sky130_fd_sc_hd__clkbuf_16)
                                                         clknet_0_net866 (net)
                      0.068616    0.001496   10.306469 ^ clkbuf_1_0__f_net866/A (sky130_fd_sc_hd__clkbuf_16)
     3    0.012281    0.057813    0.209899   10.516368 ^ clkbuf_1_0__f_net866/X (sky130_fd_sc_hd__clkbuf_16)
                                                         clknet_1_0__leaf_net866 (net)
                      0.057813    0.000539   10.516907 ^ c386/D_N (sky130_fd_sc_hd__or4bb_4)
     1    0.011357    0.177562    0.947001   11.463907 v c386/X (sky130_fd_sc_hd__or4bb_4)
                                                         net347 (net)
                      0.177562    0.001000   11.464908 v clkbuf_0_net347/A (sky130_fd_sc_hd__clkbuf_16)
     2    0.020945    0.058194    0.310589   11.775496 v clkbuf_0_net347/X (sky130_fd_sc_hd__clkbuf_16)
                                                         clknet_0_net347 (net)
                      0.058194    0.001473   11.776970 v clkbuf_1_0__f_net347/A (sky130_fd_sc_hd__clkbuf_16)
     4    0.016232    0.053963    0.246940   12.023911 v clkbuf_1_0__f_net347/X (sky130_fd_sc_hd__clkbuf_16)
                                                         clknet_1_0__leaf_net347 (net)
                      0.053963    0.000774   12.024685 v c389/A2 (sky130_fd_sc_hd__mux4_2)
     1    0.015032    0.222489    1.131250   13.155934 v c389/X (sky130_fd_sc_hd__mux4_2)
                                                         net348 (net)
                      0.222494    0.001394   13.157329 v clkbuf_0_net348/A (sky130_fd_sc_hd__clkbuf_16)
     2    0.026566    0.063311    0.338976   13.496305 v clkbuf_0_net348/X (sky130_fd_sc_hd__clkbuf_16)
                                                         clknet_0_net348 (net)
                      0.063461    0.002402   13.498707 v clkbuf_1_0__f_net348/A (sky130_fd_sc_hd__clkbuf_16)
     2    0.012780    0.051000    0.245303   13.744010 v clkbuf_1_0__f_net348/X (sky130_fd_sc_hd__clkbuf_16)
                                                         clknet_1_0__leaf_net348 (net)
                      0.051002    0.000775   13.744785 v c391/A1 (sky130_fd_sc_hd__mux4_2)
     1    0.012560    0.205005    1.085546   14.830331 v c391/X (sky130_fd_sc_hd__mux4_2)
                                                         net870 (net)
                      0.205007    0.001189   14.831520 v clkbuf_0_net870/A (sky130_fd_sc_hd__clkbuf_16)
     2    0.020366    0.057756    0.323413   15.154934 v clkbuf_0_net870/X (sky130_fd_sc_hd__clkbuf_16)
                                                         clknet_0_net870 (net)
                      0.057756    0.001103   15.156037 v clkbuf_1_1__f_net870/A (sky130_fd_sc_hd__clkbuf_16)
     3    0.016733    0.054395    0.247326   15.403362 v clkbuf_1_1__f_net870/X (sky130_fd_sc_hd__clkbuf_16)
                                                         clknet_1_1__leaf_net870 (net)
                      0.054395    0.000719   15.404082 v c392/A3 (sky130_fd_sc_hd__mux4_4)
     1    0.009254    0.237262    1.396227   16.800308 v c392/X (sky130_fd_sc_hd__mux4_4)
                                                         net865 (net)
                      0.237262    0.000792   16.801102 v clkbuf_0_net865/A (sky130_fd_sc_hd__clkbuf_16)
     2    0.012813    0.051426    0.330447   17.131548 v clkbuf_0_net865/X (sky130_fd_sc_hd__clkbuf_16)
                                                         clknet_0_net865 (net)
                      0.051428    0.000908   17.132456 v clkbuf_1_0__f_net865/A (sky130_fd_sc_hd__clkbuf_16)
     2    0.009917    0.048435    0.236362   17.368818 v clkbuf_1_0__f_net865/X (sky130_fd_sc_hd__clkbuf_16)
                                                         clknet_1_0__leaf_net865 (net)
                      0.048436    0.000499   17.369318 v c393/A3 (sky130_fd_sc_hd__mux4_2)
     1    0.008090    0.180164    1.077796   18.447113 v c393/X (sky130_fd_sc_hd__mux4_2)
                                                         net869 (net)
                      0.180164    0.000624   18.447737 v clkbuf_0_net869/A (sky130_fd_sc_hd__clkbuf_16)
     2    0.017895    0.055589    0.308374   18.756109 v clkbuf_0_net869/X (sky130_fd_sc_hd__clkbuf_16)
                                                         clknet_0_net869 (net)
                      0.055589    0.001041   18.757151 v clkbuf_1_0__f_net869/A (sky130_fd_sc_hd__clkbuf_16)
     2    0.015214    0.053064    0.244592   19.001743 v clkbuf_1_0__f_net869/X (sky130_fd_sc_hd__clkbuf_16)
                                                         clknet_1_0__leaf_net869 (net)
                      0.053064    0.000519   19.002262 v c394/A3 (sky130_fd_sc_hd__mux4_2)
     1    0.014259    0.216929    1.137842   20.140104 v c394/X (sky130_fd_sc_hd__mux4_2)
                                                         net876 (net)
                      0.216937    0.001659   20.141762 v clkbuf_0_net876/A (sky130_fd_sc_hd__clkbuf_16)
     2    0.016417    0.054397    0.324745   20.466507 v clkbuf_0_net876/X (sky130_fd_sc_hd__clkbuf_16)
                                                         clknet_0_net876 (net)
                      0.054397    0.001132   20.467638 v clkbuf_1_0__f_net876/A (sky130_fd_sc_hd__clkbuf_16)
     1    0.004621    0.042685    0.229194   20.696833 v clkbuf_1_0__f_net876/X (sky130_fd_sc_hd__clkbuf_16)
                                                         clknet_1_0__leaf_net876 (net)
                      0.042686    0.000341   20.697174 v c395/A3 (sky130_fd_sc_hd__mux4_4)
     1    0.009629    0.238189    1.393740   22.090914 v c395/X (sky130_fd_sc_hd__mux4_4)
                                                         net874 (net)
                      0.238189    0.000780   22.091694 v output69/A (sky130_fd_sc_hd__buf_8)
     1    0.036618    0.070735    0.321592   22.413286 v output69/X (sky130_fd_sc_hd__buf_8)
                                                         out49 (net)
                      0.070802    0.001958   22.415243 v out49 (out)
                                             22.415243   data arrival time

                                  8.000000    8.000000   clock clk (rise edge)
                                  0.000000    8.000000   clock network delay (propagated)
                                 -0.250000    7.750000   clock uncertainty
                                  0.000000    7.750000   clock reconvergence pessimism
                                 -1.600000    6.150000   output external delay
                                              6.150000   data required time
---------------------------------------------------------------------------------------------
                                              6.150000   data required time
                                            -22.415243   data arrival time
---------------------------------------------------------------------------------------------
                                            -16.265244   slack (VIOLATED)




===========================================================================
 report_check_types -max_slew -max_cap -max_fanout -violators
============================================================================
======================= max_ss_100C_1v60 Corner ===================================

max slew

Pin                                        Limit        Slew       Slack
------------------------------------------------------------------------
c390/Y                                  0.750000    1.640269   -0.890269 (VIOLATED)
clkbuf_0_net863/A                       0.750000    1.640269   -0.890269 (VIOLATED)
c364/Y                                  0.750000    1.606670   -0.856670 (VIOLATED)
clkbuf_0_net332/A                       0.750000    1.606670   -0.856670 (VIOLATED)
c478/Y                                  0.750000    0.763068   -0.013068 (VIOLATED)
c479/RESET_B                            0.750000    0.763068   -0.013068 (VIOLATED)
max_cap74/A                             0.750000    0.763068   -0.013068 (VIOLATED)
merge787/A0                             0.750000    0.763068   -0.013068 (VIOLATED)

max fanout

Pin                                   Limit Fanout  Slack
---------------------------------------------------------
clkbuf_0_clk/X                           10     33    -23 (VIOLATED)
clkbuf_4_7_0_clk/X                       10     27    -17 (VIOLATED)
clkbuf_4_0_0_clk/X                       10     25    -15 (VIOLATED)
clkbuf_4_4_0_clk/X                       10     25    -15 (VIOLATED)
clkbuf_4_9_0_clk/X                       10     23    -13 (VIOLATED)
clkbuf_4_13_0_clk/X                      10     21    -11 (VIOLATED)
clkbuf_4_14_0_clk/X                      10     21    -11 (VIOLATED)
fanout102/X                              10     21    -11 (VIOLATED)
c176/Y                                   10     19     -9 (VIOLATED)
clkbuf_4_1_0_clk/X                       10     19     -9 (VIOLATED)
clkbuf_4_6_0_clk/X                       10     19     -9 (VIOLATED)
c256/X                                   10     17     -7 (VIOLATED)
clkbuf_4_3_0_clk/X                       10     15     -5 (VIOLATED)
clkbuf_4_12_0_clk/X                      10     13     -3 (VIOLATED)

max capacitance

Pin                                        Limit         Cap       Slack
------------------------------------------------------------------------
c390/Y                                  0.010081    0.012083   -0.002002 (VIOLATED)
c364/Y                                  0.010081    0.011782   -0.001701 (VIOLATED)



===========================================================================
report_parasitic_annotation -report_unannotated
============================================================================
Found 24 unannotated drivers.
 rst
 c191/Q_N
 c345/Q_N
 c538/Q_N
 c540/Q_N
 c77/Q_N
 c81/Q_N
 c82/Q_N
 s792/Q_N
 s801/Q_N
 s802/Q_N
 s808/Q_N
 s816/Q_N
 s817/Q_N
 s825/Q_N
 s833/Q_N
 s840/Q_N
 s841/Q_N
 s848/Q_N
 s850/Q_N
 s856/Q_N
 s857/Q_N
 s865/Q
 s865/Q_N
Found 0 partially unannotated drivers.

===========================================================================
max slew violation count 8
max fanout violation count 14
max cap violation count 2
============================================================================

===========================================================================
check_setup -verbose -unconstrained_endpoints -multiple_clock -no_clock -no_input_delay -loops -generated_clocks
===========================================================================
Warning: There are 36 unconstrained endpoints.
  out0
  out1
  out10
  out11
  out13
  out14
  out15
  out16
  out17
  out2
  out20
  out22
  out24
  out25
  out27
  out28
  out29
  out31
  out32
  out34
  out36
  out37
  out38
  out39
  out4
  out40
  out42
  out43
  out6
  out8
  out9
  merge763/SCE
  merge766/SCE
  merge767/SCE
  merge772/SCE
  merge776/SCE
