
===========================================================================
report_checks -unconstrained
===========================================================================
======================= max_ss_100C_1v60 Corner ===================================

Startpoint: in12 (input port clocked by clk)
Endpoint: c743 (recovery check against falling-edge clock clk)
Path Group: asynchronous
Path Type: max

Fanout         Cap        Slew       Delay        Time   Description
---------------------------------------------------------------------------------------------
                                  0.000000    0.000000   clock clk (rise edge)
                                  0.000000    0.000000   clock network delay (propagated)
                                  1.600000    1.600000 v input external delay
     2    0.003819    0.022423    0.012483    1.612483 v in12 (in)
                                                         in12 (net)
                      0.022424    0.000000    1.612483 v input5/A (sky130_fd_sc_hd__buf_1)
     2    0.018826    0.219535    0.269258    1.881742 v input5/X (sky130_fd_sc_hd__buf_1)
                                                         net697 (net)
                      0.219642    0.002579    1.884321 v c132/A (sky130_fd_sc_hd__or2_4)
     7    0.039409    0.158295    0.638069    2.522390 v c132/X (sky130_fd_sc_hd__or2_4)
                                                         net59 (net)
                      0.158325    0.002144    2.524534 v fanout134/A (sky130_fd_sc_hd__buf_12)
    21    0.110023    0.116108    0.324507    2.849041 v fanout134/X (sky130_fd_sc_hd__buf_12)
                                                         net826 (net)
                      0.116877    0.007684    2.856725 v c133/B_N (sky130_fd_sc_hd__nor2b_4)
     3    0.006969    0.121215    0.248556    3.105281 v c133/Y (sky130_fd_sc_hd__nor2b_4)
                                                         net60 (net)
                      0.121215    0.000211    3.105491 v c134/B_N (sky130_fd_sc_hd__or2b_4)
     4    0.028525    0.153200    0.494252    3.599744 ^ c134/X (sky130_fd_sc_hd__or2b_4)
                                                         net61 (net)
                      0.153201    0.000806    3.600549 ^ c145/B_N (sky130_fd_sc_hd__or2b_4)
     4    0.016906    0.110717    0.584471    4.185020 v c145/X (sky130_fd_sc_hd__or2b_4)
                                                         net71 (net)
                      0.110721    0.000829    4.185849 v c148/B (sky130_fd_sc_hd__nand2_1)
     2    0.009604    0.164470    0.187075    4.372924 ^ c148/Y (sky130_fd_sc_hd__nand2_1)
                                                         net74 (net)
                      0.164470    0.000361    4.373284 ^ c149/A (sky130_fd_sc_hd__or3b_4)
     2    0.022123    0.136777    0.323662    4.696947 ^ c149/X (sky130_fd_sc_hd__or3b_4)
                                                         net75 (net)
                      0.136782    0.001033    4.697979 ^ c151/B (sky130_fd_sc_hd__nor2_8)
     5    0.024025    0.088290    0.095632    4.793612 v c151/Y (sky130_fd_sc_hd__nor2_8)
                                                         net77 (net)
                      0.088291    0.001093    4.794705 v c152/D1 (sky130_fd_sc_hd__o2111a_1)
     2    0.004014    0.083356    0.226408    5.021112 v c152/X (sky130_fd_sc_hd__o2111a_1)
                                                         net78 (net)
                      0.083356    0.000248    5.021360 v rebuffer15/A (sky130_fd_sc_hd__dlymetal6s2s_1)
     1    0.003690    0.080714    0.290041    5.311402 v rebuffer15/X (sky130_fd_sc_hd__dlymetal6s2s_1)
                                                         net841 (net)
                      0.080714    0.000242    5.311644 v c153/B (sky130_fd_sc_hd__or3_4)
     2    0.021149    0.167165    0.801574    6.113219 v c153/X (sky130_fd_sc_hd__or3_4)
                                                         net79 (net)
                      0.167176    0.001555    6.114774 v rebuffer4/A (sky130_fd_sc_hd__dlygate4sd1_1)
     2    0.010050    0.120736    0.579766    6.694540 v rebuffer4/X (sky130_fd_sc_hd__dlygate4sd1_1)
                                                         net830 (net)
                      0.120739    0.000804    6.695344 v c405/B (sky130_fd_sc_hd__and2_1)
     5    0.033662    0.317831    0.556752    7.252097 v c405/X (sky130_fd_sc_hd__and2_1)
                                                         net292 (net)
                      0.317840    0.002013    7.254109 v fanout129/A (sky130_fd_sc_hd__buf_4)
    21    0.103774    0.237145    0.529353    7.783463 v fanout129/X (sky130_fd_sc_hd__buf_4)
                                                         net821 (net)
                      0.238769    0.015206    7.798668 v c464/B (sky130_fd_sc_hd__or2_4)
    19    0.062660    0.209391    0.659187    8.457856 v c464/X (sky130_fd_sc_hd__or2_4)
                                                         net352 (net)
                      0.209686    0.007010    8.464866 v c731/A0 (sky130_fd_sc_hd__mux4_1)
     1    0.002616    0.148861    1.147774    9.612639 v c731/X (sky130_fd_sc_hd__mux4_1)
                                                         net578 (net)
                      0.148861    0.000190    9.612830 v c738/B (sky130_fd_sc_hd__nor3b_1)
     2    0.010175    0.611661    0.601170   10.214000 ^ c738/Y (sky130_fd_sc_hd__nor3b_1)
                                                         net585 (net)
                      0.611661    0.000346   10.214345 ^ c740/C1 (sky130_fd_sc_hd__a2111o_1)
     1    0.005859    0.113737    0.392985   10.607330 ^ c740/X (sky130_fd_sc_hd__a2111o_1)
                                                         net587 (net)
                      0.113737    0.000381   10.607712 ^ c743/RESET_B (sky130_fd_sc_hd__dfbbn_1)
                                             10.607712   data arrival time

                                  4.000000    4.000000   clock clk (fall edge)
                                  0.000000    4.000000   clock source latency
     2    0.041586    0.181554    0.131012    4.131011 v clk (in)
                                                         clk (net)
                      0.182082    0.000000    4.131011 v clkbuf_0_clk/A (sky130_fd_sc_hd__clkbuf_16)
    33    0.201994    0.220903    0.455777    4.586788 v clkbuf_0_clk/X (sky130_fd_sc_hd__clkbuf_16)
                                                         clknet_0_clk (net)
                      0.223031    0.017318    4.604106 v clkbuf_4_13_0_clk/A (sky130_fd_sc_hd__clkbuf_8)
     9    0.035044    0.090763    0.356941    4.961048 v clkbuf_4_13_0_clk/X (sky130_fd_sc_hd__clkbuf_8)
                                                         clknet_4_13_0_clk (net)
                      0.090811    0.001871    4.962919 v c743/CLK_N (sky130_fd_sc_hd__dfbbn_1)
                                 -0.250000    4.712919   clock uncertainty
                                  0.000000    4.712919   clock reconvergence pessimism
                                 -0.114473    4.598446   library recovery time
                                              4.598446   data required time
---------------------------------------------------------------------------------------------
                                              4.598446   data required time
                                            -10.607712   data arrival time
---------------------------------------------------------------------------------------------
                                             -6.009265   slack (VIOLATED)


Startpoint: s802 (negative level-sensitive latch clocked by clk)
Endpoint: out14 (output port clocked by clk)
Path Group: clk
Path Type: max

Fanout         Cap        Slew       Delay        Time   Description
---------------------------------------------------------------------------------------------
                                  4.000000    4.000000   clock clk (fall edge)
                                  0.000000    4.000000   clock source latency
     2    0.041586    0.181554    0.131012    4.131011 v clk (in)
                                                         clk (net)
                      0.182082    0.000000    4.131011 v clkbuf_0_clk/A (sky130_fd_sc_hd__clkbuf_16)
    33    0.201994    0.220903    0.455777    4.586788 v clkbuf_0_clk/X (sky130_fd_sc_hd__clkbuf_16)
                                                         clknet_0_clk (net)
                      0.222438    0.014784    4.601573 v clkbuf_4_3_0_clk/A (sky130_fd_sc_hd__clkbuf_8)
    10    0.040173    0.098642    0.363390    4.964962 v clkbuf_4_3_0_clk/X (sky130_fd_sc_hd__clkbuf_8)
                                                         clknet_4_3_0_clk (net)
                      0.098706    0.002252    4.967214 v s802/GATE_N (sky130_fd_sc_hd__dlxbn_1)
                                  3.680892    8.648107   time given to startpoint
                      0.141922    0.000000    8.648107 v s802/D (sky130_fd_sc_hd__dlxbn_1)
     3    0.015950    0.161183    0.610010    9.258117 v s802/Q (sky130_fd_sc_hd__dlxbn_1)
                                                         net663 (net)
                      0.161188    0.001123    9.259239 v c440/C_N (sky130_fd_sc_hd__or3b_4)
     4    0.023805    0.143156    0.569192    9.828431 ^ c440/X (sky130_fd_sc_hd__or3b_4)
                                                         net329 (net)
                      0.143172    0.001599    9.830029 ^ c441/C (sky130_fd_sc_hd__nor3_4)
     4    0.017457    0.109855    0.111566    9.941595 v c441/Y (sky130_fd_sc_hd__nor3_4)
                                                         net811 (net)
                      0.109857    0.000732    9.942327 v c445/C (sky130_fd_sc_hd__or3_2)
     5    0.026944    0.289137    1.193057   11.135385 v c445/X (sky130_fd_sc_hd__or3_2)
                                                         net798 (net)
                      0.289139    0.001491   11.136876 v c452/B (sky130_fd_sc_hd__nor3b_2)
     2    0.011603    0.395869    0.495699   11.632575 ^ c452/Y (sky130_fd_sc_hd__nor3b_2)
                                                         net339 (net)
                      0.395869    0.000973   11.633549 ^ c458/A (sky130_fd_sc_hd__nand3_2)
     5    0.033723    0.468005    0.513299   12.146848 v c458/Y (sky130_fd_sc_hd__nand3_2)
                                                         net761 (net)
                      0.468090    0.005235   12.152082 v output69/A (sky130_fd_sc_hd__buf_2)
     1    0.034103    0.166871    0.532978   12.685061 v output69/X (sky130_fd_sc_hd__buf_2)
                                                         out14 (net)
                      0.166885    0.001640   12.686701 v out14 (out)
                                             12.686701   data arrival time

                                  8.000000    8.000000   clock clk (rise edge)
                                  0.000000    8.000000   clock network delay (propagated)
                                 -0.250000    7.750000   clock uncertainty
                                  0.000000    7.750000   clock reconvergence pessimism
                                 -1.600000    6.150000   output external delay
                                              6.150000   data required time
---------------------------------------------------------------------------------------------
                                              6.150000   data required time
                                            -12.686701   data arrival time
---------------------------------------------------------------------------------------------
                                             -6.536701   slack (VIOLATED)




===========================================================================
report_checks --slack_max -0.01
============================================================================
======================= max_ss_100C_1v60 Corner ===================================

Startpoint: in12 (input port clocked by clk)
Endpoint: c743 (recovery check against falling-edge clock clk)
Path Group: asynchronous
Path Type: max

Fanout         Cap        Slew       Delay        Time   Description
---------------------------------------------------------------------------------------------
                                  0.000000    0.000000   clock clk (rise edge)
                                  0.000000    0.000000   clock network delay (propagated)
                                  1.600000    1.600000 v input external delay
     2    0.003819    0.022423    0.012483    1.612483 v in12 (in)
                                                         in12 (net)
                      0.022424    0.000000    1.612483 v input5/A (sky130_fd_sc_hd__buf_1)
     2    0.018826    0.219535    0.269258    1.881742 v input5/X (sky130_fd_sc_hd__buf_1)
                                                         net697 (net)
                      0.219642    0.002579    1.884321 v c132/A (sky130_fd_sc_hd__or2_4)
     7    0.039409    0.158295    0.638069    2.522390 v c132/X (sky130_fd_sc_hd__or2_4)
                                                         net59 (net)
                      0.158325    0.002144    2.524534 v fanout134/A (sky130_fd_sc_hd__buf_12)
    21    0.110023    0.116108    0.324507    2.849041 v fanout134/X (sky130_fd_sc_hd__buf_12)
                                                         net826 (net)
                      0.116877    0.007684    2.856725 v c133/B_N (sky130_fd_sc_hd__nor2b_4)
     3    0.006969    0.121215    0.248556    3.105281 v c133/Y (sky130_fd_sc_hd__nor2b_4)
                                                         net60 (net)
                      0.121215    0.000211    3.105491 v c134/B_N (sky130_fd_sc_hd__or2b_4)
     4    0.028525    0.153200    0.494252    3.599744 ^ c134/X (sky130_fd_sc_hd__or2b_4)
                                                         net61 (net)
                      0.153201    0.000806    3.600549 ^ c145/B_N (sky130_fd_sc_hd__or2b_4)
     4    0.016906    0.110717    0.584471    4.185020 v c145/X (sky130_fd_sc_hd__or2b_4)
                                                         net71 (net)
                      0.110721    0.000829    4.185849 v c148/B (sky130_fd_sc_hd__nand2_1)
     2    0.009604    0.164470    0.187075    4.372924 ^ c148/Y (sky130_fd_sc_hd__nand2_1)
                                                         net74 (net)
                      0.164470    0.000361    4.373284 ^ c149/A (sky130_fd_sc_hd__or3b_4)
     2    0.022123    0.136777    0.323662    4.696947 ^ c149/X (sky130_fd_sc_hd__or3b_4)
                                                         net75 (net)
                      0.136782    0.001033    4.697979 ^ c151/B (sky130_fd_sc_hd__nor2_8)
     5    0.024025    0.088290    0.095632    4.793612 v c151/Y (sky130_fd_sc_hd__nor2_8)
                                                         net77 (net)
                      0.088291    0.001093    4.794705 v c152/D1 (sky130_fd_sc_hd__o2111a_1)
     2    0.004014    0.083356    0.226408    5.021112 v c152/X (sky130_fd_sc_hd__o2111a_1)
                                                         net78 (net)
                      0.083356    0.000248    5.021360 v rebuffer15/A (sky130_fd_sc_hd__dlymetal6s2s_1)
     1    0.003690    0.080714    0.290041    5.311402 v rebuffer15/X (sky130_fd_sc_hd__dlymetal6s2s_1)
                                                         net841 (net)
                      0.080714    0.000242    5.311644 v c153/B (sky130_fd_sc_hd__or3_4)
     2    0.021149    0.167165    0.801574    6.113219 v c153/X (sky130_fd_sc_hd__or3_4)
                                                         net79 (net)
                      0.167176    0.001555    6.114774 v rebuffer4/A (sky130_fd_sc_hd__dlygate4sd1_1)
     2    0.010050    0.120736    0.579766    6.694540 v rebuffer4/X (sky130_fd_sc_hd__dlygate4sd1_1)
                                                         net830 (net)
                      0.120739    0.000804    6.695344 v c405/B (sky130_fd_sc_hd__and2_1)
     5    0.033662    0.317831    0.556752    7.252097 v c405/X (sky130_fd_sc_hd__and2_1)
                                                         net292 (net)
                      0.317840    0.002013    7.254109 v fanout129/A (sky130_fd_sc_hd__buf_4)
    21    0.103774    0.237145    0.529353    7.783463 v fanout129/X (sky130_fd_sc_hd__buf_4)
                                                         net821 (net)
                      0.238769    0.015206    7.798668 v c464/B (sky130_fd_sc_hd__or2_4)
    19    0.062660    0.209391    0.659187    8.457856 v c464/X (sky130_fd_sc_hd__or2_4)
                                                         net352 (net)
                      0.209686    0.007010    8.464866 v c731/A0 (sky130_fd_sc_hd__mux4_1)
     1    0.002616    0.148861    1.147774    9.612639 v c731/X (sky130_fd_sc_hd__mux4_1)
                                                         net578 (net)
                      0.148861    0.000190    9.612830 v c738/B (sky130_fd_sc_hd__nor3b_1)
     2    0.010175    0.611661    0.601170   10.214000 ^ c738/Y (sky130_fd_sc_hd__nor3b_1)
                                                         net585 (net)
                      0.611661    0.000346   10.214345 ^ c740/C1 (sky130_fd_sc_hd__a2111o_1)
     1    0.005859    0.113737    0.392985   10.607330 ^ c740/X (sky130_fd_sc_hd__a2111o_1)
                                                         net587 (net)
                      0.113737    0.000381   10.607712 ^ c743/RESET_B (sky130_fd_sc_hd__dfbbn_1)
                                             10.607712   data arrival time

                                  4.000000    4.000000   clock clk (fall edge)
                                  0.000000    4.000000   clock source latency
     2    0.041586    0.181554    0.131012    4.131011 v clk (in)
                                                         clk (net)
                      0.182082    0.000000    4.131011 v clkbuf_0_clk/A (sky130_fd_sc_hd__clkbuf_16)
    33    0.201994    0.220903    0.455777    4.586788 v clkbuf_0_clk/X (sky130_fd_sc_hd__clkbuf_16)
                                                         clknet_0_clk (net)
                      0.223031    0.017318    4.604106 v clkbuf_4_13_0_clk/A (sky130_fd_sc_hd__clkbuf_8)
     9    0.035044    0.090763    0.356941    4.961048 v clkbuf_4_13_0_clk/X (sky130_fd_sc_hd__clkbuf_8)
                                                         clknet_4_13_0_clk (net)
                      0.090811    0.001871    4.962919 v c743/CLK_N (sky130_fd_sc_hd__dfbbn_1)
                                 -0.250000    4.712919   clock uncertainty
                                  0.000000    4.712919   clock reconvergence pessimism
                                 -0.114473    4.598446   library recovery time
                                              4.598446   data required time
---------------------------------------------------------------------------------------------
                                              4.598446   data required time
                                            -10.607712   data arrival time
---------------------------------------------------------------------------------------------
                                             -6.009265   slack (VIOLATED)


Startpoint: s802 (negative level-sensitive latch clocked by clk)
Endpoint: out14 (output port clocked by clk)
Path Group: clk
Path Type: max

Fanout         Cap        Slew       Delay        Time   Description
---------------------------------------------------------------------------------------------
                                  4.000000    4.000000   clock clk (fall edge)
                                  0.000000    4.000000   clock source latency
     2    0.041586    0.181554    0.131012    4.131011 v clk (in)
                                                         clk (net)
                      0.182082    0.000000    4.131011 v clkbuf_0_clk/A (sky130_fd_sc_hd__clkbuf_16)
    33    0.201994    0.220903    0.455777    4.586788 v clkbuf_0_clk/X (sky130_fd_sc_hd__clkbuf_16)
                                                         clknet_0_clk (net)
                      0.222438    0.014784    4.601573 v clkbuf_4_3_0_clk/A (sky130_fd_sc_hd__clkbuf_8)
    10    0.040173    0.098642    0.363390    4.964962 v clkbuf_4_3_0_clk/X (sky130_fd_sc_hd__clkbuf_8)
                                                         clknet_4_3_0_clk (net)
                      0.098706    0.002252    4.967214 v s802/GATE_N (sky130_fd_sc_hd__dlxbn_1)
                                  3.680892    8.648107   time given to startpoint
                      0.141922    0.000000    8.648107 v s802/D (sky130_fd_sc_hd__dlxbn_1)
     3    0.015950    0.161183    0.610010    9.258117 v s802/Q (sky130_fd_sc_hd__dlxbn_1)
                                                         net663 (net)
                      0.161188    0.001123    9.259239 v c440/C_N (sky130_fd_sc_hd__or3b_4)
     4    0.023805    0.143156    0.569192    9.828431 ^ c440/X (sky130_fd_sc_hd__or3b_4)
                                                         net329 (net)
                      0.143172    0.001599    9.830029 ^ c441/C (sky130_fd_sc_hd__nor3_4)
     4    0.017457    0.109855    0.111566    9.941595 v c441/Y (sky130_fd_sc_hd__nor3_4)
                                                         net811 (net)
                      0.109857    0.000732    9.942327 v c445/C (sky130_fd_sc_hd__or3_2)
     5    0.026944    0.289137    1.193057   11.135385 v c445/X (sky130_fd_sc_hd__or3_2)
                                                         net798 (net)
                      0.289139    0.001491   11.136876 v c452/B (sky130_fd_sc_hd__nor3b_2)
     2    0.011603    0.395869    0.495699   11.632575 ^ c452/Y (sky130_fd_sc_hd__nor3b_2)
                                                         net339 (net)
                      0.395869    0.000973   11.633549 ^ c458/A (sky130_fd_sc_hd__nand3_2)
     5    0.033723    0.468005    0.513299   12.146848 v c458/Y (sky130_fd_sc_hd__nand3_2)
                                                         net761 (net)
                      0.468090    0.005235   12.152082 v output69/A (sky130_fd_sc_hd__buf_2)
     1    0.034103    0.166871    0.532978   12.685061 v output69/X (sky130_fd_sc_hd__buf_2)
                                                         out14 (net)
                      0.166885    0.001640   12.686701 v out14 (out)
                                             12.686701   data arrival time

                                  8.000000    8.000000   clock clk (rise edge)
                                  0.000000    8.000000   clock network delay (propagated)
                                 -0.250000    7.750000   clock uncertainty
                                  0.000000    7.750000   clock reconvergence pessimism
                                 -1.600000    6.150000   output external delay
                                              6.150000   data required time
---------------------------------------------------------------------------------------------
                                              6.150000   data required time
                                            -12.686701   data arrival time
---------------------------------------------------------------------------------------------
                                             -6.536701   slack (VIOLATED)




===========================================================================
 report_check_types -max_slew -max_cap -max_fanout -violators
============================================================================
======================= max_ss_100C_1v60 Corner ===================================

max slew

Pin                                        Limit        Slew       Slack
------------------------------------------------------------------------
c618/C                                  0.750000    0.945811   -0.195811 (VIOLATED)
ANTENNA_c618_C/DIODE                    0.750000    0.945808   -0.195808 (VIOLATED)
ANTENNA_c628_SET_B/DIODE                0.750000    0.945803   -0.195803 (VIOLATED)
c628/SET_B                              0.750000    0.945800   -0.195800 (VIOLATED)
c629/D                                  0.750000    0.945795   -0.195795 (VIOLATED)
ANTENNA_c629_D/DIODE                    0.750000    0.945794   -0.195794 (VIOLATED)
c627/B                                  0.750000    0.945784   -0.195784 (VIOLATED)
ANTENNA_c627_B/DIODE                    0.750000    0.945781   -0.195781 (VIOLATED)
c635/C                                  0.750000    0.945767   -0.195767 (VIOLATED)
ANTENNA_c635_C/DIODE                    0.750000    0.945766   -0.195766 (VIOLATED)
merge759/SET_B                          0.750000    0.945738   -0.195738 (VIOLATED)
ANTENNA_merge759_SET_B/DIODE            0.750000    0.945732   -0.195732 (VIOLATED)
ANTENNA_c109_Y/DIODE                    0.750000    0.945677   -0.195677 (VIOLATED)
c109/Y                                  0.750000    0.945675   -0.195675 (VIOLATED)
c245/A                                  0.750000    0.935197   -0.185197 (VIOLATED)
ANTENNA_c245_A/DIODE                    0.750000    0.935195   -0.185195 (VIOLATED)
c244/B                                  0.750000    0.935184   -0.185184 (VIOLATED)
ANTENNA_c244_B/DIODE                    0.750000    0.935184   -0.185184 (VIOLATED)
c238/B                                  0.750000    0.935169   -0.185169 (VIOLATED)
ANTENNA_c238_B/DIODE                    0.750000    0.935166   -0.185166 (VIOLATED)
c223/B1                                 0.750000    0.935120   -0.185120 (VIOLATED)
ANTENNA_c223_B1/DIODE                   0.750000    0.935119   -0.185119 (VIOLATED)
c85/B                                   0.750000    0.935078   -0.185078 (VIOLATED)
ANTENNA_c85_B/DIODE                     0.750000    0.935069   -0.185069 (VIOLATED)
ANTENNA_c84_Y/DIODE                     0.750000    0.935058   -0.185058 (VIOLATED)
c84/Y                                   0.750000    0.935056   -0.185056 (VIOLATED)
c337/A                                  0.750000    0.871104   -0.121104 (VIOLATED)
ANTENNA_c337_A/DIODE                    0.750000    0.871103   -0.121103 (VIOLATED)
c351/B                                  0.750000    0.871103   -0.121103 (VIOLATED)
ANTENNA_c351_B/DIODE                    0.750000    0.871103   -0.121103 (VIOLATED)
c203/B                                  0.750000    0.871101   -0.121101 (VIOLATED)
ANTENNA_c203_B/DIODE                    0.750000    0.871100   -0.121100 (VIOLATED)
ANTENNA_c87_Y/DIODE                     0.750000    0.871096   -0.121096 (VIOLATED)
c87/Y                                   0.750000    0.871096   -0.121096 (VIOLATED)
c699/D                                  0.750000    0.830488   -0.080488 (VIOLATED)
c693/SCD                                0.750000    0.830488   -0.080488 (VIOLATED)
ANTENNA_c699_D/DIODE                    0.750000    0.830486   -0.080486 (VIOLATED)
ANTENNA_c693_SCD/DIODE                  0.750000    0.830484   -0.080484 (VIOLATED)
c672/SET_B                              0.750000    0.830469   -0.080469 (VIOLATED)
ANTENNA_c672_SET_B/DIODE                0.750000    0.830468   -0.080468 (VIOLATED)
merge768/D                              0.750000    0.830432   -0.080432 (VIOLATED)
ANTENNA_merge768_D/DIODE                0.750000    0.830414   -0.080414 (VIOLATED)
ANTENNA_c417_S1/DIODE                   0.750000    0.830343   -0.080343 (VIOLATED)
c417/S1                                 0.750000    0.830325   -0.080325 (VIOLATED)
ANTENNA_c407_Y/DIODE                    0.750000    0.830312   -0.080312 (VIOLATED)
c407/Y                                  0.750000    0.830310   -0.080310 (VIOLATED)
c750/A1                                 0.750000    0.796011   -0.046011 (VIOLATED)
ANTENNA_c632_SET_B/DIODE                0.750000    0.796010   -0.046010 (VIOLATED)
ANTENNA_c750_A1/DIODE                   0.750000    0.796010   -0.046010 (VIOLATED)
c632/SET_B                              0.750000    0.796010   -0.046010 (VIOLATED)
merge776/A2                             0.750000    0.796009   -0.046009 (VIOLATED)
ANTENNA_merge776_A2/DIODE               0.750000    0.796008   -0.046008 (VIOLATED)
ANTENNA_c497_Y/DIODE                    0.750000    0.796001   -0.046001 (VIOLATED)
c497/Y                                  0.750000    0.796001   -0.046001 (VIOLATED)
merge779/S0                             0.750000    0.784113   -0.034113 (VIOLATED)
c496/Y                                  0.750000    0.784112   -0.034112 (VIOLATED)
c499/B                                  0.750000    0.784112   -0.034112 (VIOLATED)
max_cap133/A                            0.750000    0.784112   -0.034112 (VIOLATED)
output113/A                             0.750000    0.762077   -0.012077 (VIOLATED)
ANTENNA_output113_A/DIODE               0.750000    0.762076   -0.012076 (VIOLATED)
c115/B                                  0.750000    0.762075   -0.012075 (VIOLATED)
ANTENNA_c115_B/DIODE                    0.750000    0.762074   -0.012074 (VIOLATED)
c359/RESET_B                            0.750000    0.762059   -0.012059 (VIOLATED)
ANTENNA_c359_RESET_B/DIODE              0.750000    0.762058   -0.012058 (VIOLATED)
c250/B                                  0.750000    0.762057   -0.012057 (VIOLATED)
ANTENNA_c250_B/DIODE                    0.750000    0.762056   -0.012056 (VIOLATED)
c204/B                                  0.750000    0.762023   -0.012023 (VIOLATED)
ANTENNA_c204_B/DIODE                    0.750000    0.762004   -0.012004 (VIOLATED)
ANTENNA_c79_Y/DIODE                     0.750000    0.761986   -0.011986 (VIOLATED)
c79/Y                                   0.750000    0.761980   -0.011980 (VIOLATED)

max fanout

Pin                                   Limit Fanout  Slack
---------------------------------------------------------
clkbuf_0_clk/X                           10     33    -23 (VIOLATED)
clkbuf_4_6_0_clk/X                       10     23    -13 (VIOLATED)
c560/X                                   10     21    -11 (VIOLATED)
clkbuf_4_11_0_clk/X                      10     21    -11 (VIOLATED)
fanout125/X                              10     21    -11 (VIOLATED)
fanout129/X                              10     21    -11 (VIOLATED)
fanout134/X                              10     21    -11 (VIOLATED)
c118/X                                   10     19     -9 (VIOLATED)
c167/Y                                   10     19     -9 (VIOLATED)
c327/X                                   10     19     -9 (VIOLATED)
c464/X                                   10     19     -9 (VIOLATED)
c530/Y                                   10     19     -9 (VIOLATED)
c188/X                                   10     17     -7 (VIOLATED)
c231/Y                                   10     17     -7 (VIOLATED)
c276/Y                                   10     17     -7 (VIOLATED)
c323/X                                   10     17     -7 (VIOLATED)
c453/Y                                   10     17     -7 (VIOLATED)
clkbuf_4_10_0_clk/X                      10     17     -7 (VIOLATED)
clkbuf_4_8_0_clk/X                       10     17     -7 (VIOLATED)
input56/X                                10     17     -7 (VIOLATED)
c279/X                                   10     15     -5 (VIOLATED)
c284/X                                   10     15     -5 (VIOLATED)
c325/X                                   10     15     -5 (VIOLATED)
c397/Y                                   10     15     -5 (VIOLATED)
c404/X                                   10     15     -5 (VIOLATED)
c449/X                                   10     15     -5 (VIOLATED)
c67/X                                    10     15     -5 (VIOLATED)
c99/X                                    10     15     -5 (VIOLATED)
clkbuf_4_2_0_clk/X                       10     15     -5 (VIOLATED)
input1/X                                 10     15     -5 (VIOLATED)
c109/Y                                   10     13     -3 (VIOLATED)
c207/X                                   10     13     -3 (VIOLATED)
c210/X                                   10     13     -3 (VIOLATED)
c229/Y                                   10     13     -3 (VIOLATED)
c435/X                                   10     13     -3 (VIOLATED)
c588/X                                   10     13     -3 (VIOLATED)
c65/Y                                    10     13     -3 (VIOLATED)
c680/X                                   10     13     -3 (VIOLATED)
c98/Y                                    10     13     -3 (VIOLATED)
input15/X                                10     13     -3 (VIOLATED)
input45/X                                10     13     -3 (VIOLATED)
input50/X                                10     13     -3 (VIOLATED)
c104/Y                                   10     11        (VIOLATED)
c213/Y                                   10     11        (VIOLATED)
c338/X                                   10     11        (VIOLATED)
c398/X                                   10     11        (VIOLATED)
c400/X                                   10     11        (VIOLATED)
c407/Y                                   10     11        (VIOLATED)
c418/X                                   10     11        (VIOLATED)
c424/Y                                   10     11        (VIOLATED)
c479/X                                   10     11        (VIOLATED)
c62/Y                                    10     11        (VIOLATED)
c686/Y                                   10     11        (VIOLATED)
c78/Y                                    10     11        (VIOLATED)
c79/Y                                    10     11        (VIOLATED)
c84/Y                                    10     11        (VIOLATED)
clkbuf_4_5_0_clk/X                       10     11        (VIOLATED)
input16/X                                10     11        (VIOLATED)
input29/X                                10     11        (VIOLATED)
input39/X                                10     11        (VIOLATED)
input46/X                                10     11        (VIOLATED)
input55/X                                10     11        (VIOLATED)
max_cap128/X                             10     11        (VIOLATED)

max capacitance

Pin                                        Limit         Cap       Slack
------------------------------------------------------------------------
clkbuf_0_clk/X                          0.200000    0.209774   -0.009774 (VIOLATED)



===========================================================================
report_parasitic_annotation -report_unannotated
============================================================================
Found 32 unannotated drivers.
 rst
 c214/Q_N
 c235/Q_N
 c307/Q_N
 c359/Q_N
 c393/Q_N
 c421/Q_N
 c439/Q_N
 c463/Q_N
 c470/Q_N
 c481/Q_N
 c483/Q_N
 c539/Q_N
 c569/Q_N
 c578/Q_N
 c585/Q_N
 c614/Q_N
 c615/Q_N
 c628/Q_N
 c632/Q_N
 c633/Q_N
 c685/Q_N
 c691/Q_N
 c724/Q_N
 c743/Q_N
 c745/Q_N
 c747/Q_N
 s795/Q_N
 s811/Q_N
 s818/Q_N
 s819/Q
 s819/Q_N
Found 0 partially unannotated drivers.

===========================================================================
max slew violation count 70
max fanout violation count 63
max cap violation count 1
============================================================================

===========================================================================
check_setup -verbose -unconstrained_endpoints -multiple_clock -no_clock -no_input_delay -loops -generated_clocks
===========================================================================
Warning: There are 7 unconstrained endpoints.
  out41
  out48
  out61
  merge757/SCD
  merge767/SCD
  merge774/SCE
  merge787/D
